 PhysXCooking_64

 Timestamp is 653804cf (Tue Oct 24 19:54:23 2023)

 Preferred load address is 0000000180000000

 Start         Length     Name                   Class
 0001:00000000 00000060H .text$di                CODE
 0001:00000060 0001ed40H .text$mn                CODE
 0001:0001eda0 00000040H .text$mn$00             CODE
 0001:0001ede0 00000680H .text$x                 CODE
 0002:00000000 00000278H .idata$5                DATA
 0002:00000278 00000038H .00cfg                  DATA
 0002:000002b0 00000008H .CRT$XCA                DATA
 0002:000002b8 00000030H .CRT$XCU                DATA
 0002:000002e8 00000008H .CRT$XCZ                DATA
 0002:000002f0 00000008H .CRT$XIA                DATA
 0002:000002f8 00000018H .CRT$XIC                DATA
 0002:00000310 00000008H .CRT$XIZ                DATA
 0002:00000318 00000008H .CRT$XPA                DATA
 0002:00000320 00000010H .CRT$XPX                DATA
 0002:00000330 00000008H .CRT$XPXA               DATA
 0002:00000338 00000008H .CRT$XPZ                DATA
 0002:00000340 00000008H .CRT$XTA                DATA
 0002:00000348 00000008H .CRT$XTZ                DATA
 0002:00000350 00000000H .gehcont$y              DATA
 0002:00000350 00000000H .gfids$y                DATA
 0002:00000350 00008db0H .rdata                  DATA
 0002:00009100 00000000H .rdata$CastGuardVftablesA DATA
 0002:00009100 00000000H .rdata$CastGuardVftablesC DATA
 0002:00009100 0000043cH .rdata$r                DATA
 0002:0000953c 00000280H .rdata$voltmd           DATA
 0002:000097bc 0000040cH .rdata$zzzdbg           DATA
 0002:00009bc8 00000008H .rtc$IAA                DATA
 0002:00009bd0 00000008H .rtc$IZZ                DATA
 0002:00009bd8 00000008H .rtc$TAA                DATA
 0002:00009be0 00000008H .rtc$TZZ                DATA
 0002:00009be8 000015f8H .xdata                  DATA
 0002:0000b1e0 00000084H .xdata$x                DATA
 0002:0000b264 00000040H .didat$2                DATA
 0002:0000b2a4 00000024H .didat$3                DATA
 0002:0000b2c8 000000d8H .didat$4                DATA
 0002:0000b3a0 00000280H .didat$6                DATA
 0002:0000b620 000000e0H .didat$7                DATA
 0002:0000b700 00000b04H .edata                  DATA
 0002:0000c204 00000014H .idata$2                DATA
 0002:0000c218 00000018H .idata$3                DATA
 0002:0000c230 00000278H .idata$4                DATA
 0002:0000c4a8 000005aeH .idata$6                DATA
 0003:00000000 00000a00H .data                   DATA
 0003:00000a00 000000e0H .data$r                 DATA
 0003:00000ae0 000000f0H .data$rs                DATA
 0003:00000bd0 000000e0H .didat$5                DATA
 0003:00000cb0 00001270H .bss                    DATA
 0004:00000000 00001908H .pdata                  DATA
 0005:00000000 0000015cH _RDATA                  DATA
 0006:00000000 000000a0H .rsrc$01                DATA
 0006:000000a0 000004b0H .rsrc$02                DATA

  Address         Publics by Value              Rva+Base               Lib:Object

 0000:00000000       __AbsoluteZero             0000000000000000     <absolute>
 0000:00000000       ___safe_se_handler_count   0000000000000000     <absolute>
 0000:00000000       ___safe_se_handler_table   0000000000000000     <absolute>
 0000:00000000       __arm64x_extra_rfe_table   0000000000000000     <absolute>
 0000:00000000       __arm64x_extra_rfe_table_size 0000000000000000     <absolute>
 0000:00000000       __arm64x_native_entrypoint 0000000000000000     <absolute>
 0000:00000000       __arm64x_redirection_metadata 0000000000000000     <absolute>
 0000:00000000       __arm64x_redirection_metadata_count 0000000000000000     <absolute>
 0000:00000000       __dynamic_value_reloc_table 0000000000000000     <absolute>
 0000:00000000       __enclave_config           0000000000000000     <absolute>
 0000:00000000       __guard_check_icall_a64n_fptr 0000000000000000     <absolute>
 0000:00000000       __guard_eh_cont_count      0000000000000000     <absolute>
 0000:00000000       __guard_eh_cont_table      0000000000000000     <absolute>
 0000:00000000       __guard_fids_count         0000000000000000     <absolute>
 0000:00000000       __guard_fids_table         0000000000000000     <absolute>
 0000:00000000       __guard_iat_count          0000000000000000     <absolute>
 0000:00000000       __guard_iat_table          0000000000000000     <absolute>
 0000:00000000       __guard_longjmp_count      0000000000000000     <absolute>
 0000:00000000       __guard_longjmp_table      0000000000000000     <absolute>
 0000:00000000       __hybrid_auxiliary_delayload_iat 0000000000000000     <absolute>
 0000:00000000       __hybrid_auxiliary_delayload_iat_copy 0000000000000000     <absolute>
 0000:00000000       __hybrid_auxiliary_iat     0000000000000000     <absolute>
 0000:00000000       __hybrid_auxiliary_iat_copy 0000000000000000     <absolute>
 0000:00000000       __hybrid_code_map          0000000000000000     <absolute>
 0000:00000000       __hybrid_code_map_count    0000000000000000     <absolute>
 0000:00000000       __hybrid_image_info_bitfield 0000000000000000     <absolute>
 0000:00000000       __x64_code_ranges_to_entry_points 0000000000000000     <absolute>
 0000:00000000       __x64_code_ranges_to_entry_points_count 0000000000000000     <absolute>
 0000:00000100       __guard_flags              0000000000000100     <absolute>
 0000:00000000       __ImageBase                0000000180000000     <linker-defined>
 0001:00000060       ??$copy@V?$PxReflectionAllocator@USlab@NodeAllocator@Gu@physx@@@physx@@@?$PxArray@USlab@NodeAllocator@Gu@physx@@V?$PxReflectionAllocator@USlab@NodeAllocator@Gu@physx@@@4@@physx@@IEAAXAEBV01@@Z 0000000180001060 f i Cooking.obj
 0001:000000e0       ??0AABBTreeBounds@Gu@physx@@QEAA@XZ 00000001800010e0 f i Cooking.obj
 0001:000000f0       ??0AABBTreeBuildNode@Gu@physx@@QEAA@AEBV012@@Z 00000001800010f0 f i Cooking.obj
 0001:000000f0       ??4AABBTreeBuildNode@Gu@physx@@QEAAAEAV012@AEBV012@@Z 00000001800010f0 f i Cooking.obj
 0001:00000130       ??0AABBTreeBuildNode@Gu@physx@@QEAA@XZ 0000000180001130 f i Cooking.obj
 0001:00000130       ??4PxFoundation@physx@@QEAAAEAV01@AEBV01@@Z 0000000180001130 f i Cooking.obj
 0001:00000130       ?getAABB@AABBTreeBuildNode@Gu@physx@@QEBAAEBVPxBounds3@3@XZ 0000000180001130 f i Cooking.obj
 0001:00000140       ??0AABBTreeBuildParams@Gu@physx@@QEAA@IIPEBVAABBTreeBounds@12@W4BVHBuildStrategy@12@@Z 0000000180001140 f i Cooking.obj
 0001:00000160       ??0NodeAllocator@Gu@physx@@QEAA@AEBV012@@Z 0000000180001160 f i Cooking.obj
 0001:000001a0       ??0PxFoundation@physx@@QEAA@AEBV01@@Z 00000001800011a0 f i Cooking.obj
 0001:000001a0       ??0PxFoundation@physx@@QEAA@XZ 00000001800011a0 f i Cooking.obj
 0001:000001b0       ??1AABBTreeBounds@Gu@physx@@QEAA@XZ 00000001800011b0 f i Cooking.obj
 0001:000001c0       ??1AABBTreeBuildNode@Gu@physx@@QEAA@XZ 00000001800011c0 f i Cooking.obj
 0001:000001c0       _guard_check_icall_nop     00000001800011c0 f i LIBCMT:guard_support.obj
 0001:000001d0       ??1AABBTreeBuildParams@Gu@physx@@QEAA@XZ 00000001800011d0 f i Cooking.obj
 0001:000001d0       ?reset@AABBTreeBuildParams@Gu@physx@@QEAAXXZ 00000001800011d0 f i Cooking.obj
 0001:00000220       ??1PxFoundation@physx@@MEAA@XZ 0000000180001220 f i Cooking.obj
 0001:00000230       ??4AABBTreeBounds@Gu@physx@@QEAAAEAV012@AEBV012@@Z 0000000180001230 f i Cooking.obj
 0001:00000240       ??4AABBTreeBuildParams@Gu@physx@@QEAAAEAV012@AEBV012@@Z 0000000180001240 f i Cooking.obj
 0001:00000260       ??4NodeAllocator@Gu@physx@@QEAAAEAV012@AEBV012@@Z 0000000180001260 f i Cooking.obj
 0001:00000310       ??_EPxFoundation@physx@@MEAAPEAXI@Z 0000000180001310 f i Cooking.obj
 0001:000003a0       ??_FAABBTreeBuildParams@Gu@physx@@QEAAXXZ 00000001800013a0 f i Cooking.obj
 0001:000003c0       ?allocate@?$PxArray@USlab@NodeAllocator@Gu@physx@@V?$PxReflectionAllocator@USlab@NodeAllocator@Gu@physx@@@4@@physx@@IEAAPEAUSlab@NodeAllocator@Gu@2@I@Z 00000001800013c0 f i Cooking.obj
 0001:00000470       ?getBounds@AABBTreeBounds@Gu@physx@@QEAAPEAVPxBounds3@3@XZ 0000000180001470 f i Cooking.obj
 0001:00000470       ?getBounds@AABBTreeBounds@Gu@physx@@QEBAPEBVPxBounds3@3@XZ 0000000180001470 f i Cooking.obj
 0001:00000480       ?getNbPrimitives@AABBTreeBuildNode@Gu@physx@@QEBAIXZ 0000000180001480 f i Cooking.obj
 0001:00000480       ?getNbRuntimePrimitives@AABBTreeBuildNode@Gu@physx@@QEBAIXZ 0000000180001480 f i Cooking.obj
 0001:00000490       ?getNeg@AABBTreeBuildNode@Gu@physx@@QEBAPEBV123@XZ 0000000180001490 f i Cooking.obj
 0001:000004b0       ?getPos@AABBTreeBuildNode@Gu@physx@@QEBAPEBV123@XZ 00000001800014b0 f i Cooking.obj
 0001:000004c0       ?getPrimitives@AABBTreeBuildNode@Gu@physx@@QEAAPEAIPEAI@Z 00000001800014c0 f i Cooking.obj
 0001:000004c0       ?getPrimitives@AABBTreeBuildNode@Gu@physx@@QEBAPEBIPEBI@Z 00000001800014c0 f i Cooking.obj
 0001:000004d0       ?isLeaf@AABBTreeBuildNode@Gu@physx@@QEBA_NXZ 00000001800014d0 f i Cooking.obj
 0001:000004e0       ?moveFrom@AABBTreeBounds@Gu@physx@@QEAAXAEAV123@@Z 00000001800014e0 f i Cooking.obj
 0001:000004f0       ?ownsMemory@AABBTreeBounds@Gu@physx@@QEBA_NXZ 00000001800014f0 f i Cooking.obj
 0001:00000500       ?recreate@?$PxArray@USlab@NodeAllocator@Gu@physx@@V?$PxReflectionAllocator@USlab@NodeAllocator@Gu@physx@@@4@@physx@@IEAAXI@Z 0000000180001500 f i Cooking.obj
 0001:000005b0       ?setBounds@AABBTreeBounds@Gu@physx@@QEAAXPEAVPxBounds3@3@@Z 00000001800015b0 f i Cooking.obj
 0001:000005c0       ?setNbRunTimePrimitives@AABBTreeBuildNode@Gu@physx@@QEAAXI@Z 00000001800015c0 f i Cooking.obj
 0001:000005d0       ?takeOwnership@AABBTreeBounds@Gu@physx@@QEAAXXZ 00000001800015d0 f i Cooking.obj
 0001:000005e0       PxAssembleSoftBodyMesh     00000001800015e0 f   Cooking.obj
 0001:000005f0       PxAssembleSoftBodyMesh_Sim 00000001800015f0 f   Cooking.obj
 0001:00000600       PxComputeCollisionData     0000000180001600 f   Cooking.obj
 0001:00000610       PxComputeHullPolygons      0000000180001610 f   Cooking.obj
 0001:00000620       PxComputeModelsMapping     0000000180001620 f   Cooking.obj
 0001:00000630       PxComputeSimulationData    0000000180001630 f   Cooking.obj
 0001:00000640       PxCookBVH                  0000000180001640 f   Cooking.obj
 0001:00000650       PxCookConvexMesh           0000000180001650 f   Cooking.obj
 0001:00000660       PxCookHeightField          0000000180001660 f   Cooking.obj
 0001:00000670       PxCookSoftBodyMesh         0000000180001670 f   Cooking.obj
 0001:00000680       PxCookTetrahedronMesh      0000000180001680 f   Cooking.obj
 0001:00000690       PxCookTriangleMesh         0000000180001690 f   Cooking.obj
 0001:000006a0       PxCreateBVH                00000001800016a0 f   Cooking.obj
 0001:000006b0       PxCreateBVHInternal        00000001800016b0 f   Cooking.obj
 0001:00000760       PxCreateConvexMesh         0000000180001760 f   Cooking.obj
 0001:00000770       PxCreateHeightField        0000000180001770 f   Cooking.obj
 0001:00000780       PxCreateSoftBodyMesh       0000000180001780 f   Cooking.obj
 0001:00000790       PxCreateTetrahedronMesh    0000000180001790 f   Cooking.obj
 0001:000007a0       PxCreateTriangleMesh       00000001800017a0 f   Cooking.obj
 0001:000007b0       PxCreateTriangleMeshInternal 00000001800017b0 f   Cooking.obj
 0001:00000850       PxGetStandaloneInsertionCallback 0000000180001850 f   Cooking.obj
 0001:00000860       PxValidateConvexMesh       0000000180001860 f   Cooking.obj
 0001:00000870       PxValidateTriangleMesh     0000000180001870 f   Cooking.obj
 0001:00000880       ?cookingDelayHook@@YAP6A_JXZIPEAUDelayLoadInfo@@@Z 0000000180001880 f   WindowsCookingDelayLoadHook.obj
 0001:00000960       PxSetPhysXCookingDelayLoadHook 0000000180001960 f   WindowsCookingDelayLoadHook.obj
 0001:00000968       __imp_load_getInsertionCallback 0000000180001968 f   PhysXCommon_64:PhysXCommon_64.dll
 0001:00000974       getInsertionCallback       0000000180001974 f   PhysXCommon_64:PhysXCommon_64.dll
 0001:0000097a       __tailMerge_physxcommon_64_dll 000000018000197a     PhysXCommon_64:PhysXCommon_64.dll
 0001:000009f3       __imp_load_cookBVH         00000001800019f3 f   PhysXCommon_64:PhysXCommon_64.dll
 0001:000009ff       cookBVH                    00000001800019ff f   PhysXCommon_64:PhysXCommon_64.dll
 0001:00000a05       __imp_load_createBVH       0000000180001a05 f   PhysXCommon_64:PhysXCommon_64.dll
 0001:00000a11       createBVH                  0000000180001a11 f   PhysXCommon_64:PhysXCommon_64.dll
 0001:00000a17       __imp_load_cookHeightField 0000000180001a17 f   PhysXCommon_64:PhysXCommon_64.dll
 0001:00000a23       cookHeightField            0000000180001a23 f   PhysXCommon_64:PhysXCommon_64.dll
 0001:00000a29       __imp_load_createHeightField 0000000180001a29 f   PhysXCommon_64:PhysXCommon_64.dll
 0001:00000a35       createHeightField          0000000180001a35 f   PhysXCommon_64:PhysXCommon_64.dll
 0001:00000a3b       __imp_load_cookConvexMesh  0000000180001a3b f   PhysXCommon_64:PhysXCommon_64.dll
 0001:00000a47       cookConvexMesh             0000000180001a47 f   PhysXCommon_64:PhysXCommon_64.dll
 0001:00000a4d       __imp_load_createConvexMesh 0000000180001a4d f   PhysXCommon_64:PhysXCommon_64.dll
 0001:00000a59       createConvexMesh           0000000180001a59 f   PhysXCommon_64:PhysXCommon_64.dll
 0001:00000a5f       __imp_load_validateConvexMesh 0000000180001a5f f   PhysXCommon_64:PhysXCommon_64.dll
 0001:00000a6b       validateConvexMesh         0000000180001a6b f   PhysXCommon_64:PhysXCommon_64.dll
 0001:00000a71       __imp_load_computeHullPolygons 0000000180001a71 f   PhysXCommon_64:PhysXCommon_64.dll
 0001:00000a7d       computeHullPolygons        0000000180001a7d f   PhysXCommon_64:PhysXCommon_64.dll
 0001:00000a83       __imp_load_validateTriangleMesh 0000000180001a83 f   PhysXCommon_64:PhysXCommon_64.dll
 0001:00000a8f       validateTriangleMesh       0000000180001a8f f   PhysXCommon_64:PhysXCommon_64.dll
 0001:00000a95       __imp_load_createTriangleMesh 0000000180001a95 f   PhysXCommon_64:PhysXCommon_64.dll
 0001:00000aa1       createTriangleMesh         0000000180001aa1 f   PhysXCommon_64:PhysXCommon_64.dll
 0001:00000aa7       __imp_load_cookTriangleMesh 0000000180001aa7 f   PhysXCommon_64:PhysXCommon_64.dll
 0001:00000ab3       cookTriangleMesh           0000000180001ab3 f   PhysXCommon_64:PhysXCommon_64.dll
 0001:00000ab9       __imp_load_cookTetrahedronMesh 0000000180001ab9 f   PhysXCommon_64:PhysXCommon_64.dll
 0001:00000ac5       cookTetrahedronMesh        0000000180001ac5 f   PhysXCommon_64:PhysXCommon_64.dll
 0001:00000acb       __imp_load_createTetrahedronMesh 0000000180001acb f   PhysXCommon_64:PhysXCommon_64.dll
 0001:00000ad7       createTetrahedronMesh      0000000180001ad7 f   PhysXCommon_64:PhysXCommon_64.dll
 0001:00000add       __imp_load_cookSoftBodyMesh 0000000180001add f   PhysXCommon_64:PhysXCommon_64.dll
 0001:00000ae9       cookSoftBodyMesh           0000000180001ae9 f   PhysXCommon_64:PhysXCommon_64.dll
 0001:00000aef       __imp_load_createSoftBodyMesh 0000000180001aef f   PhysXCommon_64:PhysXCommon_64.dll
 0001:00000afb       createSoftBodyMesh         0000000180001afb f   PhysXCommon_64:PhysXCommon_64.dll
 0001:00000b01       __imp_load_computeModelsMapping 0000000180001b01 f   PhysXCommon_64:PhysXCommon_64.dll
 0001:00000b0d       computeModelsMapping       0000000180001b0d f   PhysXCommon_64:PhysXCommon_64.dll
 0001:00000b13       __imp_load_computeCollisionData 0000000180001b13 f   PhysXCommon_64:PhysXCommon_64.dll
 0001:00000b1f       computeCollisionData       0000000180001b1f f   PhysXCommon_64:PhysXCommon_64.dll
 0001:00000b25       __imp_load_computeSimulationData 0000000180001b25 f   PhysXCommon_64:PhysXCommon_64.dll
 0001:00000b31       computeSimulationData      0000000180001b31 f   PhysXCommon_64:PhysXCommon_64.dll
 0001:00000b37       __imp_load_assembleSoftBodyMesh 0000000180001b37 f   PhysXCommon_64:PhysXCommon_64.dll
 0001:00000b43       assembleSoftBodyMesh       0000000180001b43 f   PhysXCommon_64:PhysXCommon_64.dll
 0001:00000b49       __imp_load_assembleSoftBodyMesh_Sim 0000000180001b49 f   PhysXCommon_64:PhysXCommon_64.dll
 0001:00000b55       assembleSoftBodyMesh_Sim   0000000180001b55 f   PhysXCommon_64:PhysXCommon_64.dll
 0001:00000b5b       __imp_load_?release@AABBTreeBounds@Gu@physx@@QEAAXXZ 0000000180001b5b f   PhysXCommon_64:PhysXCommon_64.dll
 0001:00000b67       ?release@AABBTreeBounds@Gu@physx@@QEAAXXZ 0000000180001b67 f   PhysXCommon_64:PhysXCommon_64.dll
 0001:00000b6d       __imp_load_??0BVH@Gu@physx@@QEAA@AEBUPxBVHInternalData@2@@Z 0000000180001b6d f   PhysXCommon_64:PhysXCommon_64.dll
 0001:00000b79       ??0BVH@Gu@physx@@QEAA@AEBUPxBVHInternalData@2@@Z 0000000180001b79 f   PhysXCommon_64:PhysXCommon_64.dll
 0001:00000b7f       __imp_load_??0BV4TriangleMesh@Gu@physx@@QEAA@AEBUPxTriangleMeshInternalData@2@@Z 0000000180001b7f f   PhysXCommon_64:PhysXCommon_64.dll
 0001:00000b8b       ??0BV4TriangleMesh@Gu@physx@@QEAA@AEBUPxTriangleMeshInternalData@2@@Z 0000000180001b8b f   PhysXCommon_64:PhysXCommon_64.dll
 0001:00000b91       __imp_load_PxGetBroadcastAllocator 0000000180001b91 f   PhysXFoundation_64:PhysXFoundation_64.dll
 0001:00000b9d       PxGetBroadcastAllocator    0000000180001b9d f   PhysXFoundation_64:PhysXFoundation_64.dll
 0001:00000ba3       __tailMerge_physxfoundation_64_dll 0000000180001ba3     PhysXFoundation_64:PhysXFoundation_64.dll
 0001:00000c1c       ?DloadAcquireSectionWriteAccess@@YAXXZ 0000000180001c1c f i Delayimp:delayhlp.obj
 0001:00000cc8       ?DloadGetSRWLockFunctionPointers@@YAEXZ 0000000180001cc8 f i Delayimp:delayhlp.obj
 0001:00000d68       ?DloadMakePermanentImageCommit@@YAXPEAX_K@Z 0000000180001d68 f i Delayimp:delayhlp.obj
 0001:00000e00       ?DloadObtainSection@@YAPEAXPEAK0@Z 0000000180001e00 f i Delayimp:delayhlp.obj
 0001:00000e9c       ?DloadProtectSection@@YAXKPEAK@Z 0000000180001e9c f i Delayimp:delayhlp.obj
 0001:00000f2c       ?DloadReleaseSectionWriteAccess@@YAXXZ 0000000180001f2c f i Delayimp:delayhlp.obj
 0001:00000fc0       __delayLoadHelper2         0000000180001fc0 f   Delayimp:delayhlp.obj
 0001:00001298       ??3@YAXPEAX@Z              0000000180002298 f   LIBCMT:delete_scalar.obj
 0001:000012a0       ??3@YAXPEAX_K@Z            00000001800022a0 f   LIBCMT:delete_scalar_size.obj
 0001:000012a0       ??_V@YAXPEAX@Z             00000001800022a0 f   LIBCMT:delete_array.obj
 0001:000012a8       ??_V@YAXPEAX_K@Z           00000001800022a8 f   LIBCMT:delete_array_size.obj
 0001:000012b0       ??_Etype_info@@UEAAPEAXI@Z 00000001800022b0 f i LIBCMT:std_type_info_static.obj
 0001:000012b0       ??_Gtype_info@@UEAAPEAXI@Z 00000001800022b0 f i LIBCMT:std_type_info_static.obj
 0001:000012dc       ?__scrt_initialize_type_info@@YAXXZ 00000001800022dc f   LIBCMT:tncleanup.obj
 0001:000012ec       ?__scrt_uninitialize_type_info@@YAXXZ 00000001800022ec f   LIBCMT:tncleanup.obj
 0001:00001618       _DllMainCRTStartup         0000000180002618 f   LIBCMT:dll_dllmain.obj
 0001:00001658       __security_init_cookie     0000000180002658 f   LIBCMT:gs_support.obj
 0001:00001704       ?length@charNode@@UEBAHXZ  0000000180002704 f   libvcruntime:undname.obj
 0001:00001704       ?raw_length@charNode@@UEBAHXZ 0000000180002704 f   libvcruntime:undname.obj
 0001:00001704       DllMain                    0000000180002704 f   LIBCMT:dll_dllmain_stub.obj
 0001:00001704       _get_startup_argv_mode     0000000180002704 f   LIBCMT:argv_mode.obj
 0001:0000170c       __local_stdio_printf_options 000000018000270c f i LIBCMT:default_local_stdio_options.obj
 0001:00001714       __local_stdio_scanf_options 0000000180002714 f i LIBCMT:default_local_stdio_options.obj
 0001:0000171c       __scrt_initialize_default_local_stdio_options 000000018000271c f   LIBCMT:default_local_stdio_options.obj
 0001:00001738       __scrt_acquire_startup_lock 0000000180002738 f   LIBCMT:utility.obj
 0001:00001774       __scrt_dllmain_after_initialize_c 0000000180002774 f   LIBCMT:utility.obj
 0001:000017a8       __scrt_dllmain_before_initialize_c 00000001800027a8 f   LIBCMT:utility.obj
 0001:000017c0       __scrt_dllmain_crt_thread_attach 00000001800027c0 f   LIBCMT:utility.obj
 0001:000017e8       __scrt_dllmain_crt_thread_detach 00000001800027e8 f   LIBCMT:utility.obj
 0001:00001800       __scrt_dllmain_exception_filter 0000000180002800 f   LIBCMT:utility.obj
 0001:00001860       __scrt_dllmain_uninitialize_c 0000000180002860 f   LIBCMT:utility.obj
 0001:00001890       __scrt_dllmain_uninitialize_critical 0000000180002890 f   LIBCMT:utility.obj
 0001:000018a4       __scrt_initialize_crt      00000001800028a4 f   LIBCMT:utility.obj
 0001:000018f0       __scrt_initialize_onexit_tables 00000001800028f0 f   LIBCMT:utility.obj
 0001:0000197c       __scrt_is_nonwritable_in_current_image 000000018000297c f   LIBCMT:utility.obj
 0001:00001a14       __scrt_release_startup_lock 0000000180002a14 f   LIBCMT:utility.obj
 0001:00001a38       __scrt_uninitialize_crt    0000000180002a38 f   LIBCMT:utility.obj
 0001:00001a64       __scrt_get_dyn_tls_init_callback 0000000180002a64 f   LIBCMT:dyn_tls_init.obj
 0001:00001a6c       __crt_debugger_hook        0000000180002a6c f   LIBCMT:utility_desktop.obj
 0001:00001a74       __scrt_fastfail            0000000180002a74 f   LIBCMT:utility_desktop.obj
 0001:00001bc0       _RTC_Initialize            0000000180002bc0 f   LIBCMT:initsect.obj
 0001:00001bfc       _RTC_Terminate             0000000180002bfc f   LIBCMT:initsect.obj
 0001:00001c40       __isa_available_init       0000000180002c40 f   LIBCMT:cpu_disp.obj
 0001:00001dec       __scrt_is_ucrt_dll_in_use  0000000180002dec f   LIBCMT:ucrt_detection.obj
 0001:00001df8       _get_purecall_handler      0000000180002df8 f   libvcruntime:purevirt.obj
 0001:00001e04       _purecall                  0000000180002e04 f   libvcruntime:purevirt.obj
 0001:00001e28       __std_type_info_compare    0000000180002e28 f   libvcruntime:std_type_info.obj
 0001:00001e50       __std_type_info_destroy_list 0000000180002e50 f   libvcruntime:std_type_info.obj
 0001:00001e7c       __std_type_info_name       0000000180002e7c f   libvcruntime:std_type_info.obj
 0001:00001fb0       memset_repstos             0000000180002fb0 f   libvcruntime:memset.obj
 0001:00001fd0       memset                     0000000180002fd0 f   libvcruntime:memset.obj
 0001:00002358       strstr                     0000000180003358 f   libvcruntime:strstr.obj
 0001:00002550       __C_specific_handler       0000000180003550 f   libvcruntime:riscchandler.obj
 0001:00002748       __vcrt_initialize          0000000180003748 f   libvcruntime:initialization.obj
 0001:00002770       __vcrt_thread_attach       0000000180003770 f   libvcruntime:initialization.obj
 0001:00002784       __vcrt_thread_detach       0000000180003784 f   libvcruntime:initialization.obj
 0001:00002794       __vcrt_uninitialize        0000000180003794 f   libvcruntime:initialization.obj
 0001:000027b0       __vcrt_uninitialize_critical 00000001800037b0 f   libvcruntime:initialization.obj
 0001:000027c0       __DestructExceptionObject  00000001800037c0 f   libvcruntime:ehhelpers.obj
 0001:00002830       ?_CallMemberFunction0@@YAXQEAX0@Z 0000000180003830 f i libvcruntime:ehhelpers.obj
 0001:00002834       _IsExceptionObjectToBeDestroyed 0000000180003834 f   libvcruntime:ehhelpers.obj
 0001:00002864       __AdjustPointer            0000000180003864 f   libvcruntime:ehhelpers.obj
 0001:00002888       __FrameUnwindFilter        0000000180003888 f   libvcruntime:ehhelpers.obj
 0001:000028f0       __std_terminate            00000001800038f0 f   libvcruntime:ehhelpers.obj
 0001:000028fc       ??$?0$00@DName@@QEAA@PEBDU?$StringLifeSelector@$00@@@Z 00000001800038fc f i libvcruntime:undname.obj
 0001:0000293c       ??$?0$01@DName@@QEAA@PEBDU?$StringLifeSelector@$01@@@Z 000000018000393c f i libvcruntime:undname.obj
 0001:0000293c       ??$?0$0A@@DName@@QEAA@PEBDU?$StringLifeSelector@$0A@@@@Z 000000018000393c f i libvcruntime:undname.obj
 0001:0000297c       ??$?0$01@pcharNode@@QEAA@PEBDHU?$StringLifeSelector@$01@@@Z 000000018000397c f i libvcruntime:undname.obj
 0001:0000297c       ??$?0$0A@@pcharNode@@QEAA@PEBDHU?$StringLifeSelector@$0A@@@@Z 000000018000397c f i libvcruntime:undname.obj
 0001:000029f0       ??$append@VDNameNode@@@DName@@AEAAXPEBVDNameNode@@@Z 00000001800039f0 f i libvcruntime:undname.obj
 0001:000029f0       ??$append@VDNameStatusNode@@@DName@@AEAAXPEBVDNameStatusNode@@@Z 00000001800039f0 f i libvcruntime:undname.obj
 0001:000029f0       ??$append@VcharNode@@@DName@@AEAAXPEBVcharNode@@@Z 00000001800039f0 f i libvcruntime:undname.obj
 0001:000029f0       ??$append@VpcharNode@@@DName@@AEAAXPEBVpcharNode@@@Z 00000001800039f0 f i libvcruntime:undname.obj
 0001:00002a54       ??$doPchar@$00@DName@@AEAAXPEBDH@Z 0000000180003a54 f i libvcruntime:undname.obj
 0001:00002af8       ??$doPchar@$01@DName@@AEAAXPEBDH@Z 0000000180003af8 f i libvcruntime:undname.obj
 0001:00002af8       ??$doPchar@$0A@@DName@@AEAAXPEBDH@Z 0000000180003af8 f i libvcruntime:undname.obj
 0001:00002b90       ??0DName@@QEAA@AEAPEBDD@Z  0000000180003b90 f   libvcruntime:undname.obj
 0001:00002c40       ??0DName@@QEAA@AEBUStringLiteral@@@Z 0000000180003c40 f   libvcruntime:undname.obj
 0001:00002c6c       ??0DName@@QEAA@PEAV0@@Z    0000000180003c6c f   libvcruntime:undname.obj
 0001:00002cf0       ??0DName@@QEAA@_J@Z        0000000180003cf0 f   libvcruntime:undname.obj
 0001:00002d98       ??0DName@@QEAA@_K@Z        0000000180003d98 f   libvcruntime:undname.obj
 0001:00002e20       ??0UnDecorator@@QEAA@PEBDP6APEADJ@ZK@Z 0000000180003e20 f i libvcruntime:undname.obj
 0001:00002ed4       ??2@YAPEAX_KAEAV_HeapManager@@H@Z 0000000180003ed4 f   libvcruntime:undname.obj
 0001:00002f00       ??4DName@@QEAAAEAV0@W4DNameStatus@@@Z 0000000180003f00 f   libvcruntime:undname.obj
 0001:00002f30       ??AReplicator@@QEBA?AVDName@@H@Z 0000000180003f30 f   libvcruntime:undname.obj
 0001:00002f70       ??HDName@@QEBA?AV0@AEBUStringLiteral@@@Z 0000000180003f70 f   libvcruntime:undname.obj
 0001:00002f9c       ??HDName@@QEBA?AV0@AEBV0@@Z 0000000180003f9c f   libvcruntime:undname.obj
 0001:00002fc8       ??HDName@@QEBA?AV0@D@Z     0000000180003fc8 f   libvcruntime:undname.obj
 0001:00002ff4       ??HDName@@QEBA?AV0@W4DNameStatus@@@Z 0000000180003ff4 f   libvcruntime:undname.obj
 0001:00003020       ??YDName@@QEAAAEAV0@AEBUStringLiteral@@@Z 0000000180004020 f   libvcruntime:undname.obj
 0001:000030a0       ??YDName@@QEAAAEAV0@AEBV0@@Z 00000001800040a0 f   libvcruntime:undname.obj
 0001:000030f8       ??YDName@@QEAAAEAV0@D@Z    00000001800040f8 f   libvcruntime:undname.obj
 0001:00003164       ??YDName@@QEAAAEAV0@W4DNameStatus@@@Z 0000000180004164 f   libvcruntime:undname.obj
 0001:000031bc       ??YReplicator@@QEAAAEAV0@AEBVDName@@@Z 00000001800041bc f   libvcruntime:undname.obj
 0001:00003214       ?UScore@UnDecorator@@SA?AUStringLiteral@@W4Tokens@@@Z 0000000180004214 f   libvcruntime:undname.obj
 0001:00003260       ?composeDeclaration@UnDecorator@@CA?AVDName@@AEBV2@@Z 0000000180004260 f i libvcruntime:undname.obj
 0001:00004154       ?doPchar@DName@@AEAAXD@Z   0000000180005154 f   libvcruntime:undname.obj
 0001:000041a4       ?getAddressOf@UnDecorator@@CA?AVDName@@XZ 00000001800051a4 f   libvcruntime:undname.obj
 0001:00004234       ?getArgumentList@UnDecorator@@CA?AVDName@@XZ 0000000180005234 f   libvcruntime:undname.obj
 0001:000043e8       ?getArgumentTypes@UnDecorator@@CA?AVDName@@XZ 00000001800053e8 f   libvcruntime:undname.obj
 0001:00004534       ?getArrayAccess@UnDecorator@@CA?AVDName@@XZ 0000000180005534 f   libvcruntime:undname.obj
 0001:000045d0       ?getArrayObject@UnDecorator@@CA?AVDName@@XZ 00000001800055d0 f   libvcruntime:undname.obj
 0001:0000468c       ?getArrayType@UnDecorator@@CA?AVDName@@AEBV2@@Z 000000018000568c f i libvcruntime:undname.obj
 0001:000048f8       ?getBasedType@UnDecorator@@CA?AVDName@@XZ 00000001800058f8 f   libvcruntime:undname.obj
 0001:000049f0       ?getBasicDataType@UnDecorator@@CA?AVDName@@AEBV2@@Z 00000001800059f0 f   libvcruntime:undname.obj
 0001:00004ff4       ?getCallingConvention@UnDecorator@@CA?AVDName@@XZ 0000000180005ff4 f   libvcruntime:undname.obj
 0001:0000512c       ?getDataIndirectType@UnDecorator@@CA?AVDName@@AEBV2@W4IndirectionKind@@0H@Z 000000018000612c f   libvcruntime:undname.obj
 0001:00005a50       ?getDataType@UnDecorator@@CA?AVDName@@PEAV2@@Z 0000000180006a50 f   libvcruntime:undname.obj
 0001:00005b64       ?getDecoratedName@UnDecorator@@CA?AVDName@@XZ 0000000180006b64 f   libvcruntime:undname.obj
 0001:00005e4c       ?getDimension@UnDecorator@@CA?AVDName@@_N@Z 0000000180006e4c f   libvcruntime:undname.obj
 0001:00005f94       ?getDispatchTarget@UnDecorator@@CA?AVDName@@XZ 0000000180006f94 f   libvcruntime:undname.obj
 0001:00005ff4       ?getECSUDataType@UnDecorator@@CA?AVDName@@XZ 0000000180006ff4 f   libvcruntime:undname.obj
 0001:000061f0       ?getEnumType@UnDecorator@@CA?AVDName@@XZ 00000001800071f0 f i libvcruntime:undname.obj
 0001:00006320       ?getExtendedDataIndirectType@UnDecorator@@CA?AVDName@@AEAW4IndirectionKind@@AEA_NH@Z 0000000180007320 f   libvcruntime:undname.obj
 0001:00006524       ?getExternalDataType@UnDecorator@@CA?AVDName@@AEBV2@@Z 0000000180007524 f i libvcruntime:undname.obj
 0001:000065e4       ?getFloatingPoint@UnDecorator@@CA?AVDName@@H@Z 00000001800075e4 f   libvcruntime:undname.obj
 0001:0000674c       ?getFunctionIndirectType@UnDecorator@@CA?AVDName@@AEBV2@@Z 000000018000774c f   libvcruntime:undname.obj
 0001:00006c80       ?getLastChar@DNameStatusNode@@UEBADXZ 0000000180007c80 f i libvcruntime:undname.obj
 0001:00006c8c       ?getLastChar@charNode@@UEBADXZ 0000000180007c8c f i libvcruntime:undname.obj
 0001:00006c90       ?getLastChar@pDNameNode@@UEBADXZ 0000000180007c90 f i libvcruntime:undname.obj
 0001:00006cbc       ?getLastChar@pairNode@@UEBADXZ 0000000180007cbc f i libvcruntime:undname.obj
 0001:00006cf4       ?getLastChar@pcharNode@@UEBADXZ 0000000180007cf4 f i libvcruntime:undname.obj
 0001:00006d08       ?getLexicalFrame@UnDecorator@@CA?AVDName@@XZ 0000000180007d08 f i libvcruntime:undname.obj
 0001:00006d6c       ?getMemberAccess@UnDecorator@@CA?AVDName@@XZ 0000000180007d6c f   libvcruntime:undname.obj
 0001:00006e00       ?getMemoryWithBuffer@_HeapManager@@QEAAPEAX_K@Z 0000000180007e00 f   libvcruntime:undname.obj
 0001:00006e90       ?getNoexcept@UnDecorator@@CA?AVDName@@XZ 0000000180007e90 f   libvcruntime:undname.obj
 0001:00006ef4       ?getNumberOfDimensions@UnDecorator@@CAHXZ 0000000180007ef4 f   libvcruntime:undname.obj
 0001:00006f5c       ?getOperatorName@UnDecorator@@CA?AVDName@@_NPEA_N@Z 0000000180007f5c f i libvcruntime:undname.obj
 0001:0000790c       ?getPointerToMember@UnDecorator@@CA?AVDName@@XZ 000000018000890c f   libvcruntime:undname.obj
 0001:00007a04       ?getPrimaryDataType@UnDecorator@@CA?AVDName@@AEBV2@@Z 0000000180008a04 f   libvcruntime:undname.obj
 0001:00007cbc       ?getPtrRefDataType@UnDecorator@@CA?AVDName@@AEBV2@H@Z 0000000180008cbc f   libvcruntime:undname.obj
 0001:00007e88       ?getPtrRefType@UnDecorator@@CA?AVDName@@AEBV2@0W4IndirectionKind@@@Z 0000000180008e88 f   libvcruntime:undname.obj
 0001:00008060       ?getRestrictionSpec@UnDecorator@@CA?AVDName@@XZ 0000000180009060 f   libvcruntime:undname.obj
 0001:0000823c       ?getReturnType@UnDecorator@@CA?AVDName@@PEAV2@@Z 000000018000923c f   libvcruntime:undname.obj
 0001:00008270       ?getScope@UnDecorator@@CA?AVDName@@XZ 0000000180009270 f   libvcruntime:undname.obj
 0001:00008728       ?getScopedName@UnDecorator@@CA?AVDName@@XZ 0000000180009728 f   libvcruntime:undname.obj
 0001:0000886c       ?getSignedDimension@UnDecorator@@CA?AVDName@@XZ 000000018000986c f   libvcruntime:undname.obj
 0001:000088f4       ?getString@DNameStatusNode@@UEBAPEADPEAD0@Z 00000001800098f4 f i libvcruntime:undname.obj
 0001:0000893c       ?getString@charNode@@UEBAPEADPEAD0@Z 000000018000993c f i libvcruntime:undname.obj
 0001:00008950       ?getString@pDNameNode@@UEBAPEADPEAD0@Z 0000000180009950 f i libvcruntime:undname.obj
 0001:00008980       ?getString@pairNode@@UEBAPEADPEAD0@Z 0000000180009980 f i libvcruntime:undname.obj
 0001:000089cc       ?getString@pcharNode@@UEBAPEADPEAD0@Z 00000001800099cc f i libvcruntime:undname.obj
 0001:00008a04       ?getStringEncoding@UnDecorator@@CA?AVDName@@W4PrefixKind@@H@Z 0000000180009a04 f   libvcruntime:undname.obj
 0001:00008b14       ?getStringObject@UnDecorator@@CA?AVDName@@XZ 0000000180009b14 f   libvcruntime:undname.obj
 0001:00008b7c       ?getSymbolName@UnDecorator@@CA?AVDName@@XZ 0000000180009b7c f i libvcruntime:undname.obj
 0001:00008bc8       ?getTemplateArgumentList@UnDecorator@@CA?AVDName@@XZ 0000000180009bc8 f   libvcruntime:undname.obj
 0001:00008de4       ?getTemplateName@UnDecorator@@CA?AVDName@@_N@Z 0000000180009de4 f   libvcruntime:undname.obj
 0001:000090ac       ?getTemplateNonTypeArgument@UnDecorator@@CA?AVDName@@XZ 000000018000a0ac f   libvcruntime:undname.obj
 0001:000095fc       ?getTemplateTypeArgument@UnDecorator@@CA?AVDName@@XZ 000000018000a5fc f   libvcruntime:undname.obj
 0001:00009764       ?getThrowTypes@UnDecorator@@CA?AVDName@@XZ 000000018000a764 f   libvcruntime:undname.obj
 0001:00009788       ?getTypeEncoding@UnDecorator@@CAHXZ 000000018000a788 f i libvcruntime:undname.obj
 0001:00009b44       ?getUndecoratedName@UnDecorator@@QEAAPEADPEADH@Z 000000018000ab44 f i libvcruntime:undname.obj
 0001:00009c98       ?getUnionObject@UnDecorator@@CA?AVDName@@XZ 000000018000ac98 f   libvcruntime:undname.obj
 0001:00009d70       ?getVCallThunkType@UnDecorator@@CA?AVDName@@XZ 000000018000ad70 f i libvcruntime:undname.obj
 0001:00009de8       ?getValue@UnDecorator@@CA?AV?$optional@_K@std@@XZ 000000018000ade8 f   libvcruntime:undname.obj
 0001:00009e2c       ?getValueObject@UnDecorator@@CA?AVDName@@XZ 000000018000ae2c f   libvcruntime:undname.obj
 0001:00009f6c       ?getVdispMapType@UnDecorator@@CA?AVDName@@AEBV2@@Z 000000018000af6c f i libvcruntime:undname.obj
 0001:00009fe8       ?getVfTableType@UnDecorator@@CA?AVDName@@AEBV2@@Z 000000018000afe8 f i libvcruntime:undname.obj
 0001:0000a1f4       ?getZName@UnDecorator@@CA?AVDName@@_N0@Z 000000018000b1f4 f   libvcruntime:undname.obj
 0001:0000a4c8       ?length@DNameStatusNode@@UEBAHXZ 000000018000b4c8 f i libvcruntime:undname.obj
 0001:0000a4c8       ?raw_length@DNameStatusNode@@UEBAHXZ 000000018000b4c8 f i libvcruntime:undname.obj
 0001:0000a4cc       ?length@pDNameNode@@UEBAHXZ 000000018000b4cc f i libvcruntime:undname.obj
 0001:0000a4f4       ?length@pairNode@@UEBAHXZ  000000018000b4f4 f i libvcruntime:undname.obj
 0001:0000a53c       ?length@pcharNode@@UEBAHXZ 000000018000b53c f i libvcruntime:undname.obj
 0001:0000a53c       ?raw_length@pcharNode@@UEBAHXZ 000000018000b53c f i libvcruntime:undname.obj
 0001:0000a540       ?parseDecoratedName@UnDecorator@@CA?AVDName@@XZ 000000018000b540 f   libvcruntime:undname.obj
 0001:0000a658       ?raw_length@pDNameNode@@UEBAHXZ 000000018000b658 f i libvcruntime:undname.obj
 0001:0000a65c       ?raw_length@pairNode@@UEBAHXZ 000000018000b65c f i libvcruntime:undname.obj
 0001:0000a660       __unDName                  000000018000b660 f   libvcruntime:undname.obj
 0001:0000a688       __unDNameEx                000000018000b688 f   libvcruntime:undname.obj
 0001:0000a778       snprintf                   000000018000b778 f i libvcruntime:undname.obj
 0001:0000a7d0       sprintf_s                  000000018000b7d0 f i libvcruntime:undname.obj
 0001:0000a840       _NLG_Notify                000000018000b840 f   libvcruntime:notify.obj
 0001:0000a860       __NLG_Dispatch2            000000018000b860 f   libvcruntime:notify.obj
 0001:0000a870       __NLG_Return2              000000018000b870 f   libvcruntime:notify.obj
 0001:0000a874       __except_validate_context_record 000000018000b874 f   libvcruntime:jbcxrval.obj
 0001:0000a8c0       memcpy_repmovs             000000018000b8c0 f   libvcruntime:memcpy.obj
 0001:0000a8e0       memcpy                     000000018000b8e0 f   libvcruntime:memcpy.obj
 0001:0000a8e0       memmove                    000000018000b8e0 f   libvcruntime:memcpy.obj
 0001:0000af50       __vcrt_freefls             000000018000bf50 f   libvcruntime:per_thread_data.obj
 0001:0000af70       __vcrt_freeptd_for_this_thread 000000018000bf70 f   libvcruntime:per_thread_data.obj
 0001:0000afb8       __vcrt_getptd              000000018000bfb8 f   libvcruntime:per_thread_data.obj
 0001:0000afd4       __vcrt_getptd_noexit       000000018000bfd4 f   libvcruntime:per_thread_data.obj
 0001:0000b094       __vcrt_initialize_ptd      000000018000c094 f   libvcruntime:per_thread_data.obj
 0001:0000b0dc       __vcrt_uninitialize_ptd    000000018000c0dc f   libvcruntime:per_thread_data.obj
 0001:0000b100       __vcrt_initialize_locks    000000018000c100 f   libvcruntime:locks.obj
 0001:0000b148       __vcrt_lock                000000018000c148 f   libvcruntime:locks.obj
 0001:0000b164       __vcrt_uninitialize_locks  000000018000c164 f   libvcruntime:locks.obj
 0001:0000b19c       __vcrt_unlock              000000018000c19c f   libvcruntime:locks.obj
 0001:0000b1b8       ??$_CallSETranslator@V__FrameHandler3@@@@YAHPEAUEHExceptionRecord@@PEA_KPEAU_CONTEXT@@PEAU_xDISPATCHER_CONTEXT@@PEBU_s_FuncInfo@@K1H@Z 000000018000c1b8 f i libvcruntime:risctrnsctrl.obj
 0001:0000b20c       ??$_CallSETranslator@V__FrameHandler4@@@@YAHPEAUEHExceptionRecord@@PEA_KPEAU_CONTEXT@@PEAU_xDISPATCHER_CONTEXT@@PEAUFuncInfo4@FH4@@K1H@Z 000000018000c20c f i libvcruntime:risctrnsctrl.obj
 0001:0000b260       ?CatchTryBlock@__FrameHandler3@@SAPEBU_s_TryBlockMapEntry@@PEBU_s_FuncInfo@@H@Z 000000018000c260 f   libvcruntime:risctrnsctrl.obj
 0001:0000b2c4       ?DecompFuncInfo@FH4@@YA_JPEAEAEAUFuncInfo4@1@_KH_N@Z 000000018000c2c4 f i libvcruntime:risctrnsctrl.obj
 0001:0000b3f8       ?ExecutionInCatch@__FrameHandler3@@SA_NPEAU_xDISPATCHER_CONTEXT@@PEBU_s_FuncInfo@@@Z 000000018000c3f8 f   libvcruntime:risctrnsctrl.obj
 0001:0000b424       ?ExecutionInCatch@__FrameHandler4@@SA_NPEAU_xDISPATCHER_CONTEXT@@PEAUFuncInfo4@FH4@@@Z 000000018000c424 f   libvcruntime:risctrnsctrl.obj
 0001:0000b42c       ?FrameUnwindToEmptyState@__FrameHandler3@@SAXPEA_KPEAU_xDISPATCHER_CONTEXT@@PEBU_s_FuncInfo@@@Z 000000018000c42c f   libvcruntime:risctrnsctrl.obj
 0001:0000b490       ?FrameUnwindToEmptyState@__FrameHandler4@@SAXPEA_KPEAU_xDISPATCHER_CONTEXT@@PEAUFuncInfo4@FH4@@@Z 000000018000c490 f   libvcruntime:risctrnsctrl.obj
 0001:0000b4c4       ?GetEstablisherFrame@__FrameHandler3@@SAPEA_KPEA_KPEAU_xDISPATCHER_CONTEXT@@PEBU_s_FuncInfo@@0@Z 000000018000c4c4 f   libvcruntime:risctrnsctrl.obj
 0001:0000b590       ?GetEstablisherFrame@__FrameHandler4@@SAPEA_KPEA_KPEAU_xDISPATCHER_CONTEXT@@PEAUFuncInfo4@FH4@@0@Z 000000018000c590 f   libvcruntime:risctrnsctrl.obj
 0001:0000b5b4       ?GetRangeOfTrysToCheck@__FrameHandler3@@SA?AU?$pair@Viterator@TryBlockMap@__FrameHandler3@@V123@@std@@AEAVTryBlockMap@1@HPEAU_xDISPATCHER_CONTEXT@@PEBU_s_FuncInfo@@H@Z 000000018000c5b4 f   libvcruntime:risctrnsctrl.obj
 0001:0000b6f4       ?GetRangeOfTrysToCheck@__FrameHandler4@@SA?AU?$pair@Viterator@TryBlockMap4@FH4@@V123@@std@@AEAVTryBlockMap4@FH4@@HPEAU_xDISPATCHER_CONTEXT@@PEAUFuncInfo4@5@H@Z 000000018000c6f4 f   libvcruntime:risctrnsctrl.obj
 0001:0000b860       ?UnwindNestedFrames@__FrameHandler3@@SAXPEA_KPEAUEHExceptionRecord@@PEAU_CONTEXT@@0PEAXPEBU_s_FuncInfo@@HHPEBU_s_HandlerType@@PEAU_xDISPATCHER_CONTEXT@@E@Z 000000018000c860 f   libvcruntime:risctrnsctrl.obj
 0001:0000b964       ?UnwindNestedFrames@__FrameHandler4@@SAXPEA_KPEAUEHExceptionRecord@@PEAU_CONTEXT@@0PEAXPEAUFuncInfo4@FH4@@HHPEAUHandlerType4@5@PEAU_xDISPATCHER_CONTEXT@@E@Z 000000018000c964 f   libvcruntime:risctrnsctrl.obj
 0001:0000ba84       ?setBuffer@TryBlockMap4@FH4@@QEAAXViterator@12@@Z 000000018000ca84 f i libvcruntime:risctrnsctrl.obj
 0001:0000bc48       _CreateFrameInfo           000000018000cc48 f   libvcruntime:risctrnsctrl.obj
 0001:0000bc84       _FindAndUnlinkFrame        000000018000cc84 f   libvcruntime:risctrnsctrl.obj
 0001:0000bcd8       _GetImageBase              000000018000ccd8 f   libvcruntime:risctrnsctrl.obj
 0001:0000bcec       _GetThrowImageBase         000000018000ccec f   libvcruntime:risctrnsctrl.obj
 0001:0000bd00       _SetImageBase              000000018000cd00 f   libvcruntime:risctrnsctrl.obj
 0001:0000bd18       _SetThrowImageBase         000000018000cd18 f   libvcruntime:risctrnsctrl.obj
 0001:0000bd30       __CxxFrameHandler3         000000018000cd30 f   libvcruntime:risctrnsctrl.obj
 0001:0000bdb8       __CxxFrameHandler4         000000018000cdb8 f   libvcruntime:risctrnsctrl.obj
 0001:0000bfc8       __vcrt_FlsAlloc            000000018000cfc8 f   libvcruntime:winapi_downlevel.obj
 0001:0000c010       __vcrt_FlsFree             000000018000d010 f   libvcruntime:winapi_downlevel.obj
 0001:0000c058       __vcrt_FlsGetValue         000000018000d058 f   libvcruntime:winapi_downlevel.obj
 0001:0000c0a0       __vcrt_FlsSetValue         000000018000d0a0 f   libvcruntime:winapi_downlevel.obj
 0001:0000c0f4       __vcrt_InitializeCriticalSectionEx 000000018000d0f4 f   libvcruntime:winapi_downlevel.obj
 0001:0000c158       ?GetCurrentState@__FrameHandler3@@SAHPEA_KPEAU_xDISPATCHER_CONTEXT@@PEBU_s_FuncInfo@@@Z 000000018000d158 f   libvcruntime:ehstate.obj
 0001:0000c180       ?GetUnwindTryBlock@__FrameHandler3@@SAHPEA_KPEAU_xDISPATCHER_CONTEXT@@PEBU_s_FuncInfo@@@Z 000000018000d180 f   libvcruntime:ehstate.obj
 0001:0000c1ac       ?SetState@__FrameHandler3@@SAXPEA_KPEBU_s_FuncInfo@@H@Z 000000018000d1ac f   libvcruntime:ehstate.obj
 0001:0000c1b8       ?SetUnwindTryBlock@__FrameHandler3@@SAXPEA_KPEAU_xDISPATCHER_CONTEXT@@PEBU_s_FuncInfo@@H@Z 000000018000d1b8 f   libvcruntime:ehstate.obj
 0001:0000c1f4       ?StateFromControlPc@__FrameHandler3@@SAHPEBU_s_FuncInfo@@PEAU_xDISPATCHER_CONTEXT@@@Z 000000018000d1f4 f   libvcruntime:ehstate.obj
 0001:0000c1fc       ?StateFromControlPc@__FrameHandler4@@SAHPEAUFuncInfo4@FH4@@PEAU_xDISPATCHER_CONTEXT@@@Z 000000018000d1fc f   libvcruntime:ehstate.obj
 0001:0000c204       ?StateFromIp@__FrameHandler3@@SAHPEBU_s_FuncInfo@@PEAU_xDISPATCHER_CONTEXT@@_K@Z 000000018000d204 f   libvcruntime:ehstate.obj
 0001:0000c26c       ?StateFromIp@__FrameHandler4@@SAHPEAUFuncInfo4@FH4@@PEAU_xDISPATCHER_CONTEXT@@_K@Z 000000018000d26c f   libvcruntime:ehstate.obj
 0001:0000d96c       ??$TypeMatchHelper@V__FrameHandler3@@@@YAHPEBU_s_HandlerType@@PEBU_s_CatchableType@@PEBU_s_ThrowInfo@@@Z 000000018000e96c f i libvcruntime:frame.obj
 0001:0000daac       ??$TypeMatchHelper@V__FrameHandler4@@@@YAHPEAUHandlerType4@FH4@@PEBU_s_CatchableType@@PEBU_s_ThrowInfo@@@Z 000000018000eaac f i libvcruntime:frame.obj
 0001:0000dbf0       ??$__InternalCxxFrameHandler@V__FrameHandler3@@@@YA?AW4_EXCEPTION_DISPOSITION@@PEAUEHExceptionRecord@@PEA_KPEAU_CONTEXT@@PEAU_xDISPATCHER_CONTEXT@@PEBU_s_FuncInfo@@H1E@Z 000000018000ebf0 f i libvcruntime:frame.obj
 0001:0000de28       ??$__InternalCxxFrameHandler@V__FrameHandler4@@@@YA?AW4_EXCEPTION_DISPOSITION@@PEAUEHExceptionRecord@@PEA_KPEAU_CONTEXT@@PEAU_xDISPATCHER_CONTEXT@@PEAUFuncInfo4@FH4@@H1E@Z 000000018000ee28 f i libvcruntime:frame.obj
 0001:0000e0bc       ??$__InternalCxxFrameHandlerWrapper@V__FrameHandler3@@@@YA?AW4_EXCEPTION_DISPOSITION@@PEAUEHExceptionRecord@@PEA_KPEAU_CONTEXT@@PEAU_xDISPATCHER_CONTEXT@@PEBU_s_FuncInfo@@H1E@Z 000000018000f0bc f i libvcruntime:frame.obj
 0001:0000e0c4       ??$__InternalCxxFrameHandlerWrapper@V__FrameHandler4@@@@YA?AW4_EXCEPTION_DISPOSITION@@PEAUEHExceptionRecord@@PEA_KPEAU_CONTEXT@@PEAU_xDISPATCHER_CONTEXT@@PEAUFuncInfo4@FH4@@H1E@Z 000000018000f0c4 f i libvcruntime:frame.obj
 0001:0000e110       ??0HandlerMap4@FH4@@QEAA@PEBUTryBlockMapEntry4@1@_KH@Z 000000018000f110 f i libvcruntime:frame.obj
 0001:0000e194       ??0TryBlockMap4@FH4@@QEAA@PEBUFuncInfo4@1@_K@Z 000000018000f194 f i libvcruntime:frame.obj
 0001:0000e278       ??0bad_exception@std@@QEAA@AEBV01@@Z 000000018000f278 f i libvcruntime:frame.obj
 0001:0000e2b4       ??0bad_exception@std@@QEAA@XZ 000000018000f2b4 f i libvcruntime:frame.obj
 0001:0000e2d4       ??0exception@std@@QEAA@AEBV01@@Z 000000018000f2d4 f i libvcruntime:frame.obj
 0001:0000e308       ??1bad_exception@std@@UEAA@XZ 000000018000f308 f i libvcruntime:frame.obj
 0001:0000e31c       ??_Ebad_exception@std@@UEAAPEAXI@Z 000000018000f31c f i libvcruntime:frame.obj
 0001:0000e31c       ??_Eexception@std@@UEAAPEAXI@Z 000000018000f31c f i libvcruntime:frame.obj
 0001:0000e31c       ??_Gbad_exception@std@@UEAAPEAXI@Z 000000018000f31c f i libvcruntime:frame.obj
 0001:0000e31c       ??_Gexception@std@@UEAAPEAXI@Z 000000018000f31c f i libvcruntime:frame.obj
 0001:0000e360       ?CxxCallCatchBlock@__FrameHandler3@@SAPEAXPEAU_EXCEPTION_RECORD@@@Z 000000018000f360 f   libvcruntime:frame.obj
 0001:0000e54c       ?CxxCallCatchBlock@__FrameHandler4@@SAPEAXPEAU_EXCEPTION_RECORD@@@Z 000000018000f54c f   libvcruntime:frame.obj
 0001:0000e79c       ?DecompHandler@HandlerMap4@FH4@@AEAAXXZ 000000018000f79c f i libvcruntime:frame.obj
 0001:0000e9e8       ?FrameUnwindToState@__FrameHandler3@@SAXPEA_KPEAU_xDISPATCHER_CONTEXT@@PEBU_s_FuncInfo@@H@Z 000000018000f9e8 f   libvcruntime:frame.obj
 0001:0000eb74       ?FrameUnwindToState@__FrameHandler4@@SAXPEA_KPEAU_xDISPATCHER_CONTEXT@@PEAUFuncInfo4@FH4@@H@Z 000000018000fb74 f   libvcruntime:frame.obj
 0001:0000ee78       ?GetHandlerSearchState@__FrameHandler3@@SAHPEA_KPEAU_xDISPATCHER_CONTEXT@@PEBU_s_FuncInfo@@@Z 000000018000fe78 f i libvcruntime:frame.obj
 0001:0000f088       ?ReadEntry@UWMap4@FH4@@AEAAXPEAPEAE@Z 0000000180010088 f i libvcruntime:frame.obj
 0001:0000f124       ?_CallMemberFunction1@@YAXQEAX00@Z 0000000180010124 f i libvcruntime:frame.obj
 0001:0000f130       ?_CallMemberFunction2@@YAXQEAX00H@Z 0000000180010130 f i libvcruntime:frame.obj
 0001:0000f140       ?getStartStop@UWMap4@FH4@@QEAAXHHAEAViterator@12@0@Z 0000000180010140 f i libvcruntime:frame.obj
 0001:0000f210       ?getStateFromIterators@UWMap4@FH4@@SAHAEBViterator@12@H0H0@Z 0000000180010210 f i libvcruntime:frame.obj
 0001:0000f2c0       ?what@exception@std@@UEBAPEBDXZ 00000001800102c0 f i libvcruntime:frame.obj
 0001:0000f2f0       _CallSettingFrame          00000001800102f0 f   libvcruntime:handlers.obj
 0001:0000f340       _CallSettingFrame_LookupContinuationIndex 0000000180010340 f   libvcruntime:handlers.obj
 0001:0000f370       _CallSettingFrame_NotifyContinuationAddr 0000000180010370 f   libvcruntime:handlers.obj
 0001:0000f3a0       _CallSettingFrameEncoded   00000001800103a0 f   libvcruntime:handlers.obj
 0001:0000f3e8       __std_exception_copy       00000001800103e8 f   libvcruntime:std_exception.obj
 0001:0000f478       __std_exception_destroy    0000000180010478 f   libvcruntime:std_exception.obj
 0001:0000f4a0       _CxxThrowException         00000001800104a0 f   libvcruntime:throw.obj
 0001:0000f548       free                       0000000180010548 f   libucrt:free.obj
 0001:0000f55c       _initterm                  000000018001055c f   libucrt:initterm.obj
 0001:0000f5a0       _initterm_e                00000001800105a0 f   libucrt:initterm.obj
 0001:0000f5e8       _seh_filter_dll            00000001800105e8 f   libucrt:exception_filter.obj
 0001:0000f5fc       _seh_filter_exe            00000001800105fc f   libucrt:exception_filter.obj
 0001:0000fa14       __acrt_initialize_thread_local_exit_callback 0000000180010a14 f   libucrt:exit.obj
 0001:0000fa1c       _cexit                     0000000180010a1c f   libucrt:exit.obj
 0001:0000fa2c       _exit                      0000000180010a2c f   libucrt:exit.obj
 0001:0000fa38       _is_c_termination_complete 0000000180010a38 f   libucrt:exit.obj
 0001:0000fc08       __acrt_allocate_buffer_for_argv 0000000180010c08 f   libucrt:argv_parsing.obj
 0001:0000fc68       _configure_narrow_argv     0000000180010c68 f   libucrt:argv_parsing.obj
 0001:0000fff0       __dcrt_uninitialize_environments_nolock 0000000180010ff0 f   libucrt:environment_initialization.obj
 0001:00010034       _initialize_narrow_environment 0000000180011034 f   libucrt:environment_initialization.obj
 0001:00010198       _execute_onexit_table      0000000180011198 f   libucrt:onexit.obj
 0001:000101dc       _initialize_onexit_table   00000001800111dc f   libucrt:onexit.obj
 0001:0001023c       __acrt_uninitialize_command_line 000000018001123c f   libucrt:argv_data.obj
 0001:00010334       __acrt_initialize          0000000180011334 f   libucrt:initialization.obj
 0001:00010348       __acrt_thread_attach       0000000180011348 f   libucrt:initialization.obj
 0001:0001035c       __acrt_thread_detach       000000018001135c f   libucrt:initialization.obj
 0001:0001036c       __acrt_uninitialize        000000018001136c f   libucrt:initialization.obj
 0001:000103a4       __acrt_uninitialize_critical 00000001800113a4 f   libucrt:initialization.obj
 0001:000103b4       terminate                  00000001800113b4 f   libucrt:terminate.obj
 0001:000103e0       abort                      00000001800113e0 f   libucrt:abort.obj
 0001:00010438       malloc                     0000000180011438 f   libucrt:malloc.obj
 0001:00010440       strcpy_s                   0000000180011440 f   libucrt:strcpy_s.obj
 0001:00010650       ??$ensure_buffer_is_big_enough@D@formatting_buffer@__crt_stdio_output@@QEAA_N_KAEAV__crt_cached_ptd_host@@@Z 0000000180011650 f i libucrt:output.obj
 0001:000106f8       ??$parse_integer@KV?$c_string_character_source@D@__crt_strtox@@$0A@@__crt_strtox@@YAKAEAV__crt_cached_ptd_host@@V?$c_string_character_source@D@0@H_N@Z 00000001800116f8 f i libucrt:output.obj
 0001:000109ac       ??$type_case_integer@$07@?$output_processor@DV?$string_output_adapter@D@__crt_stdio_output@@V?$format_validation_base@DV?$string_output_adapter@D@__crt_stdio_output@@@2@@__crt_stdio_output@@AEAA_N_N@Z 00000001800119ac f i libucrt:output.obj
 0001:000109ac       ??$type_case_integer@$07@?$output_processor@DV?$string_output_adapter@D@__crt_stdio_output@@V?$standard_base@DV?$string_output_adapter@D@__crt_stdio_output@@@2@@__crt_stdio_output@@AEAA_N_N@Z 00000001800119ac f i libucrt:output.obj
 0001:00010bb0       ??$type_case_integer@$09@?$output_processor@DV?$string_output_adapter@D@__crt_stdio_output@@V?$format_validation_base@DV?$string_output_adapter@D@__crt_stdio_output@@@2@@__crt_stdio_output@@AEAA_N_N@Z 0000000180011bb0 f i libucrt:output.obj
 0001:00010bb0       ??$type_case_integer@$09@?$output_processor@DV?$string_output_adapter@D@__crt_stdio_output@@V?$standard_base@DV?$string_output_adapter@D@__crt_stdio_output@@@2@@__crt_stdio_output@@AEAA_N_N@Z 0000000180011bb0 f i libucrt:output.obj
 0001:00010db4       ??$type_case_integer@$0BA@@?$output_processor@DV?$string_output_adapter@D@__crt_stdio_output@@V?$format_validation_base@DV?$string_output_adapter@D@__crt_stdio_output@@@2@@__crt_stdio_output@@AEAA_N_N@Z 0000000180011db4 f i libucrt:output.obj
 0001:00010db4       ??$type_case_integer@$0BA@@?$output_processor@DV?$string_output_adapter@D@__crt_stdio_output@@V?$standard_base@DV?$string_output_adapter@D@__crt_stdio_output@@@2@@__crt_stdio_output@@AEAA_N_N@Z 0000000180011db4 f i libucrt:output.obj
 0001:00010fb8       ??$type_case_integer_parse_into_buffer@I$07@?$output_processor@DV?$string_output_adapter@D@__crt_stdio_output@@V?$format_validation_base@DV?$string_output_adapter@D@__crt_stdio_output@@@2@@__crt_stdio_output@@AEAAXI_N@Z 0000000180011fb8 f i libucrt:output.obj
 0001:00010fb8       ??$type_case_integer_parse_into_buffer@I$07@?$output_processor@DV?$string_output_adapter@D@__crt_stdio_output@@V?$standard_base@DV?$string_output_adapter@D@__crt_stdio_output@@@2@@__crt_stdio_output@@AEAAXI_N@Z 0000000180011fb8 f i libucrt:output.obj
 0001:00011028       ??$type_case_integer_parse_into_buffer@I$09@?$output_processor@DV?$string_output_adapter@D@__crt_stdio_output@@V?$format_validation_base@DV?$string_output_adapter@D@__crt_stdio_output@@@2@@__crt_stdio_output@@AEAAXI_N@Z 0000000180012028 f i libucrt:output.obj
 0001:00011028       ??$type_case_integer_parse_into_buffer@I$09@?$output_processor@DV?$string_output_adapter@D@__crt_stdio_output@@V?$standard_base@DV?$string_output_adapter@D@__crt_stdio_output@@@2@@__crt_stdio_output@@AEAAXI_N@Z 0000000180012028 f i libucrt:output.obj
 0001:000110d4       ??$type_case_integer_parse_into_buffer@I$0BA@@?$output_processor@DV?$string_output_adapter@D@__crt_stdio_output@@V?$format_validation_base@DV?$string_output_adapter@D@__crt_stdio_output@@@2@@__crt_stdio_output@@AEAAXI_N@Z 00000001800120d4 f i libucrt:output.obj
 0001:000110d4       ??$type_case_integer_parse_into_buffer@I$0BA@@?$output_processor@DV?$string_output_adapter@D@__crt_stdio_output@@V?$standard_base@DV?$string_output_adapter@D@__crt_stdio_output@@@2@@__crt_stdio_output@@AEAAXI_N@Z 00000001800120d4 f i libucrt:output.obj
 0001:00011158       ??$type_case_integer_parse_into_buffer@_K$07@?$output_processor@DV?$string_output_adapter@D@__crt_stdio_output@@V?$format_validation_base@DV?$string_output_adapter@D@__crt_stdio_output@@@2@@__crt_stdio_output@@AEAAX_K_N@Z 0000000180012158 f i libucrt:output.obj
 0001:00011158       ??$type_case_integer_parse_into_buffer@_K$07@?$output_processor@DV?$string_output_adapter@D@__crt_stdio_output@@V?$standard_base@DV?$string_output_adapter@D@__crt_stdio_output@@@2@@__crt_stdio_output@@AEAAX_K_N@Z 0000000180012158 f i libucrt:output.obj
 0001:000111c8       ??$type_case_integer_parse_into_buffer@_K$09@?$output_processor@DV?$string_output_adapter@D@__crt_stdio_output@@V?$format_validation_base@DV?$string_output_adapter@D@__crt_stdio_output@@@2@@__crt_stdio_output@@AEAAX_K_N@Z 00000001800121c8 f i libucrt:output.obj
 0001:000111c8       ??$type_case_integer_parse_into_buffer@_K$09@?$output_processor@DV?$string_output_adapter@D@__crt_stdio_output@@V?$standard_base@DV?$string_output_adapter@D@__crt_stdio_output@@@2@@__crt_stdio_output@@AEAAX_K_N@Z 00000001800121c8 f i libucrt:output.obj
 0001:00011278       ??$type_case_integer_parse_into_buffer@_K$0BA@@?$output_processor@DV?$string_output_adapter@D@__crt_stdio_output@@V?$format_validation_base@DV?$string_output_adapter@D@__crt_stdio_output@@@2@@__crt_stdio_output@@AEAAX_K_N@Z 0000000180012278 f i libucrt:output.obj
 0001:00011278       ??$type_case_integer_parse_into_buffer@_K$0BA@@?$output_processor@DV?$string_output_adapter@D@__crt_stdio_output@@V?$standard_base@DV?$string_output_adapter@D@__crt_stdio_output@@@2@@__crt_stdio_output@@AEAAX_K_N@Z 0000000180012278 f i libucrt:output.obj
 0001:000112fc       ?crop_zeroes@__crt_stdio_output@@YAXPEADQEAU__crt_locale_pointers@@@Z 00000001800122fc f i libucrt:output.obj
 0001:00011370       ?get_raw_ptd@__crt_cached_ptd_host@@QEAAPEAU__acrt_ptd@@XZ 0000000180012370 f i libucrt:output.obj
 0001:000113d8       ?parse_int_from_format_string@?$output_processor@DV?$string_output_adapter@D@__crt_stdio_output@@V?$format_validation_base@DV?$string_output_adapter@D@__crt_stdio_output@@@2@@__crt_stdio_output@@AEAA_NQEAH@Z 00000001800123d8 f i libucrt:output.obj
 0001:000113d8       ?parse_int_from_format_string@?$output_processor@DV?$string_output_adapter@D@__crt_stdio_output@@V?$standard_base@DV?$string_output_adapter@D@__crt_stdio_output@@@2@@__crt_stdio_output@@AEAA_NQEAH@Z 00000001800123d8 f i libucrt:output.obj
 0001:00011468       ?process@?$output_processor@DV?$string_output_adapter@D@__crt_stdio_output@@V?$format_validation_base@DV?$string_output_adapter@D@__crt_stdio_output@@@2@@__crt_stdio_output@@QEAAHXZ 0000000180012468 f i libucrt:output.obj
 0001:000117ec       ?process@?$output_processor@DV?$string_output_adapter@D@__crt_stdio_output@@V?$standard_base@DV?$string_output_adapter@D@__crt_stdio_output@@@2@@__crt_stdio_output@@QEAAHXZ 00000001800127ec f i libucrt:output.obj
 0001:00011b6c       ?state_case_size@?$output_processor@DV?$string_output_adapter@D@__crt_stdio_output@@V?$format_validation_base@DV?$string_output_adapter@D@__crt_stdio_output@@@2@@__crt_stdio_output@@AEAA_NXZ 0000000180012b6c f i libucrt:output.obj
 0001:00011b6c       ?state_case_size@?$output_processor@DV?$string_output_adapter@D@__crt_stdio_output@@V?$standard_base@DV?$string_output_adapter@D@__crt_stdio_output@@@2@@__crt_stdio_output@@AEAA_NXZ 0000000180012b6c f i libucrt:output.obj
 0001:00011cf4       ?state_case_type@?$output_processor@DV?$string_output_adapter@D@__crt_stdio_output@@V?$format_validation_base@DV?$string_output_adapter@D@__crt_stdio_output@@@2@@__crt_stdio_output@@AEAA_NXZ 0000000180012cf4 f i libucrt:output.obj
 0001:00011cf4       ?state_case_type@?$output_processor@DV?$string_output_adapter@D@__crt_stdio_output@@V?$standard_base@DV?$string_output_adapter@D@__crt_stdio_output@@@2@@__crt_stdio_output@@AEAA_NXZ 0000000180012cf4 f i libucrt:output.obj
 0001:000120f8       ?type_case_Z@?$output_processor@DV?$string_output_adapter@D@__crt_stdio_output@@V?$format_validation_base@DV?$string_output_adapter@D@__crt_stdio_output@@@2@@__crt_stdio_output@@AEAA_NXZ 00000001800130f8 f i libucrt:output.obj
 0001:000120f8       ?type_case_Z@?$output_processor@DV?$string_output_adapter@D@__crt_stdio_output@@V?$standard_base@DV?$string_output_adapter@D@__crt_stdio_output@@@2@@__crt_stdio_output@@AEAA_NXZ 00000001800130f8 f i libucrt:output.obj
 0001:00012174       ?type_case_a@?$output_processor@DV?$string_output_adapter@D@__crt_stdio_output@@V?$format_validation_base@DV?$string_output_adapter@D@__crt_stdio_output@@@2@@__crt_stdio_output@@AEAA_NXZ 0000000180013174 f i libucrt:output.obj
 0001:00012174       ?type_case_a@?$output_processor@DV?$string_output_adapter@D@__crt_stdio_output@@V?$standard_base@DV?$string_output_adapter@D@__crt_stdio_output@@@2@@__crt_stdio_output@@AEAA_NXZ 0000000180013174 f i libucrt:output.obj
 0001:000123c8       ?type_case_c_tchar@?$output_processor@DV?$string_output_adapter@D@__crt_stdio_output@@V?$format_validation_base@DV?$string_output_adapter@D@__crt_stdio_output@@@2@@__crt_stdio_output@@AEAA_ND@Z 00000001800133c8 f i libucrt:output.obj
 0001:000123c8       ?type_case_c_tchar@?$output_processor@DV?$string_output_adapter@D@__crt_stdio_output@@V?$standard_base@DV?$string_output_adapter@D@__crt_stdio_output@@@2@@__crt_stdio_output@@AEAA_ND@Z 00000001800133c8 f i libucrt:output.obj
 0001:0001249c       ?type_case_n@?$output_processor@DV?$string_output_adapter@D@__crt_stdio_output@@V?$format_validation_base@DV?$string_output_adapter@D@__crt_stdio_output@@@2@@__crt_stdio_output@@AEAA_NXZ 000000018001349c f i libucrt:output.obj
 0001:0001249c       ?type_case_n@?$output_processor@DV?$string_output_adapter@D@__crt_stdio_output@@V?$standard_base@DV?$string_output_adapter@D@__crt_stdio_output@@@2@@__crt_stdio_output@@AEAA_NXZ 000000018001349c f i libucrt:output.obj
 0001:00012554       ?type_case_s@?$output_processor@DV?$string_output_adapter@D@__crt_stdio_output@@V?$format_validation_base@DV?$string_output_adapter@D@__crt_stdio_output@@@2@@__crt_stdio_output@@AEAA_NXZ 0000000180013554 f i libucrt:output.obj
 0001:00012554       ?type_case_s@?$output_processor@DV?$string_output_adapter@D@__crt_stdio_output@@V?$standard_base@DV?$string_output_adapter@D@__crt_stdio_output@@@2@@__crt_stdio_output@@AEAA_NXZ 0000000180013554 f i libucrt:output.obj
 0001:000125f0       ?update_locale_slow@__crt_cached_ptd_host@@AEAAXXZ 00000001800135f0 f i libucrt:output.obj
 0001:00012668       ?write_string@?$string_output_adapter@D@__crt_stdio_output@@QEBAXQEBDHQEAHAEAV__crt_cached_ptd_host@@@Z 0000000180013668 f i libucrt:output.obj
 0001:0001270c       __stdio_common_vsprintf    000000018001370c f   libucrt:output.obj
 0001:00012960       __stdio_common_vsprintf_s  0000000180013960 f   libucrt:output.obj
 0001:00012a74       ??$parse_integer@KV?$c_string_character_source@D@__crt_strtox@@$00@__crt_strtox@@YAKAEAV__crt_cached_ptd_host@@V?$c_string_character_source@D@0@H_N@Z 0000000180013a74 f i libucrt:atox.obj
 0001:00012d64       _ischartype_l              0000000180013d64 f i libucrt:atox.obj
 0001:00012ddc       atol                       0000000180013ddc f   libucrt:atox.obj
 0001:00012ea0       strncmp                    0000000180013ea0 f   libucrt:strncmp.obj
 0001:00012f20       calloc                     0000000180013f20 f   libucrt:calloc.obj
 0001:00012f28       wcsncmp                    0000000180013f28 f   libucrt:wcsncmp.obj
 0001:00012f54       _free_base                 0000000180013f54 f   libucrt:free_base.obj
 0001:00013308       __acrt_freeptd             0000000180014308 f   libucrt:per_thread_data.obj
 0001:0001334c       __acrt_getptd              000000018001434c f   libucrt:per_thread_data.obj
 0001:00013420       __acrt_getptd_head         0000000180014420 f   libucrt:per_thread_data.obj
 0001:000134c4       __acrt_getptd_noexit       00000001800144c4 f   libucrt:per_thread_data.obj
 0001:0001358c       __acrt_getptd_noexit_explicit 000000018001458c f   libucrt:per_thread_data.obj
 0001:0001364c       __acrt_initialize_ptd      000000018001464c f   libucrt:per_thread_data.obj
 0001:00013688       __acrt_uninitialize_ptd    0000000180014688 f   libucrt:per_thread_data.obj
 0001:000136ac       __acrt_initialize_locks    00000001800146ac f   libucrt:locks.obj
 0001:000136f4       __acrt_lock                00000001800146f4 f   libucrt:locks.obj
 0001:00013710       __acrt_uninitialize_locks  0000000180014710 f   libucrt:locks.obj
 0001:00013748       __acrt_unlock              0000000180014748 f   libucrt:locks.obj
 0001:00013764       __acrt_app_verifier_enabled 0000000180014764 f   libucrt:peb_access.obj
 0001:00013780       __acrt_is_secure_process   0000000180014780 f   libucrt:peb_access.obj
 0001:00013798       __acrt_get_process_end_policy 0000000180014798 f   libucrt:win_policies.obj
 0001:000137c8       ?get_raw_ptd_noexit@__crt_cached_ptd_host@@QEAAPEAU__acrt_ptd@@XZ 00000001800147c8 f i libucrt:invalid_parameter.obj
 0001:00013834       ?value@?$dual_state_global@P6AXPEB_W00I_K@Z@__crt_state_management@@QEAAAEAP6AXPEB_W00I_K@ZAEAV__crt_cached_ptd_host@@@Z 0000000180014834 f i libucrt:invalid_parameter.obj
 0001:00013880       __acrt_call_reportfault    0000000180014880 f   libucrt:invalid_parameter.obj
 0001:000139dc       __acrt_initialize_invalid_parameter_handler 00000001800149dc f   libucrt:invalid_parameter.obj
 0001:000139e4       _invalid_parameter         00000001800149e4 f   libucrt:invalid_parameter.obj
 0001:00013a80       _invalid_parameter_internal 0000000180014a80 f   libucrt:invalid_parameter.obj
 0001:00013b4c       _invalid_parameter_noinfo  0000000180014b4c f   libucrt:invalid_parameter.obj
 0001:00013b6c       _invoke_watson             0000000180014b6c f   libucrt:invalid_parameter.obj
 0001:00013bb4       __acrt_errno_from_os_error 0000000180014bb4 f   libucrt:errno.obj
 0001:00013bfc       __acrt_errno_map_os_error  0000000180014bfc f   libucrt:errno.obj
 0001:00013c44       __acrt_errno_map_os_error_ptd 0000000180014c44 f   libucrt:errno.obj
 0001:00013c68       __doserrno                 0000000180014c68 f   libucrt:errno.obj
 0001:00013c88       _errno                     0000000180014c88 f   libucrt:errno.obj
 0001:00013ca8       _calloc_base               0000000180014ca8 f   libucrt:calloc_base.obj
 0001:00013d34       ??$__acrt_convert_wcs_mbs_cp@D_WV<lambda_7c9dea7b4ca7285d2cdb541a38da6275>@@U__crt_win32_buffer_internal_dynamic_resizing@@@@YAHQEBDAEAV?$__crt_win32_buffer@_WU__crt_win32_buffer_internal_dynamic_resizing@@@@AEBV<lambda_7c9dea7b4ca7285d2cdb541a38da6275>@@I@Z 0000000180014d34 f i libucrt:argv_wildcards.obj
 0001:00013eb0       ??$__acrt_convert_wcs_mbs_cp@_WDV<lambda_d8593a27d1aa8c02be35c86a17d324c4>@@U__crt_win32_buffer_internal_dynamic_resizing@@@@YAHQEB_WAEAV?$__crt_win32_buffer@DU__crt_win32_buffer_internal_dynamic_resizing@@@@AEBV<lambda_d8593a27d1aa8c02be35c86a17d324c4>@@I@Z 0000000180014eb0 f i libucrt:argv_wildcards.obj
 0001:00014754       ??0_LocaleUpdate@@QEAA@QEAU__crt_locale_pointers@@@Z 0000000180015754 f i libucrt:argv_wildcards.obj
 0001:000147f0       __acrt_expand_narrow_argv_wildcards 00000001800157f0 f   libucrt:argv_wildcards.obj
 0001:000147f8       ??$__acrt_convert_wcs_mbs_cp@_WDV<lambda_f788ae46380686e8b737efdd8c720d07>@@U__crt_win32_buffer_no_resizing@@@@YAHQEB_WAEAV?$__crt_win32_buffer@DU__crt_win32_buffer_no_resizing@@@@AEBV<lambda_f788ae46380686e8b737efdd8c720d07>@@I@Z 00000001800157f8 f i libucrt:getmodulefilenamea.obj
 0001:00014914       __acrt_GetModuleFileNameA  0000000180015914 f   libucrt:getmodulefilenamea.obj
 0001:00015230       __acrt_initialize_multibyte 0000000180016230 f   libucrt:mbctype.obj
 0001:00015290       __acrt_update_thread_multibyte_data 0000000180016290 f   libucrt:mbctype.obj
 0001:000152ac       _setmbcp_nolock            00000001800162ac f   libucrt:mbctype.obj
 0001:000155e0       _ismbblead                 00000001800165e0 f   libucrt:ismbbyte.obj
 0001:000155f4       __acrt_initialize_command_line 00000001800165f4 f   libucrt:argv_data.obj
 0001:0001561c       __acrt_MultiByteToWideChar 000000018001661c f   libucrt:multibytetowidechar.obj
 0001:000156ac       __acrt_WideCharToMultiByte 00000001800166ac f   libucrt:widechartomultibyte.obj
 0001:0001578c       __dcrt_get_narrow_environment_from_os 000000018001678c f   libucrt:get_environment_from_os.obj
 0001:0001589c       _recalloc_base             000000018001689c f   libucrt:recalloc.obj
 0001:00015af0       __acrt_AppPolicyGetProcessTerminationMethodInternal 0000000180016af0 f   libucrt:winapi_thunks.obj
 0001:00015b48       __acrt_AreFileApisANSI     0000000180016b48 f   libucrt:winapi_thunks.obj
 0001:00015b8c       __acrt_FlsAlloc            0000000180016b8c f   libucrt:winapi_thunks.obj
 0001:00015b94       __acrt_FlsFree             0000000180016b94 f   libucrt:winapi_thunks.obj
 0001:00015b9c       __acrt_FlsGetValue         0000000180016b9c f   libucrt:winapi_thunks.obj
 0001:00015ba4       __acrt_FlsSetValue         0000000180016ba4 f   libucrt:winapi_thunks.obj
 0001:00015bac       __acrt_InitializeCriticalSectionEx 0000000180016bac f   libucrt:winapi_thunks.obj
 0001:00015c1c       __acrt_LCMapStringEx       0000000180016c1c f   libucrt:winapi_thunks.obj
 0001:00015d08       __acrt_LocaleNameToLCID    0000000180016d08 f   libucrt:winapi_thunks.obj
 0001:00015d68       __acrt_initialize_winapi_thunks 0000000180016d68 f   libucrt:winapi_thunks.obj
 0001:00015d8c       __acrt_uninitialize_winapi_thunks 0000000180016d8c f   libucrt:winapi_thunks.obj
 0001:00015dd0       __acrt_initialize_heap     0000000180016dd0 f   libucrt:heap_handle.obj
 0001:00015dec       __acrt_uninitialize_heap   0000000180016dec f   libucrt:heap_handle.obj
 0001:00015ff0       __acrt_initialize_lowio    0000000180016ff0 f   libucrt:ioinit.obj
 0001:0001602c       __acrt_uninitialize_lowio  000000018001702c f   libucrt:ioinit.obj
 0001:0001606c       __acrt_execute_initializers 000000018001706c f   libucrt:shared_initialization.obj
 0001:00016100       __acrt_execute_uninitializers 0000000180017100 f   libucrt:shared_initialization.obj
 0001:00016148       __acrt_initialize_new_handler 0000000180017148 f   libucrt:new_handler.obj
 0001:00016150       _callnewh                  0000000180017150 f   libucrt:new_handler.obj
 0001:00016190       _query_new_handler         0000000180017190 f   libucrt:new_handler.obj
 0001:00016210       __acrt_get_sigabrt_handler 0000000180017210 f   libucrt:signal.obj
 0001:00016240       __acrt_initialize_signal_handlers 0000000180017240 f   libucrt:signal.obj
 0001:00016260       raise                      0000000180017260 f   libucrt:signal.obj
 0001:000164dc       __acrt_has_user_matherr    00000001800174dc f   libucrt:matherr.obj
 0001:000164fc       __acrt_initialize_user_matherr 00000001800174fc f   libucrt:matherr.obj
 0001:00016504       __acrt_invoke_user_matherr 0000000180017504 f   libucrt:matherr.obj
 0001:00016720       __acrt_stdio_flush_nolock  0000000180017720 f   libucrt:fflush.obj
 0001:000167ac       _fflush_nolock             00000001800177ac f   libucrt:fflush.obj
 0001:00016880       _flushall                  0000000180017880 f   libucrt:fflush.obj
 0001:00016888       __acrt_initialize_stdio    0000000180017888 f   libucrt:_file.obj
 0001:000169a8       __acrt_uninitialize_stdio  00000001800179a8 f   libucrt:_file.obj
 0001:00016a04       _lock_file                 0000000180017a04 f   libucrt:_file.obj
 0001:00016a10       _unlock_file               0000000180017a10 f   libucrt:_file.obj
 0001:00016a1c       _malloc_base               0000000180017a1c f   libucrt:malloc_base.obj
 0001:00016a7c       strnlen                    0000000180017a7c f   libucrt:strnlen.obj
 0001:00016bcc       wcsnlen                    0000000180017bcc f   libucrt:strnlen.obj
 0001:00016da4       __acrt_update_locale_info  0000000180017da4 f   libucrt:locale_update.obj
 0001:00016dd8       __acrt_update_locale_info_explicit 0000000180017dd8 f   libucrt:locale_update.obj
 0001:00016e10       __acrt_update_multibyte_info 0000000180017e10 f   libucrt:locale_update.obj
 0001:00016e44       __acrt_update_multibyte_info_explicit 0000000180017e44 f   libucrt:locale_update.obj
 0001:00017990       __acrt_fp_format           0000000180018990 f   libucrt:cvt.obj
 0001:00017c78       _wctomb_internal           0000000180018c78 f   libucrt:wctomb.obj
 0001:00017e28       _mbtowc_internal           0000000180018e28 f   libucrt:mbtowc.obj
 0001:00017fa0       _fileno                    0000000180018fa0 f   libucrt:fileno.obj
 0001:00017fc8       _get_printf_count_output   0000000180018fc8 f   libucrt:printf_count_output.obj
 0001:00018050       __acrt_set_locale_changed  0000000180019050 f   libucrt:wsetlocale.obj
 0001:0001805c       __acrt_uninitialize_locale 000000018001905c f   libucrt:wsetlocale.obj
 0001:0001808c       __pctype_func              000000018001908c f   libucrt:ctype.obj
 0001:000180bc       _isctype_l                 00000001800190bc f   libucrt:isctype.obj
 0001:000181c4       __acrt_add_locale_ref      00000001800191c4 f   libucrt:locale_refcounting.obj
 0001:00018250       __acrt_free_locale         0000000180019250 f   libucrt:locale_refcounting.obj
 0001:000183c8       __acrt_locale_add_lc_time_reference 00000001800193c8 f   libucrt:locale_refcounting.obj
 0001:000183f0       __acrt_locale_free_lc_time_if_unreferenced 00000001800193f0 f   libucrt:locale_refcounting.obj
 0001:00018428       __acrt_locale_release_lc_time_reference 0000000180019428 f   libucrt:locale_refcounting.obj
 0001:00018450       __acrt_release_locale_ref  0000000180019450 f   libucrt:locale_refcounting.obj
 0001:000184f8       __acrt_update_thread_locale_data 00000001800194f8 f   libucrt:locale_refcounting.obj
 0001:00018568       _updatetlocinfoEx_nolock   0000000180019568 f   libucrt:locale_refcounting.obj
 0001:000185d0       _query_new_mode            00000001800195d0 f   libucrt:new_mode.obj
 0001:000185e0       qsort                      00000001800195e0 f   libucrt:qsort.obj
 0001:000189f0       strncpy_s                  00000001800199f0 f   libucrt:strncpy_s.obj
 0001:00018b80       strpbrk                    0000000180019b80 f   libucrt:strpbrk.obj
 0001:00018f48       _mbsdec                    0000000180019f48 f   libucrt:mbsdec.obj
 0001:00018f50       _mbsdec_l                  0000000180019f50 f   libucrt:mbsdec.obj
 0001:00018fe4       __acrt_GetStringTypeA      0000000180019fe4 f   libucrt:getstringtypea.obj
 0001:000194a8       __acrt_LCMapStringA        000000018001a4a8 f   libucrt:lcmapstringa.obj
 0001:00019558       _msize_base                000000018001a558 f   libucrt:msize.obj
 0001:00019594       _realloc_base              000000018001a594 f   libucrt:realloc_base.obj
 0001:00019610       __acrt_DownlevelLocaleNameToLCID 000000018001a610 f   libucrt:lcidtoname_downlevel.obj
 0001:000196b4       __acrt_lowio_create_handle_array 000000018001a6b4 f   libucrt:osfinfo.obj
 0001:0001975c       __acrt_lowio_destroy_handle_array 000000018001a75c f   libucrt:osfinfo.obj
 0001:000197ac       __acrt_lowio_ensure_fh_exists 000000018001a7ac f   libucrt:osfinfo.obj
 0001:00019854       __acrt_lowio_lock_fh       000000018001a854 f   libucrt:osfinfo.obj
 0001:0001987c       __acrt_lowio_unlock_fh     000000018001a87c f   libucrt:osfinfo.obj
 0001:000198a4       _free_osfhnd               000000018001a8a4 f   libucrt:osfinfo.obj
 0001:00019960       _get_osfhandle             000000018001a960 f   libucrt:osfinfo.obj
 0001:00019a64       _commit                    000000018001aa64 f   libucrt:commit.obj
 0001:0001a300       _write_internal            000000018001b300 f   libucrt:write.obj
 0001:0001a420       _write_nolock              000000018001b420 f   libucrt:write.obj
 0001:0001a728       _fcloseall                 000000018001b728 f   libucrt:closeall.obj
 0001:0001a7dc       __acrt_stdio_free_buffer_nolock 000000018001b7dc f   libucrt:_freebuf.obj
 0001:0001a820       _isatty                    000000018001b820 f   libucrt:isatty.obj
 0001:0001a950       __acrt_fp_strflt_to_string 000000018001b950 f   libucrt:_fptostr.obj
 0001:0001aa60       ?divide@__crt_strtox@@YA_KAEAUbig_integer@1@AEBU21@@Z 000000018001ba60 f i libucrt:cfout.obj
 0001:0001aefc       __acrt_fltout              000000018001befc f   libucrt:cfout.obj
 0001:0001c214       fegetround                 000000018001d214 f   libucrt:fegetround.obj
 0001:0001c228       ?__c32rtomb_utf8@__crt_mbstring@@YA_KPEAD_UPEAU_Mbstatet@@AEAV__crt_cached_ptd_host@@@Z 000000018001d228 f   libucrt:c32rtomb.obj
 0001:0001c2cc       ?__mbrtowc_utf8@__crt_mbstring@@YA_KPEA_WPEBD_KPEAU_Mbstatet@@AEAV__crt_cached_ptd_host@@@Z 000000018001d2cc f   libucrt:mbrtowc.obj
 0001:0001c310       ?__mbsrtowcs_utf8@__crt_mbstring@@YA_KPEA_WPEAPEBD_KPEAU_Mbstatet@@AEAV__crt_cached_ptd_host@@@Z 000000018001d310 f   libucrt:mbrtowc.obj
 0001:0001c4b4       __acrt_locale_free_monetary 000000018001d4b4 f   libucrt:initmon.obj
 0001:0001c5c0       __acrt_locale_free_numeric 000000018001d5c0 f   libucrt:initnum.obj
 0001:0001c660       __acrt_locale_free_time    000000018001d660 f   libucrt:inittime.obj
 0001:0001c768       __strncnt                  000000018001d768 f   libucrt:strncnt.obj
 0001:0001c780       __ascii_wcsnicmp           000000018001d780 f   libucrt:wcsnicmp.obj
 0001:0001c7cc       _query_app_type            000000018001d7cc f   libucrt:report_runtime_error.obj
 0001:0001c880       _lseeki64_nolock_internal  000000018001d880 f   libucrt:lseek.obj
 0001:0001c888       _putwch_nolock             000000018001d888 f   libucrt:putwch.obj
 0001:0001c9e8       fclose                     000000018001d9e8 f   libucrt:fclose.obj
 0001:0001ca80       _controlfp_s               000000018001da80 f   libucrt:contrlfp.obj
 0001:0001cae4       fegetenv                   000000018001dae4 f   libucrt:fegetenv.obj
 0001:0001cb04       fesetenv                   000000018001db04 f   libucrt:fesetenv.obj
 0001:0001cb5c       feholdexcept               000000018001db5c f   libucrt:feholdexcept.obj
 0001:0001cbac       ceil                       000000018001dbac f   libucrt:ceil.obj
 0001:0001cc70       log10                      000000018001dc70 f   libucrt:log10.obj
 0001:0001d21c       __acrt_fenv_get_common_round_control 000000018001e21c f   libucrt:_fenvutils.obj
 0001:0001d228       __acrt_fenv_get_control    000000018001e228 f   libucrt:_fenvutils.obj
 0001:0001d30c       __acrt_fenv_get_status     000000018001e30c f   libucrt:_fenvutils.obj
 0001:0001d364       __acrt_fenv_set_control    000000018001e364 f   libucrt:_fenvutils.obj
 0001:0001d49c       __acrt_fenv_set_status     000000018001e49c f   libucrt:_fenvutils.obj
 0001:0001d510       ?reset_and_return@__crt_mbstring@@YA_K_KPEAU_Mbstatet@@@Z 000000018001e510 f   libucrt:common_utf8.obj
 0001:0001d518       ?return_illegal_sequence@__crt_mbstring@@YA_KPEAU_Mbstatet@@AEAV__crt_cached_ptd_host@@@Z 000000018001e518 f   libucrt:common_utf8.obj
 0001:0001d52c       ?__mbrtoc32_utf8@__crt_mbstring@@YA_KPEA_UPEBD_KPEAU_Mbstatet@@AEAV__crt_cached_ptd_host@@@Z 000000018001e52c f   libucrt:mbrtoc32.obj
 0001:0001d708       __dcrt_lowio_ensure_console_output_initialized 000000018001e708 f   libucrt:initcon.obj
 0001:0001d75c       __dcrt_terminate_console_output 000000018001e75c f   libucrt:initcon.obj
 0001:0001d778       __dcrt_write_console       000000018001e778 f   libucrt:initcon.obj
 0001:0001d8b0       _close_internal            000000018001e8b0 f   libucrt:close.obj
 0001:0001d974       _close_nolock_internal     000000018001e974 f   libucrt:close.obj
 0001:0001da44       ?__acrt_stdio_free_stream@@YAXV__crt_stdio_stream@@@Z 000000018001ea44 f   libucrt:stream.obj
 0001:0001da60       _clearfp                   000000018001ea60 f   libucrt:ieee.obj
 0001:0001dacc       _control87                 000000018001eacc f   libucrt:ieee.obj
 0001:0001de94       _handle_error              000000018001ee94 f   libucrt:libm_error.obj
 0001:0001dfbc       _handle_nan                000000018001efbc f   libucrt:libm_error.obj
 0001:0001dfe0       __acrt_initialize_fma3     000000018001efe0 f   libucrt:fma3_available.obj
 0001:0001e050       _log10_special             000000018001f050 f   libucrt:log_special.obj
 0001:0001e120       _get_fpsr                  000000018001f120 f   libucrt:fpsr.obj
 0001:0001e130       _set_fpsr                  000000018001f130 f   libucrt:fpsr.obj
 0001:0001e13a       _fclrf                     000000018001f13a f   libucrt:fpsr.obj
 0001:0001e14e       _frnd                      000000018001f14e f   libucrt:fpsr.obj
 0001:0001e170       _raise_exc                 000000018001f170 f   libucrt:fpexcept.obj
 0001:0001e198       _raise_exc_ex              000000018001f198 f   libucrt:fpexcept.obj
 0001:0001e4a0       _set_errno_from_matherr    000000018001f4a0 f   libucrt:fpexcept.obj
 0001:0001e4d0       _clrfp                     000000018001f4d0 f   libucrt:fpctrl.obj
 0001:0001e4f0       _ctrlfp                    000000018001f4f0 f   libucrt:fpctrl.obj
 0001:0001e56c       _set_statfp                000000018001f56c f   libucrt:fpctrl.obj
 0001:0001e58c       _statfp                    000000018001f58c f   libucrt:fpctrl.obj
 0001:0001e5a0       _FindPESection             000000018001f5a0 f   LIBCMT:pesect.obj
 0001:0001e5f0       _IsNonwritableInCurrentImage 000000018001f5f0 f   LIBCMT:pesect.obj
 0001:0001e640       _ValidateImageBase         000000018001f640 f   LIBCMT:pesect.obj
 0001:0001e66c       __GSHandlerCheck           000000018001f66c f   LIBCMT:gshandler.obj
 0001:0001e68c       __GSHandlerCheckCommon     000000018001f68c f   LIBCMT:gshandler.obj
 0001:0001e700       __security_check_cookie    000000018001f700 f   LIBCMT:amdsecgs.obj
 0001:0001e720       __GSHandlerCheck_SEH       000000018001f720 f   LIBCMT:gshandlerseh.obj
 0001:0001e7a8       __raise_securityfailure    000000018001f7a8 f   LIBCMT:gs_report.obj
 0001:0001e7dc       __report_gsfailure         000000018001f7dc f   LIBCMT:gs_report.obj
 0001:0001e8b0       __report_rangecheckfailure 000000018001f8b0 f   LIBCMT:gs_report.obj
 0001:0001e8c4       __report_securityfailure   000000018001f8c4 f   LIBCMT:gs_report.obj
 0001:0001ea60       __chkstk                   000000018001fa60 f   LIBCMT:chkstk.obj
 0001:0001ea60       _alloca_probe              000000018001fa60 f   LIBCMT:chkstk.obj
 0001:0001eab0       __GSHandlerCheck_EH        000000018001fab0 f   LIBCMT:gshandlereh.obj
 0001:0001eb30       __C_specific_handler_noexcept 000000018001fb30 f   libvcruntime:chandler_noexcept.obj
 0001:0001eb7c       strrchr                    000000018001fb7c f   libvcruntime:strrchr.obj
 0001:0001ecd0       memcmp                     000000018001fcd0 f   libvcruntime:memcmp.obj
 0001:0001edb0       _guard_dispatch_icall_nop  000000018001fdb0 f   LIBCMT:guard_dispatch.obj
 0001:0001edd0       _guard_xfg_dispatch_icall_nop 000000018001fdd0 f   LIBCMT:guard_xfg_dispatch.obj
[...]
 0002:0000aca4       $unwind$?should_round_up@@YA_NQEBN_KFW4__acrt_rounding_mode@@@Z 000000018002bca4     libucrt:cvt.obj
 0002:0000acc0       $unwind$?fp_format_a@@YAHQEBNPEAD_KQEAD2H_NIW4__acrt_rounding_mode@@AEAV__crt_cached_ptd_host@@@Z 000000018002bcc0     libucrt:cvt.obj
 0002:0000acdc       $unwind$?fp_format_g@@YAHQEBNQEAD_K12H_NIW4__acrt_rounding_mode@@AEAV__crt_cached_ptd_host@@@Z 000000018002bcdc     libucrt:cvt.obj
 0002:0000acf4       $unwind$_wctomb_internal   000000018002bcf4     libucrt:wctomb.obj
 0002:0000ad08       $unwind$??$?RV<lambda_410d79af7f07d98d83a3f525b3859a53>@@AEAV<lambda_3e16ef9562a7dcce91392c22ab16ea36>@@V<lambda_38119f0e861e05405d8a144b9b982f0a>@@@?$__crt_seh_guarded_call@X@@QEAAX$$QEAV<lambda_410d79af7f07d98d83a3f525b3859a53>@@AEAV<lambda_3e16ef9562a7dcce91392c22ab16ea36>@@$$QEAV<lambda_38119f0e861e05405d8a144b9b982f0a>@@@Z 000000018002bd08     libucrt:wsetlocale.obj
 0002:0000ad30       $unwind$_isctype_l         000000018002bd30     libucrt:isctype.obj
 0002:0000ad4c       $unwind$__acrt_update_thread_locale_data 000000018002bd4c     libucrt:locale_refcounting.obj
 0002:0000ad70       $unwind$qsort              000000018002bd70     libucrt:qsort.obj
 0002:0000ad88       $chain$4$qsort             000000018002bd88     libucrt:qsort.obj
 0002:0000adac       $chain$5$qsort             000000018002bdac     libucrt:qsort.obj
 0002:0000adbc       $unwind$strpbrk            000000018002bdbc     libucrt:strpbrk.obj
 0002:0000adcc       $unwind$fallbackMethod     000000018002bdcc     libucrt:strpbrk.obj
 0002:0000addc       $unwind$__acrt_GetStringTypeA 000000018002bddc     libucrt:getstringtypea.obj
 0002:0000ae04       $unwind$__acrt_LCMapStringA 000000018002be04     libucrt:lcmapstringa.obj
 0002:0000ae14       $unwind$?__acrt_LCMapStringA_stat@@YAHPEAU__crt_locale_pointers@@PEB_WKPEBDHPEADHHH@Z 000000018002be14     libucrt:lcmapstringa.obj
 0002:0000ae3c       $unwind$__acrt_lowio_destroy_handle_array 000000018002be3c     libucrt:osfinfo.obj
 0002:0000ae4c       $unwind$__acrt_lowio_ensure_fh_exists 000000018002be4c     libucrt:osfinfo.obj
 0002:0000ae78       $unwind$_commit            000000018002be78     libucrt:commit.obj
 0002:0000ae80       $unwind$??$?RV<lambda_a37b2b86f63e897a80ea819b0eb08c01>@@AEAV<lambda_38ce7e780aa69e748d6df282ebc68efe>@@V<lambda_99fb1378e971ab6e7edea83e3a7a83a2>@@@?$__crt_seh_guarded_call@H@@QEAAH$$QEAV<lambda_a37b2b86f63e897a80ea819b0eb08c01>@@AEAV<lambda_38ce7e780aa69e748d6df282ebc68efe>@@$$QEAV<lambda_99fb1378e971ab6e7edea83e3a7a83a2>@@@Z 000000018002be80     libucrt:commit.obj
 0002:0000aea4       $unwind$_write_nolock      000000018002bea4     libucrt:write.obj
 0002:0000aebc       $unwind$_write_internal    000000018002bebc     libucrt:write.obj
 0002:0000aee8       $unwind$?write_double_translated_ansi_nolock@@YA?AUwrite_result@?A0x17268360@@HQEBDIAEAV__crt_cached_ptd_host@@@Z 000000018002bee8     libucrt:write.obj
 0002:0000af10       $ip2state$?write_double_translated_ansi_nolock@@YA?AUwrite_result@?A0x17268360@@HQEBDIAEAV__crt_cached_ptd_host@@@Z 000000018002bf10     libucrt:write.obj
 0002:0000af18       $unwind$?write_text_ansi_nolock@@YA?AUwrite_result@?A0x17268360@@HQEBDI@Z 000000018002bf18     libucrt:write.obj
 0002:0000af18       $unwind$?write_text_utf16le_nolock@@YA?AUwrite_result@?A0x17268360@@HQEBDI@Z 000000018002bf18     libucrt:write.obj
 0002:0000af38       $unwind$?write_text_utf8_nolock@@YA?AUwrite_result@?A0x17268360@@HQEBDI@Z 000000018002bf38     libucrt:write.obj
 0002:0000af5c       $unwind$_fcloseall         000000018002bf5c     libucrt:closeall.obj
 0002:0000af80       $unwind$__acrt_fltout      000000018002bf80     libucrt:cfout.obj
 0002:0000afa0       $unwind$?divide@__crt_strtox@@YA_KAEAUbig_integer@1@AEBU21@@Z 000000018002bfa0     libucrt:cfout.obj
 0002:0000afb8       $chain$0$?divide@__crt_strtox@@YA_KAEAUbig_integer@1@AEBU21@@Z 000000018002bfb8     libucrt:cfout.obj
 0002:0000afcc       $chain$1$?divide@__crt_strtox@@YA_KAEAUbig_integer@1@AEBU21@@Z 000000018002bfcc     libucrt:cfout.obj
 0002:0000afdc       $unwind$?__mbsrtowcs_utf8@__crt_mbstring@@YA_KPEA_WPEAPEBD_KPEAU_Mbstatet@@AEAV__crt_cached_ptd_host@@@Z 000000018002bfdc     libucrt:mbrtowc.obj
 0002:0000aff4       $unwind$__acrt_locale_free_monetary 000000018002bff4     libucrt:initmon.obj
 0002:0000affc       $unwind$__acrt_locale_free_time 000000018002bffc     libucrt:inittime.obj
 0002:0000b00c       $unwind$_putwch_nolock     000000018002c00c     libucrt:putwch.obj
 0002:0000b014       $unwind$?_fclose_nolock_internal@@YAHQEAU_iobuf@@AEAV__crt_cached_ptd_host@@@Z 000000018002c014     libucrt:fclose.obj
 0002:0000b024       $unwind$?_fclose_internal@@YAHQEAU_iobuf@@AEAV__crt_cached_ptd_host@@@Z 000000018002c024     libucrt:fclose.obj
 0002:0000b048       $unwind$fesetenv           000000018002c048     libucrt:fesetenv.obj
 0002:0000b058       $xdatasym                  000000018002c058     libucrt:log10.obj
 0002:0000b064       $unwind$__acrt_fenv_get_control 000000018002c064     libucrt:_fenvutils.obj
 0002:0000b06c       $unwind$__acrt_fenv_set_control 000000018002c06c     libucrt:_fenvutils.obj
 0002:0000b07c       $unwind$?__mbrtoc32_utf8@__crt_mbstring@@YA_KPEA_UPEBD_KPEAU_Mbstatet@@AEAV__crt_cached_ptd_host@@@Z 000000018002c07c     libucrt:mbrtoc32.obj
 0002:0000b098       $unwind$_close_internal    000000018002c098     libucrt:close.obj
 0002:0000b0a0       $unwind$??$?RV<lambda_ad8af0d99a0adf03d037d7dffe354bb5>@@AEAV<lambda_c9ba49e555ba839a7b07aa3fbecb7617>@@V<lambda_2f1ebd5d68526518146ae959c9e734c8>@@@?$__crt_seh_guarded_call@H@@QEAAH$$QEAV<lambda_ad8af0d99a0adf03d037d7dffe354bb5>@@AEAV<lambda_c9ba49e555ba839a7b07aa3fbecb7617>@@$$QEAV<lambda_2f1ebd5d68526518146ae959c9e734c8>@@@Z 000000018002c0a0     libucrt:close.obj
 0002:0000b0c4       $unwind$common_control87   000000018002c0c4     libucrt:ieee.obj
 0002:0000b0f0       $unwind$_call_matherr      000000018002c0f0     libucrt:libm_error.obj
 0002:0000b0f8       $unwind$_handle_error      000000018002c0f8     libucrt:libm_error.obj
 0002:0000b118       $unwind$__acrt_initialize_fma3 000000018002c118     libucrt:fma3_available.obj
 0002:0000b120       $unwind$_log_special_common 000000018002c120     libucrt:log_special.obj
 0002:0000b130       $xdatasym                  000000018002c130     libucrt:fpsr.obj
 0002:0000b138       $unwind$_raise_exc_ex      000000018002c138     libucrt:fpexcept.obj
 0002:0000b14c       $unwind$_ctrlfp            000000018002c14c     libucrt:fpctrl.obj
 0002:0000b174       $unwind$_IsNonwritableInCurrentImage 000000018002c174     LIBCMT:pesect.obj
 0002:0000b198       $unwind$__GSHandlerCheckCommon 000000018002c198     LIBCMT:gshandler.obj
 0002:0000b1a0       $xdatasym                  000000018002c1a0     LIBCMT:amdsecgs.obj
 0002:0000b1a4       $unwind$__report_securityfailure 000000018002c1a4     LIBCMT:gs_report.obj
 0002:0000b1ac       $unwind$__report_gsfailure 000000018002c1ac     LIBCMT:gs_report.obj
 0002:0000b1b4       $unwind$capture_current_context 000000018002c1b4     LIBCMT:gs_report.obj
 0002:0000b1c0       $unwind$capture_previous_context 000000018002c1c0     LIBCMT:gs_report.obj
 0002:0000b1d0       $xdatasym                  000000018002c1d0     LIBCMT:chkstk.obj
 0002:0000b1d8       $xdatasym                  000000018002c1d8     libvcruntime:memcmp.obj
 0002:0000b700       .edata                     000000018002c700     PhysXCooking_64.exp
 0002:0000b728       rgpv                       000000018002c728     PhysXCooking_64.exp
 0002:0000b810       rgszName                   000000018002c810     PhysXCooking_64.exp
 0002:0000b8f8       rgwOrd                     000000018002c8f8     PhysXCooking_64.exp
 0002:0000b96c       szName                     000000018002c96c     PhysXCooking_64.exp
 0002:0000b980       $N00001                    000000018002c980     PhysXCooking_64.exp
 0002:0000b9a4       $N00002                    000000018002c9a4     PhysXCooking_64.exp
 0002:0000b9d3       $N00003                    000000018002c9d3     PhysXCooking_64.exp
 0002:0000b9fa       $N00004                    000000018002c9fa     PhysXCooking_64.exp
 0002:0000ba51       $N00005                    000000018002ca51     PhysXCooking_64.exp
 0002:0000ba7c       $N00006                    000000018002ca7c     PhysXCooking_64.exp
 0002:0000baa2       $N00007                    000000018002caa2     PhysXCooking_64.exp
 0002:0000bac1       $N00008                    000000018002cac1     PhysXCooking_64.exp
 0002:0000bae5       $N00009                    000000018002cae5     PhysXCooking_64.exp
 0002:0000bb0c       $N00010                    000000018002cb0c     PhysXCooking_64.exp
 0002:0000bb35       $N00011                    000000018002cb35     PhysXCooking_64.exp
 0002:0000bb54       $N00012                    000000018002cb54     PhysXCooking_64.exp
 0002:0000bb87       $N00013                    000000018002cb87     PhysXCooking_64.exp
 0002:0000bbbd       $N00014                    000000018002cbbd     PhysXCooking_64.exp
 0002:0000bbf5       $N00015                    000000018002cbf5     PhysXCooking_64.exp
 0002:0000bc27       $N00016                    000000018002cc27     PhysXCooking_64.exp
 0002:0000bc53       $N00017                    000000018002cc53     PhysXCooking_64.exp
 0002:0000bc6f       $N00018                    000000018002cc6f     PhysXCooking_64.exp
 0002:0000bc99       $N00019                    000000018002cc99     PhysXCooking_64.exp
 0002:0000bcd5       $N00020                    000000018002ccd5     PhysXCooking_64.exp
 0002:0000bd10       $N00021                    000000018002cd10     PhysXCooking_64.exp
 0002:0000bd4b       $N00022                    000000018002cd4b     PhysXCooking_64.exp
 0002:0000bd80       $N00023                    000000018002cd80     PhysXCooking_64.exp
 0002:0000bdbc       $N00024                    000000018002cdbc     PhysXCooking_64.exp
 0002:0000bdef       $N00025                    000000018002cdef     PhysXCooking_64.exp
 0002:0000be22       $N00026                    000000018002ce22     PhysXCooking_64.exp
 0002:0000be5c       $N00027                    000000018002ce5c     PhysXCooking_64.exp
 0002:0000be96       $N00028                    000000018002ce96     PhysXCooking_64.exp
 0002:0000bec3       $N00029                    000000018002cec3     PhysXCooking_64.exp
 0002:0000bef6       $N00030                    000000018002cef6     PhysXCooking_64.exp
 0002:0000bf24       $N00031                    000000018002cf24     PhysXCooking_64.exp
 0002:0000bf51       $N00032                    000000018002cf51     PhysXCooking_64.exp
 0002:0000bf8d       $N00033                    000000018002cf8d     PhysXCooking_64.exp
 0002:0000bfca       $N00034                    000000018002cfca     PhysXCooking_64.exp
 0002:0000bffa       $N00035                    000000018002cffa     PhysXCooking_64.exp
 0002:0000c011       $N00036                    000000018002d011     PhysXCooking_64.exp
 0002:0000c02c       $N00037                    000000018002d02c     PhysXCooking_64.exp
 0002:0000c043       $N00038                    000000018002d043     PhysXCooking_64.exp
 0002:0000c059       $N00039                    000000018002d059     PhysXCooking_64.exp
 0002:0000c070       $N00040                    000000018002d070     PhysXCooking_64.exp
 0002:0000c088       $N00041                    000000018002d088     PhysXCooking_64.exp
 0002:0000c092       $N00042                    000000018002d092     PhysXCooking_64.exp
 0002:0000c0a3       $N00043                    000000018002d0a3     PhysXCooking_64.exp
 0002:0000c0b5       $N00044                    000000018002d0b5     PhysXCooking_64.exp
 0002:0000c0c8       $N00045                    000000018002d0c8     PhysXCooking_64.exp
 0002:0000c0de       $N00046                    000000018002d0de     PhysXCooking_64.exp
 0002:0000c0f1       $N00047                    000000018002d0f1     PhysXCooking_64.exp
 0002:0000c0fd       $N00048                    000000018002d0fd     PhysXCooking_64.exp
 0002:0000c111       $N00049                    000000018002d111     PhysXCooking_64.exp
 0002:0000c124       $N00050                    000000018002d124     PhysXCooking_64.exp
 0002:0000c138       $N00051                    000000018002d138     PhysXCooking_64.exp
 0002:0000c14d       $N00052                    000000018002d14d     PhysXCooking_64.exp
 0002:0000c165       $N00053                    000000018002d165     PhysXCooking_64.exp
 0002:0000c17a       $N00054                    000000018002d17a     PhysXCooking_64.exp
 0002:0000c197       $N00055                    000000018002d197     PhysXCooking_64.exp
 0002:0000c1b8       $N00056                    000000018002d1b8     PhysXCooking_64.exp
 0002:0000c1d7       $N00057                    000000018002d1d7     PhysXCooking_64.exp
 0002:0000c1ec       $N00058                    000000018002d1ec     PhysXCooking_64.exp
 0002:0000c4b8       .idata$6                   000000018002d4b8     kernel32:KERNEL32.dll
 0003:00000040       ?prefix@?1??getDimension@UnDecorator@@CA?AVDName@@_N@Z@4UStringLiteral@@A 000000018002e040     libvcruntime:undname.obj
 0003:00000050       ?__vcrt_flsindex@@3KA      000000018002e050     libvcruntime:per_thread_data.obj
 0003:00000070       ?__acrt_flsindex@@3KA      000000018002e070     libucrt:per_thread_data.obj
 0003:00000074       ?errno_no_memory@@3HA      000000018002e074     libucrt:errno.obj
 0003:00000078       ?doserrno_no_memory@@3KA   000000018002e078     libucrt:errno.obj
 0003:000002b0       _mbctypes                  000000018002e2b0     libucrt:mbctype.obj
 0003:000003c0       _mbcasemaps                000000018002e3c0     libucrt:mbctype.obj
 0003:000004c0       ?__rgctypeflag@@3PADA      000000018002e4c0     libucrt:mbctype.obj
 0003:000004d0       ?__rgcode_page_info@@3PAUcode_page_info@@A 000000018002e4d0     libucrt:mbctype.obj
 0003:000009e0       ?__dcrt_lowio_console_output_handle@@3PEAXEA 000000018002e9e0     libucrt:initcon.obj
 0003:000009e8       ?dazSupported@?1??common_control87@@9@9 000000018002e9e8     libucrt:ieee.obj
 0003:000009f0       ?dazSupported@?1??_ctrlfp@@9@9 000000018002e9f0     libucrt:fpctrl.obj
 0003:00000cb0       ?maxV3Error@vecMathTests@aos@physx@@3T__m128@@B 000000018002ecb0     Cooking.obj
 0003:00000cc0       ?minFError@vecMathTests@aos@physx@@3T__m128@@B 000000018002ecc0     Cooking.obj
 0003:00000cd0       ?maxV4Error@vecMathTests@aos@physx@@3T__m128@@B 000000018002ecd0     Cooking.obj
 0003:00000ce0       ?minV4Error@vecMathTests@aos@physx@@3T__m128@@B 000000018002ece0     Cooking.obj
 0003:00000cf0       ?minV3Error@vecMathTests@aos@physx@@3T__m128@@B 000000018002ecf0     Cooking.obj
 0003:00000d00       ?maxFError@vecMathTests@aos@physx@@3T__m128@@B 000000018002ed00     Cooking.obj
 0003:00000d10       ?gCookingDelayLoadHook@@3PEBVPxDelayLoadHook@physx@@EB 000000018002ed10     WindowsCookingDelayLoadHook.obj
 0003:00000d70       ?__proc_attached@@3HA      000000018002ed70     LIBCMT:dll_dllmain.obj
 0003:00000d98       ?is_initialized_as_dll@@3_NA 000000018002ed98     LIBCMT:utility.obj
 0003:00000d99       ?module_local_atexit_table_initialized@@3_NA 000000018002ed99     LIBCMT:utility.obj
 0003:00000da0       ?module_local_atexit_table@@3U_onexit_table_t@@A 000000018002eda0     LIBCMT:utility.obj
 0003:00000db8       ?module_local_at_quick_exit_table@@3U_onexit_table_t@@A 000000018002edb8     LIBCMT:utility.obj
 0003:00000e28       ?heap@@3V_HeapManager@@A   000000018002ee28     libvcruntime:undname.obj
 0003:00000e50       ?__vcrt_startup_thread_ptd@@3U__vcrt_ptd@@A 000000018002ee50     libvcruntime:per_thread_data.obj
 0003:00000ed0       __vcrt_lock_table          000000018002eed0     libvcruntime:locks.obj
 0003:00000ef8       __vcrt_locks_initialized   000000018002eef8     libvcruntime:locks.obj
 0003:00000f00       ?module_handles@@3PAPEAUHINSTANCE__@@A 000000018002ef00     libvcruntime:winapi_downlevel.obj
 0003:00000f18       ?function_pointers@@3PAPEAXA 000000018002ef18     libvcruntime:winapi_downlevel.obj
 0003:00000f40       ?c_termination_complete@@3JA 000000018002ef40     libucrt:exit.obj
 0003:00000f48       ?thread_local_exit_callback_func@@3P6AXPEAXK0@ZEA 000000018002ef48     libucrt:exit.obj
 0003:00000f50       ?c_exit_complete@?1???R<lambda_6e4b09c48022b2350581041d5f6b0c4c>@@QEBA@XZ@4_NA 000000018002ef50     libucrt:exit.obj
 0003:00000f60       ?program_name@?1???$common_configure_argv@D@@YAHW4_crt_argv_mode@@@Z@4PADA 000000018002ef60     libucrt:argv_parsing.obj
 0003:000010c0       ?__acrt_lock_table@@3PAU_RTL_CRITICAL_SECTION@@A 000000018002f0c0     libucrt:locks.obj
 0003:000012f0       ?__acrt_locks_initialized@@3IA 000000018002f2f0     libucrt:locks.obj
 0003:000012f8       ?__acrt_invalid_parameter_handler@@3V?$dual_state_global@P6AXPEB_W00I_K@Z@__crt_state_management@@A 000000018002f2f8     libucrt:invalid_parameter.obj
 0003:00001318       ?fSystemSet@@3HA           000000018002f318     libucrt:mbctype.obj
 0003:0000131c       ?initialized@?1??__acrt_initialize_multibyte@@9@4_NA 000000018002f31c     libucrt:mbctype.obj
 0003:00001350       ?module_handles@@3PAPEAUHINSTANCE__@@A 000000018002f350     libucrt:winapi_thunks.obj
 0003:00001400       ?encoded_function_pointers@@3PAPEAXA 000000018002f400     libucrt:winapi_thunks.obj
 0003:00001908       ?__acrt_new_handler@@3V?$dual_state_global@P6AH_K@Z@__crt_state_management@@A 000000018002f908     libucrt:new_handler.obj
 0003:00001910       ?ctrlc_action@@3V?$dual_state_global@P6AXH@Z@__crt_state_management@@A 000000018002f910     libucrt:signal.obj
 0003:00001918       ?ctrlbreak_action@@3V?$dual_state_global@P6AXH@Z@__crt_state_management@@A 000000018002f918     libucrt:signal.obj
 0003:00001920       ?abort_action@@3V?$dual_state_global@P6AXH@Z@__crt_state_management@@A 000000018002f920     libucrt:signal.obj
 0003:00001928       ?term_action@@3V?$dual_state_global@P6AXH@Z@__crt_state_management@@A 000000018002f928     libucrt:signal.obj
 0003:00001930       ?user_matherr@@3V?$dual_state_global@P6AHPEAU_exception@@@Z@__crt_state_management@@A 000000018002f930     libucrt:matherr.obj
 0003:00001960       ?internal_state@?1??_mbtowc_internal@@9@4U_Mbstatet@@A 000000018002f960     libucrt:mbtowc.obj
 0003:00001968       ?enable_percent_n@@3_KA    000000018002f968     libucrt:printf_count_output.obj
 0003:00001974       ?__acrt_global_new_mode@@3V?$dual_state_global@J@__crt_state_management@@A 000000018002f974     libucrt:new_mode.obj
 0003:00001980       ?__acrt_app_type@@3W4_crt_app_type@@A 000000018002f980     libucrt:report_runtime_error.obj
 0003:00001988       ?internal_pst@?1??__mbrtoc32_utf8@__crt_mbstring@@YA_KPEA_UPEBD_KPEAU_Mbstatet@@AEAV__crt_cached_ptd_host@@@Z@4U3@A 000000018002f988     libucrt:mbrtoc32.obj
 0003:000019a0       GS_ExceptionRecord         000000018002f9a0     LIBCMT:gs_report.obj
 0003:00001a40       GS_ContextRecord           000000018002fa40     LIBCMT:gs_report.obj
 0005:00000000       SetSmall                   0000000180032000     libvcruntime:memset.obj
 0005:00000040       SetSmallYmm                0000000180032040     libvcruntime:memset.obj
 0005:00000064       SetSmallYmmNT              0000000180032064     libvcruntime:memset.obj
 0005:00000088       SetSmallXmm                0000000180032088     libvcruntime:memset.obj
 0005:000000b0       MoveSmall                  00000001800320b0     libvcruntime:memcpy.obj
 0005:000000f0       MoveSmallYmm               00000001800320f0     libvcruntime:memcpy.obj
 0005:00000114       MoveSmallYmmNT             0000000180032114     libvcruntime:memcpy.obj
 0005:00000138       MoveSmallXmm               0000000180032138     libvcruntime:memcpy.obj
 0006:000000a0       $R000000                   00000001800330a0     PhysXCooking.res
 0006:000003d0       $R000330                   00000001800333d0     PhysXCooking.res
