 PhysXCooking_64

 Timestamp is 67402982 (Fri Nov 22 07:49:38 2024)

 Preferred load address is 0000000180000000

 Start         Length     Name                   Class
 0001:00000000 00000060H .text$di                CODE
 0001:00000060 00001e70H .text$mn                CODE
 0001:00001ed0 00000036H .text$mn$00             CODE
 0001:00001f06 00000092H .text$x                 CODE
 0002:00000000 00000158H .idata$5                DATA
 0002:00000158 00000038H .00cfg                  DATA
 0002:00000190 00000008H .CRT$XCA                DATA
 0002:00000198 00000030H .CRT$XCU                DATA
 0002:000001c8 00000008H .CRT$XCZ                DATA
 0002:000001d0 00000008H .CRT$XIA                DATA
 0002:000001d8 00000008H .CRT$XIZ                DATA
 0002:000001e0 00000008H .CRT$XPA                DATA
 0002:000001e8 00000008H .CRT$XPZ                DATA
 0002:000001f0 00000008H .CRT$XTA                DATA
 0002:000001f8 00000008H .CRT$XTZ                DATA
 0002:00000200 00000000H .gehcont$y              DATA
 0002:00000200 00000000H .gfids$y                DATA
 0002:00000200 00000400H .rdata                  DATA
 0002:00000600 00000000H .rdata$CastGuardVftablesA DATA
 0002:00000600 00000000H .rdata$CastGuardVftablesC DATA
 0002:00000600 00000074H .rdata$r                DATA
 0002:00000674 00000080H .rdata$voltmd           DATA
 0002:000006f4 000003a4H .rdata$zzzdbg           DATA
 0002:00000a98 00000008H .rtc$IAA                DATA
 0002:00000aa0 00000008H .rtc$IZZ                DATA
 0002:00000aa8 00000008H .rtc$TAA                DATA
 0002:00000ab0 00000008H .rtc$TZZ                DATA
 0002:00000ab8 000002ecH .xdata                  DATA
 0002:00000da4 00000040H .didat$2                DATA
 0002:00000de4 00000024H .didat$3                DATA
 0002:00000e08 000000d8H .didat$4                DATA
 0002:00000ee0 00000280H .didat$6                DATA
 0002:00001160 000001f0H .didat$7                DATA
 0002:00001350 00000b04H .edata                  DATA
 0002:00001e54 00000050H .idata$2                DATA
 0002:00001ea4 00000014H .idata$3                DATA
 0002:00001eb8 00000158H .idata$4                DATA
 0002:00002010 00000372H .idata$6                DATA
 0003:00000000 000000b0H .data                   DATA
 0003:000000b0 00000090H .data$r                 DATA
 0003:00000140 00000020H .data$rs                DATA
 0003:00000160 000000e0H .didat$5                DATA
 0003:00000240 00000130H .bss                    DATA
 0004:00000000 00000318H .pdata                  DATA
 0005:00000000 000000a0H .rsrc$01                DATA
 0005:000000a0 000004b0H .rsrc$02                DATA

  Address         Publics by Value              Rva+Base               Lib:Object

 0000:00000000       __AbsoluteZero             0000000000000000     <absolute>
 0000:00000000       ___safe_se_handler_count   0000000000000000     <absolute>
 0000:00000000       ___safe_se_handler_table   0000000000000000     <absolute>
 0000:00000000       __arm64x_extra_rfe_table   0000000000000000     <absolute>
 0000:00000000       __arm64x_extra_rfe_table_size 0000000000000000     <absolute>
 0000:00000000       __arm64x_native_entrypoint 0000000000000000     <absolute>
 0000:00000000       __arm64x_redirection_metadata 0000000000000000     <absolute>
 0000:00000000       __arm64x_redirection_metadata_count 0000000000000000     <absolute>
 0000:00000000       __dynamic_value_reloc_table 0000000000000000     <absolute>
 0000:00000000       __enclave_config           0000000000000000     <absolute>
 0000:00000000       __guard_check_icall_a64n_fptr 0000000000000000     <absolute>
 0000:00000000       __guard_eh_cont_count      0000000000000000     <absolute>
 0000:00000000       __guard_eh_cont_table      0000000000000000     <absolute>
 0000:00000000       __guard_fids_count         0000000000000000     <absolute>
 0000:00000000       __guard_fids_table         0000000000000000     <absolute>
 0000:00000000       __guard_iat_count          0000000000000000     <absolute>
 0000:00000000       __guard_iat_table          0000000000000000     <absolute>
 0000:00000000       __guard_longjmp_count      0000000000000000     <absolute>
 0000:00000000       __guard_longjmp_table      0000000000000000     <absolute>
 0000:00000000       __hybrid_auxiliary_delayload_iat 0000000000000000     <absolute>
 0000:00000000       __hybrid_auxiliary_delayload_iat_copy 0000000000000000     <absolute>
 0000:00000000       __hybrid_auxiliary_iat     0000000000000000     <absolute>
 0000:00000000       __hybrid_auxiliary_iat_copy 0000000000000000     <absolute>
 0000:00000000       __hybrid_code_map          0000000000000000     <absolute>
 0000:00000000       __hybrid_code_map_count    0000000000000000     <absolute>
 0000:00000000       __hybrid_image_info_bitfield 0000000000000000     <absolute>
 0000:00000000       __x64_code_ranges_to_entry_points 0000000000000000     <absolute>
 0000:00000000       __x64_code_ranges_to_entry_points_count 0000000000000000     <absolute>
 0000:00000100       __guard_flags              0000000000000100     <absolute>
 0000:00000000       __ImageBase                0000000180000000     <linker-defined>
 0001:00000060       ??$copy@V?$PxReflectionAllocator@USlab@NodeAllocator@Gu@physx@@@physx@@@?$PxArray@USlab@NodeAllocator@Gu@physx@@V?$PxReflectionAllocator@USlab@NodeAllocator@Gu@physx@@@4@@physx@@IEAAXAEBV01@@Z 0000000180001060 f i Cooking.obj
 0001:000000e0       ??0AABBTreeBounds@Gu@physx@@QEAA@XZ 00000001800010e0 f i Cooking.obj
 0001:000000f0       ??0AABBTreeBuildNode@Gu@physx@@QEAA@AEBV012@@Z 00000001800010f0 f i Cooking.obj
 0001:000000f0       ??4AABBTreeBuildNode@Gu@physx@@QEAAAEAV012@AEBV012@@Z 00000001800010f0 f i Cooking.obj
 0001:00000130       ??0AABBTreeBuildNode@Gu@physx@@QEAA@XZ 0000000180001130 f i Cooking.obj
 0001:00000130       ??4PxFoundation@physx@@QEAAAEAV01@AEBV01@@Z 0000000180001130 f i Cooking.obj
 0001:00000130       ?getAABB@AABBTreeBuildNode@Gu@physx@@QEBAAEBVPxBounds3@3@XZ 0000000180001130 f i Cooking.obj
 0001:00000140       ??0AABBTreeBuildParams@Gu@physx@@QEAA@IIPEBVAABBTreeBounds@12@W4BVHBuildStrategy@12@@Z 0000000180001140 f i Cooking.obj
 0001:00000160       ??0NodeAllocator@Gu@physx@@QEAA@AEBV012@@Z 0000000180001160 f i Cooking.obj
 0001:000001a0       ??0PxFoundation@physx@@QEAA@AEBV01@@Z 00000001800011a0 f i Cooking.obj
 0001:000001a0       ??0PxFoundation@physx@@QEAA@XZ 00000001800011a0 f i Cooking.obj
 0001:000001b0       ??1AABBTreeBounds@Gu@physx@@QEAA@XZ 00000001800011b0 f i Cooking.obj
 0001:000001c0       ??1AABBTreeBuildNode@Gu@physx@@QEAA@XZ 00000001800011c0 f i Cooking.obj
 0001:000001c0       _guard_check_icall_nop     00000001800011c0 f i MSVCRT:guard_support.obj
 0001:000001d0       ??1AABBTreeBuildParams@Gu@physx@@QEAA@XZ 00000001800011d0 f i Cooking.obj
 0001:000001d0       ?reset@AABBTreeBuildParams@Gu@physx@@QEAAXXZ 00000001800011d0 f i Cooking.obj
 0001:00000220       ??1PxFoundation@physx@@MEAA@XZ 0000000180001220 f i Cooking.obj
 0001:00000230       ??4AABBTreeBounds@Gu@physx@@QEAAAEAV012@AEBV012@@Z 0000000180001230 f i Cooking.obj
 0001:00000240       ??4AABBTreeBuildParams@Gu@physx@@QEAAAEAV012@AEBV012@@Z 0000000180001240 f i Cooking.obj
 0001:00000260       ??4NodeAllocator@Gu@physx@@QEAAAEAV012@AEBV012@@Z 0000000180001260 f i Cooking.obj
 0001:00000310       ??_EPxFoundation@physx@@MEAAPEAXI@Z 0000000180001310 f i Cooking.obj
 0001:000003a0       ??_FAABBTreeBuildParams@Gu@physx@@QEAAXXZ 00000001800013a0 f i Cooking.obj
 0001:000003c0       ?allocate@?$PxArray@USlab@NodeAllocator@Gu@physx@@V?$PxReflectionAllocator@USlab@NodeAllocator@Gu@physx@@@4@@physx@@IEAAPEAUSlab@NodeAllocator@Gu@2@IPEAI@Z 00000001800013c0 f i Cooking.obj
 0001:00000470       ?getBounds@AABBTreeBounds@Gu@physx@@QEAAPEAVPxBounds3@3@XZ 0000000180001470 f i Cooking.obj
 0001:00000470       ?getBounds@AABBTreeBounds@Gu@physx@@QEBAPEBVPxBounds3@3@XZ 0000000180001470 f i Cooking.obj
 0001:00000480       ?getNbPrimitives@AABBTreeBuildNode@Gu@physx@@QEBAIXZ 0000000180001480 f i Cooking.obj
 0001:00000480       ?getNbRuntimePrimitives@AABBTreeBuildNode@Gu@physx@@QEBAIXZ 0000000180001480 f i Cooking.obj
 0001:00000490       ?getNeg@AABBTreeBuildNode@Gu@physx@@QEBAPEBV123@XZ 0000000180001490 f i Cooking.obj
 0001:000004b0       ?getPos@AABBTreeBuildNode@Gu@physx@@QEBAPEBV123@XZ 00000001800014b0 f i Cooking.obj
 0001:000004c0       ?getPrimitives@AABBTreeBuildNode@Gu@physx@@QEAAPEAIPEAI@Z 00000001800014c0 f i Cooking.obj
 0001:000004c0       ?getPrimitives@AABBTreeBuildNode@Gu@physx@@QEBAPEBIPEBI@Z 00000001800014c0 f i Cooking.obj
 0001:000004d0       ?isLeaf@AABBTreeBuildNode@Gu@physx@@QEBA_NXZ 00000001800014d0 f i Cooking.obj
 0001:000004e0       ?moveFrom@AABBTreeBounds@Gu@physx@@QEAAXAEAV123@@Z 00000001800014e0 f i Cooking.obj
 0001:000004f0       ?ownsMemory@AABBTreeBounds@Gu@physx@@QEBA_NXZ 00000001800014f0 f i Cooking.obj
 0001:00000500       ?recreate@?$PxArray@USlab@NodeAllocator@Gu@physx@@V?$PxReflectionAllocator@USlab@NodeAllocator@Gu@physx@@@4@@physx@@IEAAXI@Z 0000000180001500 f i Cooking.obj
 0001:00000610       ?setBounds@AABBTreeBounds@Gu@physx@@QEAAXPEAVPxBounds3@3@@Z 0000000180001610 f i Cooking.obj
 0001:00000620       ?setNbRunTimePrimitives@AABBTreeBuildNode@Gu@physx@@QEAAXI@Z 0000000180001620 f i Cooking.obj
 0001:00000630       ?takeOwnership@AABBTreeBounds@Gu@physx@@QEAAXXZ 0000000180001630 f i Cooking.obj
 0001:00000640       PxAssembleSoftBodyMesh     0000000180001640 f   Cooking.obj
 0001:00000650       PxAssembleSoftBodyMesh_Sim 0000000180001650 f   Cooking.obj
 0001:00000660       PxComputeCollisionData     0000000180001660 f   Cooking.obj
 0001:00000670       PxComputeHullPolygons      0000000180001670 f   Cooking.obj
 0001:00000680       PxComputeModelsMapping     0000000180001680 f   Cooking.obj
 0001:00000690       PxComputeSimulationData    0000000180001690 f   Cooking.obj
 0001:000006a0       PxCookBVH                  00000001800016a0 f   Cooking.obj
 0001:000006b0       PxCookConvexMesh           00000001800016b0 f   Cooking.obj
 0001:000006c0       PxCookHeightField          00000001800016c0 f   Cooking.obj
 0001:000006d0       PxCookSoftBodyMesh         00000001800016d0 f   Cooking.obj
 0001:000006e0       PxCookTetrahedronMesh      00000001800016e0 f   Cooking.obj
 0001:000006f0       PxCookTriangleMesh         00000001800016f0 f   Cooking.obj
 0001:00000700       PxCreateBVH                0000000180001700 f   Cooking.obj
 0001:00000710       PxCreateBVHInternal        0000000180001710 f   Cooking.obj
 0001:000007c0       PxCreateConvexMesh         00000001800017c0 f   Cooking.obj
 0001:000007d0       PxCreateHeightField        00000001800017d0 f   Cooking.obj
 0001:000007e0       PxCreateSoftBodyMesh       00000001800017e0 f   Cooking.obj
 0001:000007f0       PxCreateTetrahedronMesh    00000001800017f0 f   Cooking.obj
 0001:00000800       PxCreateTriangleMesh       0000000180001800 f   Cooking.obj
 0001:00000810       PxCreateTriangleMeshInternal 0000000180001810 f   Cooking.obj
 0001:000008b0       PxGetStandaloneInsertionCallback 00000001800018b0 f   Cooking.obj
 0001:000008c0       PxValidateConvexMesh       00000001800018c0 f   Cooking.obj
 0001:000008d0       PxValidateTriangleMesh     00000001800018d0 f   Cooking.obj
 0001:000008e0       ?cookingDelayHook@@YAP6A_JXZIPEAUDelayLoadInfo@@@Z 00000001800018e0 f   WindowsCookingDelayLoadHook.obj
 0001:000009c0       PxSetPhysXCookingDelayLoadHook 00000001800019c0 f   WindowsCookingDelayLoadHook.obj
 0001:000009c8       getInsertionCallback       00000001800019c8 f   PhysXCommon_64:PhysXCommon_64.dll
 0001:000009ce       __tailMerge_physxcommon_64_dll 00000001800019ce     PhysXCommon_64:PhysXCommon_64.dll
 0001:00000a47       __imp_load_getInsertionCallback 0000000180001a47 f   PhysXCommon_64:PhysXCommon_64.dll
 0001:00000a53       cookBVH                    0000000180001a53 f   PhysXCommon_64:PhysXCommon_64.dll
 0001:00000a59       __imp_load_cookBVH         0000000180001a59 f   PhysXCommon_64:PhysXCommon_64.dll
 0001:00000a65       createBVH                  0000000180001a65 f   PhysXCommon_64:PhysXCommon_64.dll
 0001:00000a6b       __imp_load_createBVH       0000000180001a6b f   PhysXCommon_64:PhysXCommon_64.dll
 0001:00000a77       cookHeightField            0000000180001a77 f   PhysXCommon_64:PhysXCommon_64.dll
 0001:00000a7d       __imp_load_cookHeightField 0000000180001a7d f   PhysXCommon_64:PhysXCommon_64.dll
 0001:00000a89       createHeightField          0000000180001a89 f   PhysXCommon_64:PhysXCommon_64.dll
 0001:00000a8f       __imp_load_createHeightField 0000000180001a8f f   PhysXCommon_64:PhysXCommon_64.dll
 0001:00000a9b       cookConvexMesh             0000000180001a9b f   PhysXCommon_64:PhysXCommon_64.dll
 0001:00000aa1       __imp_load_cookConvexMesh  0000000180001aa1 f   PhysXCommon_64:PhysXCommon_64.dll
 0001:00000aad       createConvexMesh           0000000180001aad f   PhysXCommon_64:PhysXCommon_64.dll
 0001:00000ab3       __imp_load_createConvexMesh 0000000180001ab3 f   PhysXCommon_64:PhysXCommon_64.dll
 0001:00000abf       validateConvexMesh         0000000180001abf f   PhysXCommon_64:PhysXCommon_64.dll
 0001:00000ac5       __imp_load_validateConvexMesh 0000000180001ac5 f   PhysXCommon_64:PhysXCommon_64.dll
 0001:00000ad1       computeHullPolygons        0000000180001ad1 f   PhysXCommon_64:PhysXCommon_64.dll
 0001:00000ad7       __imp_load_computeHullPolygons 0000000180001ad7 f   PhysXCommon_64:PhysXCommon_64.dll
 0001:00000ae3       validateTriangleMesh       0000000180001ae3 f   PhysXCommon_64:PhysXCommon_64.dll
 0001:00000ae9       __imp_load_validateTriangleMesh 0000000180001ae9 f   PhysXCommon_64:PhysXCommon_64.dll
 0001:00000af5       createTriangleMesh         0000000180001af5 f   PhysXCommon_64:PhysXCommon_64.dll
 0001:00000afb       __imp_load_createTriangleMesh 0000000180001afb f   PhysXCommon_64:PhysXCommon_64.dll
 0001:00000b07       cookTriangleMesh           0000000180001b07 f   PhysXCommon_64:PhysXCommon_64.dll
 0001:00000b0d       __imp_load_cookTriangleMesh 0000000180001b0d f   PhysXCommon_64:PhysXCommon_64.dll
 0001:00000b19       cookTetrahedronMesh        0000000180001b19 f   PhysXCommon_64:PhysXCommon_64.dll
 0001:00000b1f       __imp_load_cookTetrahedronMesh 0000000180001b1f f   PhysXCommon_64:PhysXCommon_64.dll
 0001:00000b2b       createTetrahedronMesh      0000000180001b2b f   PhysXCommon_64:PhysXCommon_64.dll
 0001:00000b31       __imp_load_createTetrahedronMesh 0000000180001b31 f   PhysXCommon_64:PhysXCommon_64.dll
 0001:00000b3d       cookSoftBodyMesh           0000000180001b3d f   PhysXCommon_64:PhysXCommon_64.dll
 0001:00000b43       __imp_load_cookSoftBodyMesh 0000000180001b43 f   PhysXCommon_64:PhysXCommon_64.dll
 0001:00000b4f       createSoftBodyMesh         0000000180001b4f f   PhysXCommon_64:PhysXCommon_64.dll
 0001:00000b55       __imp_load_createSoftBodyMesh 0000000180001b55 f   PhysXCommon_64:PhysXCommon_64.dll
 0001:00000b61       computeModelsMapping       0000000180001b61 f   PhysXCommon_64:PhysXCommon_64.dll
 0001:00000b67       __imp_load_computeModelsMapping 0000000180001b67 f   PhysXCommon_64:PhysXCommon_64.dll
 0001:00000b73       computeCollisionData       0000000180001b73 f   PhysXCommon_64:PhysXCommon_64.dll
 0001:00000b79       __imp_load_computeCollisionData 0000000180001b79 f   PhysXCommon_64:PhysXCommon_64.dll
 0001:00000b85       computeSimulationData      0000000180001b85 f   PhysXCommon_64:PhysXCommon_64.dll
 0001:00000b8b       __imp_load_computeSimulationData 0000000180001b8b f   PhysXCommon_64:PhysXCommon_64.dll
 0001:00000b97       assembleSoftBodyMesh       0000000180001b97 f   PhysXCommon_64:PhysXCommon_64.dll
 0001:00000b9d       __imp_load_assembleSoftBodyMesh 0000000180001b9d f   PhysXCommon_64:PhysXCommon_64.dll
 0001:00000ba9       assembleSoftBodyMesh_Sim   0000000180001ba9 f   PhysXCommon_64:PhysXCommon_64.dll
 0001:00000baf       __imp_load_assembleSoftBodyMesh_Sim 0000000180001baf f   PhysXCommon_64:PhysXCommon_64.dll
 0001:00000bbb       ?release@AABBTreeBounds@Gu@physx@@QEAAXXZ 0000000180001bbb f   PhysXCommon_64:PhysXCommon_64.dll
 0001:00000bc1       __imp_load_?release@AABBTreeBounds@Gu@physx@@QEAAXXZ 0000000180001bc1 f   PhysXCommon_64:PhysXCommon_64.dll
 0001:00000bcd       ??0BVH@Gu@physx@@QEAA@AEBUPxBVHInternalData@2@@Z 0000000180001bcd f   PhysXCommon_64:PhysXCommon_64.dll
 0001:00000bd3       __imp_load_??0BVH@Gu@physx@@QEAA@AEBUPxBVHInternalData@2@@Z 0000000180001bd3 f   PhysXCommon_64:PhysXCommon_64.dll
 0001:00000bdf       ??0BV4TriangleMesh@Gu@physx@@QEAA@AEBUPxTriangleMeshInternalData@2@@Z 0000000180001bdf f   PhysXCommon_64:PhysXCommon_64.dll
 0001:00000be5       __imp_load_??0BV4TriangleMesh@Gu@physx@@QEAA@AEBUPxTriangleMeshInternalData@2@@Z 0000000180001be5 f   PhysXCommon_64:PhysXCommon_64.dll
 0001:00000bf1       PxGetBroadcastAllocator    0000000180001bf1 f   PhysXFoundation_64:PhysXFoundation_64.dll
 0001:00000bf7       __tailMerge_physxfoundation_64_dll 0000000180001bf7     PhysXFoundation_64:PhysXFoundation_64.dll
 0001:00000c70       __imp_load_PxGetBroadcastAllocator 0000000180001c70 f   PhysXFoundation_64:PhysXFoundation_64.dll
 0001:00000c7c       ?DloadAcquireSectionWriteAccess@@YAXXZ 0000000180001c7c f i Delayimp:delayhlp.obj
 0001:00000d28       ?DloadGetSRWLockFunctionPointers@@YAEXZ 0000000180001d28 f i Delayimp:delayhlp.obj
 0001:00000dc8       ?DloadMakePermanentImageCommit@@YAXPEAX_K@Z 0000000180001dc8 f i Delayimp:delayhlp.obj
 0001:00000e60       ?DloadObtainSection@@YAPEAXPEAK0@Z 0000000180001e60 f i Delayimp:delayhlp.obj
 0001:00000efc       ?DloadProtectSection@@YAXKPEAK@Z 0000000180001efc f i Delayimp:delayhlp.obj
 0001:00000f8c       ?DloadReleaseSectionWriteAccess@@YAXXZ 0000000180001f8c f i Delayimp:delayhlp.obj
 0001:00001020       __delayLoadHelper2         0000000180002020 f   Delayimp:delayhlp.obj
 0001:000012f8       ??3@YAXPEAX@Z              00000001800022f8 f   MSVCRT:delete_scalar.obj
 0001:00001300       ??3@YAXPEAX_K@Z            0000000180002300 f   MSVCRT:delete_scalar_size.obj
 0001:00001300       ??_V@YAXPEAX@Z             0000000180002300 f   MSVCRT:delete_array.obj
 0001:00001308       ??_V@YAXPEAX_K@Z           0000000180002308 f   MSVCRT:delete_array_size.obj
 0001:00001310       ??_Etype_info@@UEAAPEAXI@Z 0000000180002310 f i MSVCRT:std_type_info_static.obj
 0001:00001310       ??_Gtype_info@@UEAAPEAXI@Z 0000000180002310 f i MSVCRT:std_type_info_static.obj
 0001:0000133c       ?__scrt_initialize_type_info@@YAXXZ 000000018000233c f   MSVCRT:tncleanup.obj
 0001:0000134c       ?__scrt_uninitialize_type_info@@YAXXZ 000000018000234c f   MSVCRT:tncleanup.obj
 0001:00001674       _DllMainCRTStartup         0000000180002674 f   MSVCRT:dll_dllmain.obj
 0001:000016b4       __security_init_cookie     00000001800026b4 f   MSVCRT:gs_support.obj
 0001:00001760       DllMain                    0000000180002760 f   MSVCRT:dll_dllmain_stub.obj
 0001:00001784       __local_stdio_printf_options 0000000180002784 f i MSVCRT:default_local_stdio_options.obj
 0001:0000178c       __local_stdio_scanf_options 000000018000278c f i MSVCRT:default_local_stdio_options.obj
 0001:00001794       __scrt_initialize_default_local_stdio_options 0000000180002794 f   MSVCRT:default_local_stdio_options.obj
 0001:000017b0       __scrt_acquire_startup_lock 00000001800027b0 f   MSVCRT:utility.obj
 0001:000017ec       __scrt_dllmain_after_initialize_c 00000001800027ec f   MSVCRT:utility.obj
 0001:00001820       __scrt_dllmain_before_initialize_c 0000000180002820 f   MSVCRT:utility.obj
 0001:00001838       __scrt_dllmain_crt_thread_attach 0000000180002838 f   MSVCRT:utility.obj
 0001:00001860       __scrt_dllmain_crt_thread_detach 0000000180002860 f   MSVCRT:utility.obj
 0001:00001878       __scrt_dllmain_exception_filter 0000000180002878 f   MSVCRT:utility.obj
 0001:000018d8       __scrt_dllmain_uninitialize_c 00000001800028d8 f   MSVCRT:utility.obj
 0001:00001908       __scrt_dllmain_uninitialize_critical 0000000180002908 f   MSVCRT:utility.obj
 0001:0000191c       __scrt_initialize_crt      000000018000291c f   MSVCRT:utility.obj
 0001:00001958       __scrt_initialize_onexit_tables 0000000180002958 f   MSVCRT:utility.obj
 0001:000019e4       __scrt_is_nonwritable_in_current_image 00000001800029e4 f   MSVCRT:utility.obj
 0001:00001a7c       __scrt_release_startup_lock 0000000180002a7c f   MSVCRT:utility.obj
 0001:00001aa0       __scrt_uninitialize_crt    0000000180002aa0 f   MSVCRT:utility.obj
 0001:00001acc       __scrt_get_dyn_tls_init_callback 0000000180002acc f   MSVCRT:dyn_tls_init.obj
 0001:00001ad4       __crt_debugger_hook        0000000180002ad4 f   MSVCRT:utility_desktop.obj
 0001:00001adc       __scrt_fastfail            0000000180002adc f   MSVCRT:utility_desktop.obj
 0001:00001c24       _RTC_Initialize            0000000180002c24 f   MSVCRT:initsect.obj
 0001:00001c60       _RTC_Terminate             0000000180002c60 f   MSVCRT:initsect.obj
 0001:00001ca0       __isa_available_init       0000000180002ca0 f   MSVCRT:cpu_disp.obj
 0001:00001e4c       _get_startup_argv_mode     0000000180002e4c f   MSVCRT:argv_mode.obj
 0001:00001e54       __scrt_is_ucrt_dll_in_use  0000000180002e54 f   MSVCRT:ucrt_detection.obj
 0001:00001e60       _purecall                  0000000180002e60 f   vcruntime:VCRUNTIME140.dll
 0001:00001e66       __std_type_info_name       0000000180002e66 f   vcruntime:VCRUNTIME140.dll
 0001:00001e6c       memset                     0000000180002e6c f   vcruntime:VCRUNTIME140.dll
 0001:00001e72       strstr                     0000000180002e72 f   vcruntime:VCRUNTIME140.dll
 0001:00001e78       __std_type_info_destroy_list 0000000180002e78 f   vcruntime:VCRUNTIME140.dll
 0001:00001e7e       __C_specific_handler       0000000180002e7e f   vcruntime:VCRUNTIME140.dll
 0001:00001e84       memcpy                     0000000180002e84 f   vcruntime:VCRUNTIME140.dll
 0001:00001e8a       free                       0000000180002e8a f   ucrt:api-ms-win-crt-heap-l1-1-0.dll
 0001:00001e90       _initterm                  0000000180002e90 f   ucrt:api-ms-win-crt-runtime-l1-1-0.dll
 0001:00001e96       _initterm_e                0000000180002e96 f   ucrt:api-ms-win-crt-runtime-l1-1-0.dll
 0001:00001e9c       _seh_filter_dll            0000000180002e9c f   ucrt:api-ms-win-crt-runtime-l1-1-0.dll
 0001:00001ea2       _configure_narrow_argv     0000000180002ea2 f   ucrt:api-ms-win-crt-runtime-l1-1-0.dll
 0001:00001ea8       _initialize_narrow_environment 0000000180002ea8 f   ucrt:api-ms-win-crt-runtime-l1-1-0.dll
 0001:00001eae       _initialize_onexit_table   0000000180002eae f   ucrt:api-ms-win-crt-runtime-l1-1-0.dll
 0001:00001eb4       _execute_onexit_table      0000000180002eb4 f   ucrt:api-ms-win-crt-runtime-l1-1-0.dll
 0001:00001eba       _cexit                     0000000180002eba f   ucrt:api-ms-win-crt-runtime-l1-1-0.dll
 0001:00001ec0       __acrt_initialize          0000000180002ec0 f   MSVCRT:ucrt_stubs.obj
 0001:00001ec0       __acrt_thread_attach       0000000180002ec0 f   MSVCRT:ucrt_stubs.obj
 0001:00001ec0       __acrt_thread_detach       0000000180002ec0 f   MSVCRT:ucrt_stubs.obj
 0001:00001ec0       __acrt_uninitialize        0000000180002ec0 f   MSVCRT:ucrt_stubs.obj
 0001:00001ec0       __acrt_uninitialize_critical 0000000180002ec0 f   MSVCRT:ucrt_stubs.obj
 0001:00001ec0       __scrt_stub_for_acrt_initialize 0000000180002ec0 f   MSVCRT:ucrt_stubs.obj
 0001:00001ec0       __scrt_stub_for_acrt_thread_attach 0000000180002ec0 f   MSVCRT:ucrt_stubs.obj
 0001:00001ec0       __scrt_stub_for_acrt_thread_detach 0000000180002ec0 f   MSVCRT:ucrt_stubs.obj
 0001:00001ec0       __scrt_stub_for_acrt_uninitialize 0000000180002ec0 f   MSVCRT:ucrt_stubs.obj
 0001:00001ec0       __scrt_stub_for_acrt_uninitialize_critical 0000000180002ec0 f   MSVCRT:ucrt_stubs.obj
 0001:00001ec0       __vcrt_initialize          0000000180002ec0 f   MSVCRT:ucrt_stubs.obj
 0001:00001ec0       __vcrt_thread_attach       0000000180002ec0 f   MSVCRT:ucrt_stubs.obj
 0001:00001ec0       __vcrt_thread_detach       0000000180002ec0 f   MSVCRT:ucrt_stubs.obj
 0001:00001ec0       __vcrt_uninitialize        0000000180002ec0 f   MSVCRT:ucrt_stubs.obj
 0001:00001ec0       __vcrt_uninitialize_critical 0000000180002ec0 f   MSVCRT:ucrt_stubs.obj
 0001:00001ec4       __scrt_stub_for_is_c_termination_complete 0000000180002ec4 f   MSVCRT:ucrt_stubs.obj
 0001:00001ec4       _is_c_termination_complete 0000000180002ec4 f   MSVCRT:ucrt_stubs.obj
 0001:00001ee0       _guard_dispatch_icall_nop  0000000180002ee0 f   MSVCRT:guard_dispatch.obj
 0001:00001f00       _guard_xfg_dispatch_icall_nop 0000000180002f00 f   MSVCRT:guard_xfg_dispatch.obj
 0002:00000000       __imp_LoadLibraryA         0000000180003000     kernel32:KERNEL32.dll
 0002:00000008       __imp_SetUnhandledExceptionFilter 0000000180003008     kernel32:KERNEL32.dll
 0002:00000010       __imp_UnhandledExceptionFilter 0000000180003010     kernel32:KERNEL32.dll
 0002:00000018       __imp_IsDebuggerPresent    0000000180003018     kernel32:KERNEL32.dll
 0002:00000020       __imp_RtlVirtualUnwind     0000000180003020     kernel32:KERNEL32.dll
 0002:00000028       __imp_RtlLookupFunctionEntry 0000000180003028     kernel32:KERNEL32.dll
 0002:00000030       __imp_RtlCaptureContext    0000000180003030     kernel32:KERNEL32.dll
 0002:00000038       __imp_DisableThreadLibraryCalls 0000000180003038     kernel32:KERNEL32.dll
 0002:00000040       __imp_GetSystemTimeAsFileTime 0000000180003040     kernel32:KERNEL32.dll
 0002:00000048       __imp_GetCurrentThreadId   0000000180003048     kernel32:KERNEL32.dll
 0002:00000050       __imp_GetCurrentProcessId  0000000180003050     kernel32:KERNEL32.dll
 0002:00000058       __imp_QueryPerformanceCounter 0000000180003058     kernel32:KERNEL32.dll
 0002:00000060       __imp_InitializeSListHead  0000000180003060     kernel32:KERNEL32.dll
 0002:00000068       __imp_LoadLibraryExA       0000000180003068     kernel32:KERNEL32.dll
 0002:00000070       __imp_GetProcAddress       0000000180003070     kernel32:KERNEL32.dll
 0002:00000078       __imp_GetModuleHandleW     0000000180003078     kernel32:KERNEL32.dll
 0002:00000080       __imp_FreeLibrary          0000000180003080     kernel32:KERNEL32.dll
 0002:00000088       __imp_VirtualQuery         0000000180003088     kernel32:KERNEL32.dll
 0002:00000090       __imp_VirtualProtect       0000000180003090     kernel32:KERNEL32.dll
 0002:00000098       __imp_GetSystemInfo        0000000180003098     kernel32:KERNEL32.dll
 0002:000000a0       __imp_GetLastError         00000001800030a0     kernel32:KERNEL32.dll
 0002:000000a8       __imp_RaiseException       00000001800030a8     kernel32:KERNEL32.dll
 0002:000000b0       __imp_IsProcessorFeaturePresent 00000001800030b0     kernel32:KERNEL32.dll
 0002:000000b8       \177KERNEL32_NULL_THUNK_DATA 00000001800030b8     kernel32:KERNEL32.dll
 0002:000000c0       __imp___std_type_info_destroy_list 00000001800030c0     vcruntime:VCRUNTIME140.dll
 0002:000000c8       __imp__purecall            00000001800030c8     vcruntime:VCRUNTIME140.dll
 0002:000000d0       __imp___std_type_info_name 00000001800030d0     vcruntime:VCRUNTIME140.dll
 0002:000000d8       __imp_memset               00000001800030d8     vcruntime:VCRUNTIME140.dll
 0002:000000e0       __imp_strstr               00000001800030e0     vcruntime:VCRUNTIME140.dll
 0002:000000e8       __imp___C_specific_handler 00000001800030e8     vcruntime:VCRUNTIME140.dll
 0002:000000f0       __imp_memcpy               00000001800030f0     vcruntime:VCRUNTIME140.dll
 0002:000000f8       \177VCRUNTIME140_NULL_THUNK_DATA 00000001800030f8     vcruntime:VCRUNTIME140.dll
 0002:00000100       __imp_free                 0000000180003100     ucrt:api-ms-win-crt-heap-l1-1-0.dll
 0002:00000108       \177api-ms-win-crt-heap-l1-1-0_NULL_THUNK_DATA 0000000180003108     ucrt:api-ms-win-crt-heap-l1-1-0.dll
 0002:00000110       __imp__initterm            0000000180003110     ucrt:api-ms-win-crt-runtime-l1-1-0.dll
 0002:00000118       __imp__initterm_e          0000000180003118     ucrt:api-ms-win-crt-runtime-l1-1-0.dll
 0002:00000120       __imp__seh_filter_dll      0000000180003120     ucrt:api-ms-win-crt-runtime-l1-1-0.dll
 0002:00000128       __imp__configure_narrow_argv 0000000180003128     ucrt:api-ms-win-crt-runtime-l1-1-0.dll
 0002:00000130       __imp__initialize_narrow_environment 0000000180003130     ucrt:api-ms-win-crt-runtime-l1-1-0.dll
 0002:00000138       __imp__initialize_onexit_table 0000000180003138     ucrt:api-ms-win-crt-runtime-l1-1-0.dll
 0002:00000140       __imp__execute_onexit_table 0000000180003140     ucrt:api-ms-win-crt-runtime-l1-1-0.dll
 0002:00000148       __imp__cexit               0000000180003148     ucrt:api-ms-win-crt-runtime-l1-1-0.dll
 0002:00000150       \177api-ms-win-crt-runtime-l1-1-0_NULL_THUNK_DATA 0000000180003150     ucrt:api-ms-win-crt-runtime-l1-1-0.dll
 0002:00000158       __guard_check_icall_fptr   0000000180003158     MSVCRT:guard_support.obj
 0002:00000160       __guard_xfg_check_icall_fptr 0000000180003160     MSVCRT:guard_support.obj
 0002:00000168       __guard_dispatch_icall_fptr 0000000180003168     MSVCRT:guard_support.obj
 0002:00000170       __guard_xfg_dispatch_icall_fptr 0000000180003170     MSVCRT:guard_support.obj
 0002:00000178       __guard_xfg_table_dispatch_icall_fptr 0000000180003178     MSVCRT:guard_support.obj
 0002:00000180       __castguard_check_failure_os_handled_fptr 0000000180003180     MSVCRT:guard_support.obj
 0002:00000188       __guard_memcpy_fptr        0000000180003188     vcruntime:softmemtag.obj
 0002:00000190       __xc_a                     0000000180003190     MSVCRT:initializers.obj
 0002:000001c8       __xc_z                     00000001800031c8     MSVCRT:initializers.obj
 0002:000001d0       __xi_a                     00000001800031d0     MSVCRT:initializers.obj
 0002:000001d8       __xi_z                     00000001800031d8     MSVCRT:initializers.obj
 0002:000001e0       __xp_a                     00000001800031e0     MSVCRT:initializers.obj
 0002:000001e8       __xp_z                     00000001800031e8     MSVCRT:initializers.obj
 0002:000001f0       __xt_a                     00000001800031f0     MSVCRT:initializers.obj
 0002:000001f8       __xt_z                     00000001800031f8     MSVCRT:initializers.obj
 0002:00000220       ??_7PxFoundation@physx@@6B@ 0000000180003220     Cooking.obj
 0002:00000290       ??_C@_0DI@OEEMNBFM@C?3?2Code?2PhysX?2physx?2source?2phys@ 0000000180003290     Cooking.obj
 0002:000002c8       ??_C@_0BM@OIFKLHDN@?$DMallocation?5names?5disabled?$DO@ 00000001800032c8     Cooking.obj
 0002:000002e8       ??_C@_0DB@GOLGAOEH@C?3?2Code?2PhysX?2physx?2include?2fou@ 00000001800032e8     Cooking.obj
 0002:00000320       __xmm@000000003a83126f3a83126f3a83126f 0000000180003320     Cooking.obj
 0002:00000330       __xmm@00000000ba83126fba83126fba83126f 0000000180003330     Cooking.obj
 0002:00000340       __xmm@3a83126f3a83126f3a83126f3a83126f 0000000180003340     Cooking.obj
 0002:00000350       __xmm@ba83126fba83126fba83126fba83126f 0000000180003350     Cooking.obj
 0002:00000360       __xmm@cdcdcdcdcdcdcdcdcdcdcdcdcdcdcdcd 0000000180003360     Cooking.obj
 0002:00000370       ??_C@_0BA@EGLNOO@PhysXFoundation@ 0000000180003370     WindowsCookingDelayLoadHook.obj
 0002:00000380       ??_C@_0M@ILKNCJKN@PhysXCommon@ 0000000180003380     WindowsCookingDelayLoadHook.obj
 0002:00000390       __sz_PhysXCommon_64_dll    0000000180003390     PhysXCommon_64:PhysXCommon_64.dll
 0002:000003b0       __sz_PhysXFoundation_64_dll 00000001800033b0     PhysXFoundation_64:PhysXFoundation_64.dll
 0002:000003c8       ??_C@_1BK@DBDEIDLH@?$AAK?$AAE?$AAR?$AAN?$AAE?$AAL?$AA3?$AA2?$AA?4?$AAD?$AAL?$AAL@ 00000001800033c8     Delayimp:delayhlp.obj
 0002:000003e8       ??_C@_0BI@OMNLIJDB@AcquireSRWLockExclusive@ 00000001800033e8     Delayimp:delayhlp.obj
 0002:00000400       ??_C@_0BI@HMIEPCNJ@ReleaseSRWLockExclusive@ 0000000180003400     Delayimp:delayhlp.obj
 0002:00000418       __pfnDliFailureHook2       0000000180003418     Delayimp:delayhk1.obj
 0002:00000428       ??_7type_info@@6B@         0000000180003428     MSVCRT:std_type_info_static.obj
 0002:00000430       _pDefaultRawDllMain        0000000180003430     MSVCRT:dll_dllmain.obj
 0002:00000430       _pRawDllMain               0000000180003430     MSVCRT:dll_dllmain.obj
 0002:00000440       _load_config_used          0000000180003440     MSVCRT:loadcfg.obj
 0002:00000580       __xmm@ffffffffffffffffffffffffffffffff 0000000180003580     MSVCRT:utility.obj
 0002:00000600       ??_R4type_info@@6B@        0000000180003600     MSVCRT:std_type_info_static.obj
 0002:00000628       ??_R3type_info@@8          0000000180003628     MSVCRT:std_type_info_static.obj
 0002:00000640       ??_R2type_info@@8          0000000180003640     MSVCRT:std_type_info_static.obj
 0002:00000650       ??_R1A@?0A@EA@type_info@@8 0000000180003650     MSVCRT:std_type_info_static.obj
 0002:00000674       __volatile_metadata        0000000180003674     <linker-defined>
 0002:00000a98       __rtc_iaa                  0000000180003a98     MSVCRT:initsect.obj
 0002:00000aa0       __rtc_izz                  0000000180003aa0     MSVCRT:initsect.obj
 0002:00000aa8       __rtc_taa                  0000000180003aa8     MSVCRT:initsect.obj
 0002:00000ab0       __rtc_tzz                  0000000180003ab0     MSVCRT:initsect.obj
 0002:00000da4       __DELAY_IMPORT_DESCRIPTOR_physxcommon_64_dll 0000000180003da4     PhysXCommon_64:PhysXCommon_64.dll
 0002:00000dc4       __DELAY_IMPORT_DESCRIPTOR_physxfoundation_64_dll 0000000180003dc4     PhysXFoundation_64:PhysXFoundation_64.dll
 0002:00000de4       __NULL_DELAY_IMPORT_DESCRIPTOR 0000000180003de4     PhysXCommon_64:PhysXCommon_64.dll
 0002:00000ec8       \177PhysXCommon_64_NULL_THUNK_DATA_DLN 0000000180003ec8     PhysXCommon_64:PhysXCommon_64.dll
 0002:00000ed8       \177PhysXFoundation_64_NULL_THUNK_DATA_DLN 0000000180003ed8     PhysXFoundation_64:PhysXFoundation_64.dll
 0002:00001168       \177PhysXCommon_64_NULL_THUNK_DATA_DLB 0000000180004168     PhysXCommon_64:PhysXCommon_64.dll
 0002:00001230       \177PhysXFoundation_64_NULL_THUNK_DATA_DLB 0000000180004230     PhysXFoundation_64:PhysXFoundation_64.dll
 0002:00001e54       __IMPORT_DESCRIPTOR_KERNEL32 0000000180004e54     kernel32:KERNEL32.dll
 0002:00001e68       __IMPORT_DESCRIPTOR_VCRUNTIME140 0000000180004e68     vcruntime:VCRUNTIME140.dll
 0002:00001e7c       __IMPORT_DESCRIPTOR_api-ms-win-crt-heap-l1-1-0 0000000180004e7c     ucrt:api-ms-win-crt-heap-l1-1-0.dll
 0002:00001e90       __IMPORT_DESCRIPTOR_api-ms-win-crt-runtime-l1-1-0 0000000180004e90     ucrt:api-ms-win-crt-runtime-l1-1-0.dll
 0002:00001ea4       __NULL_IMPORT_DESCRIPTOR   0000000180004ea4     kernel32:KERNEL32.dll
 0003:00000000       __pfnDliNotifyHook2        0000000180006000     WindowsCookingDelayLoadHook.obj
 0003:00000008       _fltused                   0000000180006008     MSVCRT:fltused.obj
 0003:0000000c       __scrt_native_dllmain_reason 000000018000600c     MSVCRT:utility.obj
 0003:00000040       __security_cookie          0000000180006040     MSVCRT:gs_cookie.obj
 0003:00000080       __security_cookie_complement 0000000180006080     MSVCRT:gs_cookie.obj
 0003:00000090       __isa_available            0000000180006090     MSVCRT:cpu_disp.obj
 0003:00000094       __isa_enabled              0000000180006094     MSVCRT:cpu_disp.obj
 0003:00000098       __memset_fast_string_threshold 0000000180006098     MSVCRT:cpu_disp.obj
 0003:000000a0       __memset_nt_threshold      00000001800060a0     MSVCRT:cpu_disp.obj
 0003:000000a8       __scrt_ucrt_dll_is_in_use  00000001800060a8     MSVCRT:ucrt_stubs.obj
 0003:000000b0       ??_R0?AVBVH@Gu@physx@@@8   00000001800060b0     Cooking.obj
 0003:000000d8       ??_R0?AVBV4TriangleMesh@Gu@physx@@@8 00000001800060d8     Cooking.obj
 0003:00000108       ??_R0?AUSlab@NodeAllocator@Gu@physx@@@8 0000000180006108     Cooking.obj
 0003:00000140       ??_R0?AVtype_info@@@8      0000000180006140     MSVCRT:std_type_info_static.obj
 0003:00000160       __imp_getInsertionCallback 0000000180006160     PhysXCommon_64:PhysXCommon_64.dll
 0003:00000168       __imp_??0BV4TriangleMesh@Gu@physx@@QEAA@AEBUPxTriangleMeshInternalData@2@@Z 0000000180006168     PhysXCommon_64:PhysXCommon_64.dll
 0003:00000170       __imp_cookBVH              0000000180006170     PhysXCommon_64:PhysXCommon_64.dll
 0003:00000178       __imp_createBVH            0000000180006178     PhysXCommon_64:PhysXCommon_64.dll
 0003:00000180       __imp_cookHeightField      0000000180006180     PhysXCommon_64:PhysXCommon_64.dll
 0003:00000188       __imp_createHeightField    0000000180006188     PhysXCommon_64:PhysXCommon_64.dll
 0003:00000190       __imp_cookConvexMesh       0000000180006190     PhysXCommon_64:PhysXCommon_64.dll
 0003:00000198       __imp_createConvexMesh     0000000180006198     PhysXCommon_64:PhysXCommon_64.dll
 0003:000001a0       __imp_validateConvexMesh   00000001800061a0     PhysXCommon_64:PhysXCommon_64.dll
 0003:000001a8       __imp_computeHullPolygons  00000001800061a8     PhysXCommon_64:PhysXCommon_64.dll
 0003:000001b0       __imp_validateTriangleMesh 00000001800061b0     PhysXCommon_64:PhysXCommon_64.dll
 0003:000001b8       __imp_createTriangleMesh   00000001800061b8     PhysXCommon_64:PhysXCommon_64.dll
 0003:000001c0       __imp_cookTriangleMesh     00000001800061c0     PhysXCommon_64:PhysXCommon_64.dll
 0003:000001c8       __imp_cookTetrahedronMesh  00000001800061c8     PhysXCommon_64:PhysXCommon_64.dll
 0003:000001d0       __imp_createTetrahedronMesh 00000001800061d0     PhysXCommon_64:PhysXCommon_64.dll
 0003:000001d8       __imp_cookSoftBodyMesh     00000001800061d8     PhysXCommon_64:PhysXCommon_64.dll
 0003:000001e0       __imp_createSoftBodyMesh   00000001800061e0     PhysXCommon_64:PhysXCommon_64.dll
 0003:000001e8       __imp_computeModelsMapping 00000001800061e8     PhysXCommon_64:PhysXCommon_64.dll
 0003:000001f0       __imp_computeCollisionData 00000001800061f0     PhysXCommon_64:PhysXCommon_64.dll
 0003:000001f8       __imp_computeSimulationData 00000001800061f8     PhysXCommon_64:PhysXCommon_64.dll
 0003:00000200       __imp_assembleSoftBodyMesh 0000000180006200     PhysXCommon_64:PhysXCommon_64.dll
 0003:00000208       __imp_assembleSoftBodyMesh_Sim 0000000180006208     PhysXCommon_64:PhysXCommon_64.dll
 0003:00000210       __imp_?release@AABBTreeBounds@Gu@physx@@QEAAXXZ 0000000180006210     PhysXCommon_64:PhysXCommon_64.dll
 0003:00000218       __imp_??0BVH@Gu@physx@@QEAA@AEBUPxBVHInternalData@2@@Z 0000000180006218     PhysXCommon_64:PhysXCommon_64.dll
 0003:00000220       \177PhysXCommon_64_NULL_THUNK_DATA_DLA 0000000180006220     PhysXCommon_64:PhysXCommon_64.dll
 0003:00000228       __imp_PxGetBroadcastAllocator 0000000180006228     PhysXFoundation_64:PhysXFoundation_64.dll
 0003:00000230       \177PhysXFoundation_64_NULL_THUNK_DATA_DLA 0000000180006230     PhysXFoundation_64:PhysXFoundation_64.dll
 0003:000002a8       __hmod__PhysXCommon_64_dll 00000001800062a8     PhysXCommon_64:PhysXCommon_64.dll
 0003:000002b0       __hmod__PhysXFoundation_64_dll 00000001800062b0     PhysXFoundation_64:PhysXFoundation_64.dll
 0003:000002b8       ?DloadKernel32@@3PEAUHINSTANCE__@@EA 00000001800062b8     Delayimp:delayhlp.obj
 0003:000002c0       ?DloadAcquireSRWLockExclusive@@3P6AXPEA_K@ZEA 00000001800062c0     Delayimp:delayhlp.obj
 0003:000002c8       ?DloadReleaseSRWLockExclusive@@3P6AXPEA_K@ZEA 00000001800062c8     Delayimp:delayhlp.obj
 0003:000002d0       ?DloadSrwLock@@3_KA        00000001800062d0     Delayimp:delayhlp.obj
 0003:000002d8       ?DloadSectionLockCount@@3KA 00000001800062d8     Delayimp:delayhlp.obj
 0003:000002dc       ?DloadSectionOldProtection@@3KA 00000001800062dc     Delayimp:delayhlp.obj
 0003:000002e0       ?DloadSectionCommitPermanent@@3KA 00000001800062e0     Delayimp:delayhlp.obj
 0003:000002f0       ?__type_info_root_node@@3U__type_info_node@@A 00000001800062f0     MSVCRT:tncleanup.obj
 0003:00000308       ?_OptionsStorage@?1??__local_stdio_printf_options@@9@4_KA 0000000180006308     MSVCRT:default_local_stdio_options.obj
 0003:00000310       ?_OptionsStorage@?1??__local_stdio_scanf_options@@9@4_KA 0000000180006310     MSVCRT:default_local_stdio_options.obj
 0003:00000318       __scrt_current_native_startup_state 0000000180006318     MSVCRT:utility.obj
 0003:00000320       __scrt_native_startup_lock 0000000180006320     MSVCRT:utility.obj
 0003:00000360       __scrt_debugger_hook_flag  0000000180006360     MSVCRT:utility_desktop.obj
 0003:00000364       __favor                    0000000180006364     MSVCRT:cpu_disp.obj
 0003:00000368       __dyn_tls_init_callback    0000000180006368     <common>

 entry point at        0001:00001674

 Static symbols

 0000:ffff6000       .debug$S                   0000000180000000     PhysXCooking_64.exp
 0000:ffff6000       .debug$S                   0000000180000000     PhysXCommon_64:PhysXCommon_64.dll
 0000:ffff6000       .debug$S                   0000000180000000     PhysXCommon_64:PhysXCommon_64.dll
 0000:ffff6000       .debug$S                   0000000180000000     PhysXCommon_64:PhysXCommon_64.dll
 0000:ffff6000       .debug$S                   0000000180000000     PhysXCommon_64:PhysXCommon_64.dll
 0000:ffff6000       .debug$S                   0000000180000000     PhysXCommon_64:PhysXCommon_64.dll
 0000:ffff6000       .debug$S                   0000000180000000     PhysXCommon_64:PhysXCommon_64.dll
 0000:ffff6000       .debug$S                   0000000180000000     PhysXCommon_64:PhysXCommon_64.dll
 0000:ffff6000       .debug$S                   0000000180000000     PhysXCommon_64:PhysXCommon_64.dll
 0000:ffff6000       .debug$S                   0000000180000000     PhysXCommon_64:PhysXCommon_64.dll
 0000:ffff6000       .debug$S                   0000000180000000     PhysXCommon_64:PhysXCommon_64.dll
 0000:ffff6000       .debug$S                   0000000180000000     PhysXCommon_64:PhysXCommon_64.dll
 0000:ffff6000       .debug$S                   0000000180000000     PhysXCommon_64:PhysXCommon_64.dll
 0000:ffff6000       .debug$S                   0000000180000000     PhysXCommon_64:PhysXCommon_64.dll
 0000:ffff6000       .debug$S                   0000000180000000     PhysXCommon_64:PhysXCommon_64.dll
 0000:ffff6000       .debug$S                   0000000180000000     PhysXCommon_64:PhysXCommon_64.dll
 0000:ffff6000       .debug$S                   0000000180000000     PhysXCommon_64:PhysXCommon_64.dll
 0000:ffff6000       .debug$S                   0000000180000000     PhysXCommon_64:PhysXCommon_64.dll
 0000:ffff6000       .debug$S                   0000000180000000     PhysXCommon_64:PhysXCommon_64.dll
 0000:ffff6000       .debug$S                   0000000180000000     PhysXCommon_64:PhysXCommon_64.dll
 0000:ffff6000       .debug$S                   0000000180000000     PhysXCommon_64:PhysXCommon_64.dll
 0000:ffff6000       .debug$S                   0000000180000000     PhysXCommon_64:PhysXCommon_64.dll
 0000:ffff6000       .debug$S                   0000000180000000     PhysXCommon_64:PhysXCommon_64.dll
 0000:ffff6000       .debug$S                   0000000180000000     PhysXCommon_64:PhysXCommon_64.dll
 0000:ffff6000       .debug$S                   0000000180000000     PhysXCommon_64:PhysXCommon_64.dll
 0000:ffff6000       .debug$S                   0000000180000000     PhysXFoundation_64:PhysXFoundation_64.dll
 0000:ffff6000       .debug$S                   0000000180000000     ucrt:api-ms-win-crt-heap-l1-1-0.dll
 0000:ffff6000       .debug$S                   0000000180000000     ucrt:api-ms-win-crt-runtime-l1-1-0.dll
 0000:ffff6000       .debug$S                   0000000180000000     ucrt:api-ms-win-crt-runtime-l1-1-0.dll
 0000:ffff6000       .debug$S                   0000000180000000     ucrt:api-ms-win-crt-runtime-l1-1-0.dll
 0000:ffff6000       .debug$S                   0000000180000000     ucrt:api-ms-win-crt-runtime-l1-1-0.dll
 0000:ffff6000       .debug$S                   0000000180000000     ucrt:api-ms-win-crt-runtime-l1-1-0.dll
 0000:ffff6000       .debug$S                   0000000180000000     ucrt:api-ms-win-crt-runtime-l1-1-0.dll
 0000:ffff6000       .debug$S                   0000000180000000     ucrt:api-ms-win-crt-runtime-l1-1-0.dll
 0000:ffff6000       .debug$S                   0000000180000000     ucrt:api-ms-win-crt-runtime-l1-1-0.dll
 0000:ffff6000       .debug$S                   0000000180000000     ucrt:api-ms-win-crt-runtime-l1-1-0.dll
 0000:ffff6000       .debug$S                   0000000180000000     ucrt:api-ms-win-crt-runtime-l1-1-0.dll
 0000:ffff6000       .debug$S                   0000000180000000     ucrt:api-ms-win-crt-runtime-l1-1-0.dll
 0000:ffff6000       .debug$S                   0000000180000000     ucrt:api-ms-win-crt-runtime-l1-1-0.dll
 0000:ffff6000       .debug$S                   0000000180000000     kernel32:KERNEL32.dll
 0000:ffff6000       .debug$S                   0000000180000000     kernel32:KERNEL32.dll
 0000:ffff6000       .debug$S                   0000000180000000     kernel32:KERNEL32.dll
 0000:ffff6000       .debug$S                   0000000180000000     kernel32:KERNEL32.dll
 0000:ffff6000       .debug$S                   0000000180000000     kernel32:KERNEL32.dll
 0000:ffff6000       .debug$S                   0000000180000000     kernel32:KERNEL32.dll
 0000:ffff6000       .debug$S                   0000000180000000     kernel32:KERNEL32.dll
 0000:ffff6000       .debug$S                   0000000180000000     kernel32:KERNEL32.dll
 0000:ffff6000       .debug$S                   0000000180000000     kernel32:KERNEL32.dll
 0000:ffff6000       .debug$S                   0000000180000000     kernel32:KERNEL32.dll
 0000:ffff6000       .debug$S                   0000000180000000     kernel32:KERNEL32.dll
 0000:ffff6000       .debug$S                   0000000180000000     kernel32:KERNEL32.dll
 0000:ffff6000       .debug$S                   0000000180000000     kernel32:KERNEL32.dll
 0000:ffff6000       .debug$S                   0000000180000000     kernel32:KERNEL32.dll
 0000:ffff6000       .debug$S                   0000000180000000     kernel32:KERNEL32.dll
 0000:ffff6000       .debug$S                   0000000180000000     kernel32:KERNEL32.dll
 0000:ffff6000       .debug$S                   0000000180000000     kernel32:KERNEL32.dll
 0000:ffff6000       .debug$S                   0000000180000000     kernel32:KERNEL32.dll
 0000:ffff6000       .debug$S                   0000000180000000     kernel32:KERNEL32.dll
 0000:ffff6000       .debug$S                   0000000180000000     kernel32:KERNEL32.dll
 0000:ffff6000       .debug$S                   0000000180000000     kernel32:KERNEL32.dll
 0000:ffff6000       .debug$S                   0000000180000000     kernel32:KERNEL32.dll
 0000:ffff6000       .debug$S                   0000000180000000     kernel32:KERNEL32.dll
 0000:ffff6000       .debug$S                   0000000180000000     kernel32:KERNEL32.dll
 0000:ffff6000       .debug$S                   0000000180000000     vcruntime:VCRUNTIME140.dll
 0000:ffff6000       .debug$S                   0000000180000000     vcruntime:VCRUNTIME140.dll
 0000:ffff6000       .debug$S                   0000000180000000     vcruntime:VCRUNTIME140.dll
 0000:ffff6000       .debug$S                   0000000180000000     vcruntime:VCRUNTIME140.dll
 0000:ffff6000       .debug$S                   0000000180000000     vcruntime:VCRUNTIME140.dll
 0000:ffff6000       .debug$S                   0000000180000000     vcruntime:VCRUNTIME140.dll
 0000:ffff6000       .debug$S                   0000000180000000     vcruntime:VCRUNTIME140.dll
 0000:ffff6000       .debug$S                   0000000180000000     vcruntime:VCRUNTIME140.dll
 0000:ffff6000       .debug$S                   0000000180000000     vcruntime:VCRUNTIME140.dll
 0001:00000000       ??__EmaxFError@vecMathTests@aos@physx@@YAXXZ 0000000180001000 f   Cooking.obj
 0001:00000010       ??__EmaxV3Error@vecMathTests@aos@physx@@YAXXZ 0000000180001010 f   Cooking.obj
 0001:00000020       ??__EmaxV4Error@vecMathTests@aos@physx@@YAXXZ 0000000180001020 f   Cooking.obj
 0001:00000030       ??__EminFError@vecMathTests@aos@physx@@YAXXZ 0000000180001030 f   Cooking.obj
 0001:00000040       ??__EminV3Error@vecMathTests@aos@physx@@YAXXZ 0000000180001040 f   Cooking.obj
 0001:00000050       ??__EminV4Error@vecMathTests@aos@physx@@YAXXZ 0000000180001050 f   Cooking.obj
 0001:000009a0       $LN24                      00000001800019a0     WindowsCookingDelayLoadHook.obj
 0001:00001358       ?dllmain_crt_dispatch@@YAHQEAUHINSTANCE__@@KQEAX@Z 0000000180002358 f   MSVCRT:dll_dllmain.obj
 0001:000013a8       ?dllmain_crt_process_attach@@YAHQEAUHINSTANCE__@@QEAX@Z 00000001800023a8 f   MSVCRT:dll_dllmain.obj
 0001:000014c0       ?dllmain_crt_process_detach@@YAH_N@Z 00000001800024c0 f   MSVCRT:dll_dllmain.obj
 0001:00001540       ?dllmain_dispatch@@YAHQEAUHINSTANCE__@@KQEAX@Z 0000000180002540 f   MSVCRT:dll_dllmain.obj
 0001:00001ed0       $$000000                   0000000180002ed0     MSVCRT:guard_dispatch.obj
 0001:00001ef0       $$000000                   0000000180002ef0     MSVCRT:guard_xfg_dispatch.obj
 0001:00001f06       ?fin$0@?0??dllmain_crt_process_attach@@YAHQEAUHINSTANCE__@@QEAX@Z@4HA 0000000180002f06 f   MSVCRT:dll_dllmain.obj
 0001:00001f1d       ?fin$0@?0??dllmain_crt_process_detach@@YAH_N@Z@4HA 0000000180002f1d f   MSVCRT:dll_dllmain.obj
 0001:00001f36       ?fin$1@?0??dllmain_crt_process_detach@@YAH_N@Z@4HA 0000000180002f36 f   MSVCRT:dll_dllmain.obj
 0001:00001f4a       ?filt$0@?0??dllmain_dispatch@@YAHQEAUHINSTANCE__@@KQEAX@Z@4HA 0000000180002f4a f   MSVCRT:dll_dllmain.obj
 0001:00001f80       __scrt_is_nonwritable_in_current_image$filt$0 0000000180002f80 f   MSVCRT:utility.obj
 0002:00000198       ?minFError$initializer$@vecMathTests@aos@physx@@3P6AXXZEA 0000000180003198     Cooking.obj
 0002:000001a0       ?maxFError$initializer$@vecMathTests@aos@physx@@3P6AXXZEA 00000001800031a0     Cooking.obj
 0002:000001a8       ?minV3Error$initializer$@vecMathTests@aos@physx@@3P6AXXZEA 00000001800031a8     Cooking.obj
 0002:000001b0       ?maxV3Error$initializer$@vecMathTests@aos@physx@@3P6AXXZEA 00000001800031b0     Cooking.obj
 0002:000001b8       ?minV4Error$initializer$@vecMathTests@aos@physx@@3P6AXXZEA 00000001800031b8     Cooking.obj
 0002:000001c0       ?maxV4Error$initializer$@vecMathTests@aos@physx@@3P6AXXZEA 00000001800031c0     Cooking.obj
 0002:00000200       ?minus1w@?A0x7cb96c2f@aos@physx@@3QBMB 0000000180003200     Cooking.obj
 0002:00000210       ?gMaskXYZ@internalWindowsSimd@aos@physx@@3QBIB 0000000180003210     Cooking.obj
 0002:00000ab8       $unwind$??_EPxFoundation@physx@@MEAAPEAXI@Z 0000000180003ab8     Cooking.obj
 0002:00000ab8       $unwind$?DloadAcquireSectionWriteAccess@@YAXXZ 0000000180003ab8     Delayimp:delayhlp.obj
 0002:00000ab8       $unwind$??_Gtype_info@@UEAAPEAXI@Z 0000000180003ab8     MSVCRT:std_type_info_static.obj
 0002:00000ab8       $unwind$__scrt_initialize_onexit_tables 0000000180003ab8     MSVCRT:utility.obj
 0002:00000ab8       $unwind$__scrt_release_startup_lock 0000000180003ab8     MSVCRT:utility.obj
 0002:00000ab8       $unwind$__scrt_uninitialize_crt 0000000180003ab8     MSVCRT:utility.obj
 0002:00000ac0       $chain$0$??_EPxFoundation@physx@@MEAAPEAXI@Z 0000000180003ac0     Cooking.obj
 0002:00000ad4       $chain$1$??_EPxFoundation@physx@@MEAAPEAXI@Z 0000000180003ad4     Cooking.obj
 0002:00000ae4       $unwind$??1AABBTreeBuildParams@Gu@physx@@QEAA@XZ 0000000180003ae4     Cooking.obj
 0002:00000ae4       $unwind$?reset@AABBTreeBuildParams@Gu@physx@@QEAAXXZ 0000000180003ae4     Cooking.obj
 0002:00000ae4       $unwind$_DllMainCRTStartup 0000000180003ae4     MSVCRT:dll_dllmain.obj
 0002:00000af4       $unwind$?allocate@?$PxArray@USlab@NodeAllocator@Gu@physx@@V?$PxReflectionAllocator@USlab@NodeAllocator@Gu@physx@@@4@@physx@@IEAAPEAUSlab@NodeAllocator@Gu@2@IPEAI@Z 0000000180003af4     Cooking.obj
 0002:00000afc       $chain$0$?allocate@?$PxArray@USlab@NodeAllocator@Gu@physx@@V?$PxReflectionAllocator@USlab@NodeAllocator@Gu@physx@@@4@@physx@@IEAAPEAUSlab@NodeAllocator@Gu@2@IPEAI@Z 0000000180003afc     Cooking.obj
 0002:00000b10       $chain$1$?allocate@?$PxArray@USlab@NodeAllocator@Gu@physx@@V?$PxReflectionAllocator@USlab@NodeAllocator@Gu@physx@@@4@@physx@@IEAAPEAUSlab@NodeAllocator@Gu@2@IPEAI@Z 0000000180003b10     Cooking.obj
 0002:00000b24       $chain$2$?allocate@?$PxArray@USlab@NodeAllocator@Gu@physx@@V?$PxReflectionAllocator@USlab@NodeAllocator@Gu@physx@@@4@@physx@@IEAAPEAUSlab@NodeAllocator@Gu@2@IPEAI@Z 0000000180003b24     Cooking.obj
 0002:00000b34       $chain$3$?allocate@?$PxArray@USlab@NodeAllocator@Gu@physx@@V?$PxReflectionAllocator@USlab@NodeAllocator@Gu@physx@@@4@@physx@@IEAAPEAUSlab@NodeAllocator@Gu@2@IPEAI@Z 0000000180003b34     Cooking.obj
 0002:00000b44       $unwind$?recreate@?$PxArray@USlab@NodeAllocator@Gu@physx@@V?$PxReflectionAllocator@USlab@NodeAllocator@Gu@physx@@@4@@physx@@IEAAXI@Z 0000000180003b44     Cooking.obj
 0002:00000b50       $chain$0$?recreate@?$PxArray@USlab@NodeAllocator@Gu@physx@@V?$PxReflectionAllocator@USlab@NodeAllocator@Gu@physx@@@4@@physx@@IEAAXI@Z 0000000180003b50     Cooking.obj
 0002:00000b64       $chain$1$?recreate@?$PxArray@USlab@NodeAllocator@Gu@physx@@V?$PxReflectionAllocator@USlab@NodeAllocator@Gu@physx@@@4@@physx@@IEAAXI@Z 0000000180003b64     Cooking.obj
 0002:00000b74       $chain$2$?recreate@?$PxArray@USlab@NodeAllocator@Gu@physx@@V?$PxReflectionAllocator@USlab@NodeAllocator@Gu@physx@@@4@@physx@@IEAAXI@Z 0000000180003b74     Cooking.obj
 0002:00000b88       $chain$3$?recreate@?$PxArray@USlab@NodeAllocator@Gu@physx@@V?$PxReflectionAllocator@USlab@NodeAllocator@Gu@physx@@@4@@physx@@IEAAXI@Z 0000000180003b88     Cooking.obj
 0002:00000b98       $unwind$??$copy@V?$PxReflectionAllocator@USlab@NodeAllocator@Gu@physx@@@physx@@@?$PxArray@USlab@NodeAllocator@Gu@physx@@V?$PxReflectionAllocator@USlab@NodeAllocator@Gu@physx@@@4@@physx@@IEAAXAEBV01@@Z 0000000180003b98     Cooking.obj
 0002:00000b98       $unwind$??0NodeAllocator@Gu@physx@@QEAA@AEBV012@@Z 0000000180003b98     Cooking.obj
 0002:00000b98       $unwind$?DloadGetSRWLockFunctionPointers@@YAEXZ 0000000180003b98     Delayimp:delayhlp.obj
 0002:00000b98       $unwind$_RTC_Initialize    0000000180003b98     MSVCRT:initsect.obj
 0002:00000b98       $unwind$_RTC_Terminate     0000000180003b98     MSVCRT:initsect.obj
 0002:00000ba4       $unwind$??4NodeAllocator@Gu@physx@@QEAAAEAV012@AEBV012@@Z 0000000180003ba4     Cooking.obj
 0002:00000bb8       $unwind$PxCreateBVHInternal 0000000180003bb8     Cooking.obj
 0002:00000bb8       $unwind$PxCreateTriangleMeshInternal 0000000180003bb8     Cooking.obj
 0002:00000bc4       $unwind$?cookingDelayHook@@YAP6A_JXZIPEAUDelayLoadInfo@@@Z 0000000180003bc4     WindowsCookingDelayLoadHook.obj
 0002:00000bc4       $unwind$?DloadReleaseSectionWriteAccess@@YAXXZ 0000000180003bc4     Delayimp:delayhlp.obj
 0002:00000bc4       $unwind$__scrt_initialize_default_local_stdio_options 0000000180003bc4     MSVCRT:default_local_stdio_options.obj
 0002:00000bc4       $unwind$?dllmain_crt_dispatch@@YAHQEAUHINSTANCE__@@KQEAX@Z 0000000180003bc4     MSVCRT:dll_dllmain.obj
 0002:00000bc4       $unwind$DllMain            0000000180003bc4     MSVCRT:dll_dllmain_stub.obj
 0002:00000bc4       $unwind$__scrt_acquire_startup_lock 0000000180003bc4     MSVCRT:utility.obj
 0002:00000bc4       $unwind$__scrt_dllmain_after_initialize_c 0000000180003bc4     MSVCRT:utility.obj
 0002:00000bc4       $unwind$__scrt_dllmain_before_initialize_c 0000000180003bc4     MSVCRT:utility.obj
 0002:00000bc4       $unwind$__scrt_dllmain_crt_thread_attach 0000000180003bc4     MSVCRT:utility.obj
 0002:00000bc4       $unwind$__scrt_dllmain_crt_thread_detach 0000000180003bc4     MSVCRT:utility.obj
 0002:00000bc4       $unwind$__scrt_dllmain_uninitialize_c 0000000180003bc4     MSVCRT:utility.obj
 0002:00000bc4       $unwind$__scrt_dllmain_uninitialize_critical 0000000180003bc4     MSVCRT:utility.obj
 0002:00000bc4       $unwind$__scrt_initialize_crt 0000000180003bc4     MSVCRT:utility.obj
 0002:00000bcc       $chain$1$?cookingDelayHook@@YAP6A_JXZIPEAUDelayLoadInfo@@@Z 0000000180003bcc     WindowsCookingDelayLoadHook.obj
 0002:00000be4       $chain$3$?cookingDelayHook@@YAP6A_JXZIPEAUDelayLoadInfo@@@Z 0000000180003be4     WindowsCookingDelayLoadHook.obj
 0002:00000be4       $chain$5$?cookingDelayHook@@YAP6A_JXZIPEAUDelayLoadInfo@@@Z 0000000180003be4     WindowsCookingDelayLoadHook.obj
 0002:00000bfc       $chain$6$?cookingDelayHook@@YAP6A_JXZIPEAUDelayLoadInfo@@@Z 0000000180003bfc     WindowsCookingDelayLoadHook.obj
 0002:00000c0c       xdata                      0000000180003c0c     PhysXCommon_64:PhysXCommon_64.dll
 0002:00000c14       xdata                      0000000180003c14     PhysXFoundation_64:PhysXFoundation_64.dll
 0002:00000c1c       $unwind$?DloadObtainSection@@YAPEAXPEAK0@Z 0000000180003c1c     Delayimp:delayhlp.obj
 0002:00000c2c       $unwind$?DloadMakePermanentImageCommit@@YAXPEAX_K@Z 0000000180003c2c     Delayimp:delayhlp.obj
 0002:00000c38       $unwind$?DloadProtectSection@@YAXKPEAK@Z 0000000180003c38     Delayimp:delayhlp.obj
 0002:00000c48       $unwind$__delayLoadHelper2 0000000180003c48     Delayimp:delayhlp.obj
 0002:00000c64       $unwind$?dllmain_crt_process_attach@@YAHQEAUHINSTANCE__@@QEAX@Z 0000000180003c64     MSVCRT:dll_dllmain.obj
 0002:00000ca0       $unwind$?fin$0@?0??dllmain_crt_process_attach@@YAHQEAUHINSTANCE__@@QEAX@Z@4HA 0000000180003ca0     MSVCRT:dll_dllmain.obj
 0002:00000ca0       $unwind$?fin$0@?0??dllmain_crt_process_detach@@YAH_N@Z@4HA 0000000180003ca0     MSVCRT:dll_dllmain.obj
 0002:00000ca0       $unwind$?fin$1@?0??dllmain_crt_process_detach@@YAH_N@Z@4HA 0000000180003ca0     MSVCRT:dll_dllmain.obj
 0002:00000ca8       $unwind$?dllmain_crt_process_detach@@YAH_N@Z 0000000180003ca8     MSVCRT:dll_dllmain.obj
 0002:00000cfc       $unwind$?dllmain_dispatch@@YAHQEAUHINSTANCE__@@KQEAX@Z 0000000180003cfc     MSVCRT:dll_dllmain.obj
 0002:00000d24       $unwind$?filt$0@?0??dllmain_dispatch@@YAHQEAUHINSTANCE__@@KQEAX@Z@4HA 0000000180003d24     MSVCRT:dll_dllmain.obj
 0002:00000d2c       $unwind$__security_init_cookie 0000000180003d2c     MSVCRT:gs_support.obj
 0002:00000d38       $unwind$__scrt_is_nonwritable_in_current_image 0000000180003d38     MSVCRT:utility.obj
 0002:00000d58       $unwind$__scrt_is_nonwritable_in_current_image$filt$0 0000000180003d58     MSVCRT:utility.obj
 0002:00000d60       $unwind$__scrt_dllmain_exception_filter 0000000180003d60     MSVCRT:utility.obj
 0002:00000d74       $unwind$__scrt_fastfail    0000000180003d74     MSVCRT:utility_desktop.obj
 0002:00000d88       $xdatasym                  0000000180003d88     MSVCRT:guard_dispatch.obj
 0002:00000d90       $xdatasym                  0000000180003d90     MSVCRT:guard_xfg_dispatch.obj
 0002:00000d94       $unwind$__isa_available_init 0000000180003d94     MSVCRT:cpu_disp.obj
 0002:00001350       .edata                     0000000180004350     PhysXCooking_64.exp
 0002:00001378       rgpv                       0000000180004378     PhysXCooking_64.exp
 0002:00001460       rgszName                   0000000180004460     PhysXCooking_64.exp
 0002:00001548       rgwOrd                     0000000180004548     PhysXCooking_64.exp
 0002:000015bc       szName                     00000001800045bc     PhysXCooking_64.exp
 0002:000015d0       $N00001                    00000001800045d0     PhysXCooking_64.exp
 0002:000015f4       $N00002                    00000001800045f4     PhysXCooking_64.exp
 0002:00001623       $N00003                    0000000180004623     PhysXCooking_64.exp
 0002:0000164a       $N00004                    000000018000464a     PhysXCooking_64.exp
 0002:000016a1       $N00005                    00000001800046a1     PhysXCooking_64.exp
 0002:000016cc       $N00006                    00000001800046cc     PhysXCooking_64.exp
 0002:000016f2       $N00007                    00000001800046f2     PhysXCooking_64.exp
 0002:00001711       $N00008                    0000000180004711     PhysXCooking_64.exp
 0002:00001735       $N00009                    0000000180004735     PhysXCooking_64.exp
 0002:0000175c       $N00010                    000000018000475c     PhysXCooking_64.exp
 0002:00001785       $N00011                    0000000180004785     PhysXCooking_64.exp
 0002:000017a4       $N00012                    00000001800047a4     PhysXCooking_64.exp
 0002:000017d7       $N00013                    00000001800047d7     PhysXCooking_64.exp
 0002:0000180d       $N00014                    000000018000480d     PhysXCooking_64.exp
 0002:00001845       $N00015                    0000000180004845     PhysXCooking_64.exp
 0002:00001877       $N00016                    0000000180004877     PhysXCooking_64.exp
 0002:000018a3       $N00017                    00000001800048a3     PhysXCooking_64.exp
 0002:000018bf       $N00018                    00000001800048bf     PhysXCooking_64.exp
 0002:000018e9       $N00019                    00000001800048e9     PhysXCooking_64.exp
 0002:00001925       $N00020                    0000000180004925     PhysXCooking_64.exp
 0002:00001960       $N00021                    0000000180004960     PhysXCooking_64.exp
 0002:0000199b       $N00022                    000000018000499b     PhysXCooking_64.exp
 0002:000019d0       $N00023                    00000001800049d0     PhysXCooking_64.exp
 0002:00001a0c       $N00024                    0000000180004a0c     PhysXCooking_64.exp
 0002:00001a3f       $N00025                    0000000180004a3f     PhysXCooking_64.exp
 0002:00001a72       $N00026                    0000000180004a72     PhysXCooking_64.exp
 0002:00001aac       $N00027                    0000000180004aac     PhysXCooking_64.exp
 0002:00001ae6       $N00028                    0000000180004ae6     PhysXCooking_64.exp
 0002:00001b13       $N00029                    0000000180004b13     PhysXCooking_64.exp
 0002:00001b46       $N00030                    0000000180004b46     PhysXCooking_64.exp
 0002:00001b74       $N00031                    0000000180004b74     PhysXCooking_64.exp
 0002:00001ba1       $N00032                    0000000180004ba1     PhysXCooking_64.exp
 0002:00001bdd       $N00033                    0000000180004bdd     PhysXCooking_64.exp
 0002:00001c1a       $N00034                    0000000180004c1a     PhysXCooking_64.exp
 0002:00001c4a       $N00035                    0000000180004c4a     PhysXCooking_64.exp
 0002:00001c61       $N00036                    0000000180004c61     PhysXCooking_64.exp
 0002:00001c7c       $N00037                    0000000180004c7c     PhysXCooking_64.exp
 0002:00001c93       $N00038                    0000000180004c93     PhysXCooking_64.exp
 0002:00001ca9       $N00039                    0000000180004ca9     PhysXCooking_64.exp
 0002:00001cc0       $N00040                    0000000180004cc0     PhysXCooking_64.exp
 0002:00001cd8       $N00041                    0000000180004cd8     PhysXCooking_64.exp
 0002:00001ce2       $N00042                    0000000180004ce2     PhysXCooking_64.exp
 0002:00001cf3       $N00043                    0000000180004cf3     PhysXCooking_64.exp
 0002:00001d05       $N00044                    0000000180004d05     PhysXCooking_64.exp
 0002:00001d18       $N00045                    0000000180004d18     PhysXCooking_64.exp
 0002:00001d2e       $N00046                    0000000180004d2e     PhysXCooking_64.exp
 0002:00001d41       $N00047                    0000000180004d41     PhysXCooking_64.exp
 0002:00001d4d       $N00048                    0000000180004d4d     PhysXCooking_64.exp
 0002:00001d61       $N00049                    0000000180004d61     PhysXCooking_64.exp
 0002:00001d74       $N00050                    0000000180004d74     PhysXCooking_64.exp
 0002:00001d88       $N00051                    0000000180004d88     PhysXCooking_64.exp
 0002:00001d9d       $N00052                    0000000180004d9d     PhysXCooking_64.exp
 0002:00001db5       $N00053                    0000000180004db5     PhysXCooking_64.exp
 0002:00001dca       $N00054                    0000000180004dca     PhysXCooking_64.exp
 0002:00001de7       $N00055                    0000000180004de7     PhysXCooking_64.exp
 0002:00001e08       $N00056                    0000000180004e08     PhysXCooking_64.exp
 0002:00001e27       $N00057                    0000000180004e27     PhysXCooking_64.exp
 0002:00001e3c       $N00058                    0000000180004e3c     PhysXCooking_64.exp
 0002:00002020       .idata$6                   0000000180005020     kernel32:KERNEL32.dll
 0002:0000209e       .idata$6                   000000018000509e     vcruntime:VCRUNTIME140.dll
 0002:00002168       .idata$6                   0000000180005168     ucrt:api-ms-win-crt-heap-l1-1-0.dll
 0002:00002188       .idata$6                   0000000180005188     ucrt:api-ms-win-crt-runtime-l1-1-0.dll
 0003:00000240       ?maxV3Error@vecMathTests@aos@physx@@3T__m128@@B 0000000180006240     Cooking.obj
 0003:00000250       ?minFError@vecMathTests@aos@physx@@3T__m128@@B 0000000180006250     Cooking.obj
 0003:00000260       ?maxV4Error@vecMathTests@aos@physx@@3T__m128@@B 0000000180006260     Cooking.obj
 0003:00000270       ?minV4Error@vecMathTests@aos@physx@@3T__m128@@B 0000000180006270     Cooking.obj
 0003:00000280       ?minV3Error@vecMathTests@aos@physx@@3T__m128@@B 0000000180006280     Cooking.obj
 0003:00000290       ?maxFError@vecMathTests@aos@physx@@3T__m128@@B 0000000180006290     Cooking.obj
 0003:000002a0       ?gCookingDelayLoadHook@@3PEBVPxDelayLoadHook@physx@@EB 00000001800062a0     WindowsCookingDelayLoadHook.obj
 0003:00000300       ?__proc_attached@@3HA      0000000180006300     MSVCRT:dll_dllmain.obj
 0003:00000328       ?is_initialized_as_dll@@3_NA 0000000180006328     MSVCRT:utility.obj
 0003:00000329       ?module_local_atexit_table_initialized@@3_NA 0000000180006329     MSVCRT:utility.obj
 0003:00000330       ?module_local_atexit_table@@3U_onexit_table_t@@A 0000000180006330     MSVCRT:utility.obj
 0003:00000348       ?module_local_at_quick_exit_table@@3U_onexit_table_t@@A 0000000180006348     MSVCRT:utility.obj
 0005:000000a0       $R000000                   00000001800080a0     PhysXCooking.res
 0005:000003d0       $R000330                   00000001800083d0     PhysXCooking.res
