 PhysXCooking_64

 Timestamp is 6740287d (Fri Nov 22 07:45:17 2024)

 Preferred load address is 0000000180000000

 Start         Length     Name                   Class
 0001:00000000 00000060H .text$di                CODE
 0001:00000060 00001e00H .text$mn                CODE
 0001:00001e60 00000036H .text$mn$00             CODE
 0001:00001e96 00000092H .text$x                 CODE
 0002:00000000 00000158H .idata$5                DATA
 0002:00000158 00000038H .00cfg                  DATA
 0002:00000190 00000008H .CRT$XCA                DATA
 0002:00000198 00000030H .CRT$XCU                DATA
 0002:000001c8 00000008H .CRT$XCZ                DATA
 0002:000001d0 00000008H .CRT$XIA                DATA
 0002:000001d8 00000008H .CRT$XIZ                DATA
 0002:000001e0 00000008H .CRT$XPA                DATA
 0002:000001e8 00000008H .CRT$XPZ                DATA
 0002:000001f0 00000008H .CRT$XTA                DATA
 0002:000001f8 00000008H .CRT$XTZ                DATA
 0002:00000200 00000000H .gehcont$y              DATA
 0002:00000200 00000000H .gfids$y                DATA
 0002:00000200 00000400H .rdata                  DATA
 0002:00000600 00000000H .rdata$CastGuardVftablesA DATA
 0002:00000600 00000000H .rdata$CastGuardVftablesC DATA
 0002:00000600 00000074H .rdata$r                DATA
 0002:00000674 00000080H .rdata$voltmd           DATA
 0002:000006f4 000003a4H .rdata$zzzdbg           DATA
 0002:00000a98 00000008H .rtc$IAA                DATA
 0002:00000aa0 00000008H .rtc$IZZ                DATA
 0002:00000aa8 00000008H .rtc$TAA                DATA
 0002:00000ab0 00000008H .rtc$TZZ                DATA
 0002:00000ab8 000002dcH .xdata                  DATA
 0002:00000d94 00000040H .didat$2                DATA
 0002:00000dd4 00000024H .didat$3                DATA
 0002:00000df8 000000d8H .didat$4                DATA
 0002:00000ed0 00000280H .didat$6                DATA
 0002:00001150 000001f0H .didat$7                DATA
 0002:00001340 00000b04H .edata                  DATA
 0002:00001e44 00000050H .idata$2                DATA
 0002:00001e94 00000014H .idata$3                DATA
 0002:00001ea8 00000158H .idata$4                DATA
 0002:00002000 00000372H .idata$6                DATA
 0003:00000000 000000b0H .data                   DATA
 0003:000000b0 00000090H .data$r                 DATA
 0003:00000140 00000020H .data$rs                DATA
 0003:00000160 000000e0H .didat$5                DATA
 0003:00000240 00000130H .bss                    DATA
 0004:00000000 0000030cH .pdata                  DATA
 0005:00000000 000000a0H .rsrc$01                DATA
 0005:000000a0 000004b0H .rsrc$02                DATA

  Address         Publics by Value              Rva+Base               Lib:Object

 0000:00000000       __AbsoluteZero             0000000000000000     <absolute>
 0000:00000000       ___safe_se_handler_count   0000000000000000     <absolute>
 0000:00000000       ___safe_se_handler_table   0000000000000000     <absolute>
 0000:00000000       __arm64x_extra_rfe_table   0000000000000000     <absolute>
 0000:00000000       __arm64x_extra_rfe_table_size 0000000000000000     <absolute>
 0000:00000000       __arm64x_native_entrypoint 0000000000000000     <absolute>
 0000:00000000       __arm64x_redirection_metadata 0000000000000000     <absolute>
 0000:00000000       __arm64x_redirection_metadata_count 0000000000000000     <absolute>
 0000:00000000       __dynamic_value_reloc_table 0000000000000000     <absolute>
 0000:00000000       __enclave_config           0000000000000000     <absolute>
 0000:00000000       __guard_check_icall_a64n_fptr 0000000000000000     <absolute>
 0000:00000000       __guard_eh_cont_count      0000000000000000     <absolute>
 0000:00000000       __guard_eh_cont_table      0000000000000000     <absolute>
 0000:00000000       __guard_fids_count         0000000000000000     <absolute>
 0000:00000000       __guard_fids_table         0000000000000000     <absolute>
 0000:00000000       __guard_iat_count          0000000000000000     <absolute>
 0000:00000000       __guard_iat_table          0000000000000000     <absolute>
 0000:00000000       __guard_longjmp_count      0000000000000000     <absolute>
 0000:00000000       __guard_longjmp_table      0000000000000000     <absolute>
 0000:00000000       __hybrid_auxiliary_delayload_iat 0000000000000000     <absolute>
 0000:00000000       __hybrid_auxiliary_delayload_iat_copy 0000000000000000     <absolute>
 0000:00000000       __hybrid_auxiliary_iat     0000000000000000     <absolute>
 0000:00000000       __hybrid_auxiliary_iat_copy 0000000000000000     <absolute>
 0000:00000000       __hybrid_code_map          0000000000000000     <absolute>
 0000:00000000       __hybrid_code_map_count    0000000000000000     <absolute>
 0000:00000000       __hybrid_image_info_bitfield 0000000000000000     <absolute>
 0000:00000000       __x64_code_ranges_to_entry_points 0000000000000000     <absolute>
 0000:00000000       __x64_code_ranges_to_entry_points_count 0000000000000000     <absolute>
 0000:00000100       __guard_flags              0000000000000100     <absolute>
 0000:00000000       __ImageBase                0000000180000000     <linker-defined>
 0001:00000060       ??$copy@V?$PxReflectionAllocator@USlab@NodeAllocator@Gu@physx@@@physx@@@?$PxArray@USlab@NodeAllocator@Gu@physx@@V?$PxReflectionAllocator@USlab@NodeAllocator@Gu@physx@@@4@@physx@@IEAAXAEBV01@@Z 0000000180001060 f i Cooking.obj
 0001:000000e0       ??0AABBTreeBounds@Gu@physx@@QEAA@XZ 00000001800010e0 f i Cooking.obj
 0001:000000f0       ??0AABBTreeBuildNode@Gu@physx@@QEAA@AEBV012@@Z 00000001800010f0 f i Cooking.obj
 0001:000000f0       ??4AABBTreeBuildNode@Gu@physx@@QEAAAEAV012@AEBV012@@Z 00000001800010f0 f i Cooking.obj
 0001:00000130       ??0AABBTreeBuildNode@Gu@physx@@QEAA@XZ 0000000180001130 f i Cooking.obj
 0001:00000130       ??4PxFoundation@physx@@QEAAAEAV01@AEBV01@@Z 0000000180001130 f i Cooking.obj
 0001:00000130       ?getAABB@AABBTreeBuildNode@Gu@physx@@QEBAAEBVPxBounds3@3@XZ 0000000180001130 f i Cooking.obj
 0001:00000140       ??0AABBTreeBuildParams@Gu@physx@@QEAA@IIPEBVAABBTreeBounds@12@W4BVHBuildStrategy@12@@Z 0000000180001140 f i Cooking.obj
 0001:00000160       ??0NodeAllocator@Gu@physx@@QEAA@AEBV012@@Z 0000000180001160 f i Cooking.obj
 0001:000001a0       ??0PxFoundation@physx@@QEAA@AEBV01@@Z 00000001800011a0 f i Cooking.obj
 0001:000001a0       ??0PxFoundation@physx@@QEAA@XZ 00000001800011a0 f i Cooking.obj
 0001:000001b0       ??1AABBTreeBounds@Gu@physx@@QEAA@XZ 00000001800011b0 f i Cooking.obj
 0001:000001c0       ??1AABBTreeBuildNode@Gu@physx@@QEAA@XZ 00000001800011c0 f i Cooking.obj
 0001:000001c0       _guard_check_icall_nop     00000001800011c0 f i MSVCRT:guard_support.obj
 0001:000001d0       ??1AABBTreeBuildParams@Gu@physx@@QEAA@XZ 00000001800011d0 f i Cooking.obj
 0001:000001d0       ?reset@AABBTreeBuildParams@Gu@physx@@QEAAXXZ 00000001800011d0 f i Cooking.obj
 0001:00000220       ??1PxFoundation@physx@@MEAA@XZ 0000000180001220 f i Cooking.obj
 0001:00000230       ??4AABBTreeBounds@Gu@physx@@QEAAAEAV012@AEBV012@@Z 0000000180001230 f i Cooking.obj
 0001:00000240       ??4AABBTreeBuildParams@Gu@physx@@QEAAAEAV012@AEBV012@@Z 0000000180001240 f i Cooking.obj
 0001:00000260       ??4NodeAllocator@Gu@physx@@QEAAAEAV012@AEBV012@@Z 0000000180001260 f i Cooking.obj
 0001:00000310       ??_EPxFoundation@physx@@MEAAPEAXI@Z 0000000180001310 f i Cooking.obj
 0001:000003a0       ??_FAABBTreeBuildParams@Gu@physx@@QEAAXXZ 00000001800013a0 f i Cooking.obj
 0001:000003c0       ?allocate@?$PxArray@USlab@NodeAllocator@Gu@physx@@V?$PxReflectionAllocator@USlab@NodeAllocator@Gu@physx@@@4@@physx@@IEAAPEAUSlab@NodeAllocator@Gu@2@IPEAI@Z 00000001800013c0 f i Cooking.obj
 0001:00000450       ?getBounds@AABBTreeBounds@Gu@physx@@QEAAPEAVPxBounds3@3@XZ 0000000180001450 f i Cooking.obj
 0001:00000450       ?getBounds@AABBTreeBounds@Gu@physx@@QEBAPEBVPxBounds3@3@XZ 0000000180001450 f i Cooking.obj
 0001:00000460       ?getNbPrimitives@AABBTreeBuildNode@Gu@physx@@QEBAIXZ 0000000180001460 f i Cooking.obj
 0001:00000460       ?getNbRuntimePrimitives@AABBTreeBuildNode@Gu@physx@@QEBAIXZ 0000000180001460 f i Cooking.obj
 0001:00000470       ?getNeg@AABBTreeBuildNode@Gu@physx@@QEBAPEBV123@XZ 0000000180001470 f i Cooking.obj
 0001:00000490       ?getPos@AABBTreeBuildNode@Gu@physx@@QEBAPEBV123@XZ 0000000180001490 f i Cooking.obj
 0001:000004a0       ?getPrimitives@AABBTreeBuildNode@Gu@physx@@QEAAPEAIPEAI@Z 00000001800014a0 f i Cooking.obj
 0001:000004a0       ?getPrimitives@AABBTreeBuildNode@Gu@physx@@QEBAPEBIPEBI@Z 00000001800014a0 f i Cooking.obj
 0001:000004b0       ?isLeaf@AABBTreeBuildNode@Gu@physx@@QEBA_NXZ 00000001800014b0 f i Cooking.obj
 0001:000004c0       ?moveFrom@AABBTreeBounds@Gu@physx@@QEAAXAEAV123@@Z 00000001800014c0 f i Cooking.obj
 0001:000004d0       ?ownsMemory@AABBTreeBounds@Gu@physx@@QEBA_NXZ 00000001800014d0 f i Cooking.obj
 0001:000004e0       ?recreate@?$PxArray@USlab@NodeAllocator@Gu@physx@@V?$PxReflectionAllocator@USlab@NodeAllocator@Gu@physx@@@4@@physx@@IEAAXI@Z 00000001800014e0 f i Cooking.obj
 0001:000005d0       ?setBounds@AABBTreeBounds@Gu@physx@@QEAAXPEAVPxBounds3@3@@Z 00000001800015d0 f i Cooking.obj
 0001:000005e0       ?setNbRunTimePrimitives@AABBTreeBuildNode@Gu@physx@@QEAAXI@Z 00000001800015e0 f i Cooking.obj
 0001:000005f0       ?takeOwnership@AABBTreeBounds@Gu@physx@@QEAAXXZ 00000001800015f0 f i Cooking.obj
 0001:00000600       PxAssembleSoftBodyMesh     0000000180001600 f   Cooking.obj
 0001:00000610       PxAssembleSoftBodyMesh_Sim 0000000180001610 f   Cooking.obj
 0001:00000620       PxComputeCollisionData     0000000180001620 f   Cooking.obj
 0001:00000630       PxComputeHullPolygons      0000000180001630 f   Cooking.obj
 0001:00000640       PxComputeModelsMapping     0000000180001640 f   Cooking.obj
 0001:00000650       PxComputeSimulationData    0000000180001650 f   Cooking.obj
 0001:00000660       PxCookBVH                  0000000180001660 f   Cooking.obj
 0001:00000670       PxCookConvexMesh           0000000180001670 f   Cooking.obj
 0001:00000680       PxCookHeightField          0000000180001680 f   Cooking.obj
 0001:00000690       PxCookSoftBodyMesh         0000000180001690 f   Cooking.obj
 0001:000006a0       PxCookTetrahedronMesh      00000001800016a0 f   Cooking.obj
 0001:000006b0       PxCookTriangleMesh         00000001800016b0 f   Cooking.obj
 0001:000006c0       PxCreateBVH                00000001800016c0 f   Cooking.obj
 0001:000006d0       PxCreateBVHInternal        00000001800016d0 f   Cooking.obj
 0001:00000760       PxCreateConvexMesh         0000000180001760 f   Cooking.obj
 0001:00000770       PxCreateHeightField        0000000180001770 f   Cooking.obj
 0001:00000780       PxCreateSoftBodyMesh       0000000180001780 f   Cooking.obj
 0001:00000790       PxCreateTetrahedronMesh    0000000180001790 f   Cooking.obj
 0001:000007a0       PxCreateTriangleMesh       00000001800017a0 f   Cooking.obj
 0001:000007b0       PxCreateTriangleMeshInternal 00000001800017b0 f   Cooking.obj
 0001:00000840       PxGetStandaloneInsertionCallback 0000000180001840 f   Cooking.obj
 0001:00000850       PxValidateConvexMesh       0000000180001850 f   Cooking.obj
 0001:00000860       PxValidateTriangleMesh     0000000180001860 f   Cooking.obj
 0001:00000870       ?cookingDelayHook@@YAP6A_JXZIPEAUDelayLoadInfo@@@Z 0000000180001870 f   WindowsCookingDelayLoadHook.obj
 0001:00000950       PxSetPhysXCookingDelayLoadHook 0000000180001950 f   WindowsCookingDelayLoadHook.obj
 0001:00000958       getInsertionCallback       0000000180001958 f   PhysXCommon_64:PhysXCommon_64.dll
 0001:0000095e       __tailMerge_physxcommon_64_dll 000000018000195e     PhysXCommon_64:PhysXCommon_64.dll
 0001:000009d7       __imp_load_getInsertionCallback 00000001800019d7 f   PhysXCommon_64:PhysXCommon_64.dll
 0001:000009e3       cookBVH                    00000001800019e3 f   PhysXCommon_64:PhysXCommon_64.dll
 0001:000009e9       __imp_load_cookBVH         00000001800019e9 f   PhysXCommon_64:PhysXCommon_64.dll
 0001:000009f5       createBVH                  00000001800019f5 f   PhysXCommon_64:PhysXCommon_64.dll
 0001:000009fb       __imp_load_createBVH       00000001800019fb f   PhysXCommon_64:PhysXCommon_64.dll
 0001:00000a07       cookHeightField            0000000180001a07 f   PhysXCommon_64:PhysXCommon_64.dll
 0001:00000a0d       __imp_load_cookHeightField 0000000180001a0d f   PhysXCommon_64:PhysXCommon_64.dll
 0001:00000a19       createHeightField          0000000180001a19 f   PhysXCommon_64:PhysXCommon_64.dll
 0001:00000a1f       __imp_load_createHeightField 0000000180001a1f f   PhysXCommon_64:PhysXCommon_64.dll
 0001:00000a2b       cookConvexMesh             0000000180001a2b f   PhysXCommon_64:PhysXCommon_64.dll
 0001:00000a31       __imp_load_cookConvexMesh  0000000180001a31 f   PhysXCommon_64:PhysXCommon_64.dll
 0001:00000a3d       createConvexMesh           0000000180001a3d f   PhysXCommon_64:PhysXCommon_64.dll
 0001:00000a43       __imp_load_createConvexMesh 0000000180001a43 f   PhysXCommon_64:PhysXCommon_64.dll
 0001:00000a4f       validateConvexMesh         0000000180001a4f f   PhysXCommon_64:PhysXCommon_64.dll
 0001:00000a55       __imp_load_validateConvexMesh 0000000180001a55 f   PhysXCommon_64:PhysXCommon_64.dll
 0001:00000a61       computeHullPolygons        0000000180001a61 f   PhysXCommon_64:PhysXCommon_64.dll
 0001:00000a67       __imp_load_computeHullPolygons 0000000180001a67 f   PhysXCommon_64:PhysXCommon_64.dll
 0001:00000a73       validateTriangleMesh       0000000180001a73 f   PhysXCommon_64:PhysXCommon_64.dll
 0001:00000a79       __imp_load_validateTriangleMesh 0000000180001a79 f   PhysXCommon_64:PhysXCommon_64.dll
 0001:00000a85       createTriangleMesh         0000000180001a85 f   PhysXCommon_64:PhysXCommon_64.dll
 0001:00000a8b       __imp_load_createTriangleMesh 0000000180001a8b f   PhysXCommon_64:PhysXCommon_64.dll
 0001:00000a97       cookTriangleMesh           0000000180001a97 f   PhysXCommon_64:PhysXCommon_64.dll
 0001:00000a9d       __imp_load_cookTriangleMesh 0000000180001a9d f   PhysXCommon_64:PhysXCommon_64.dll
 0001:00000aa9       cookTetrahedronMesh        0000000180001aa9 f   PhysXCommon_64:PhysXCommon_64.dll
 0001:00000aaf       __imp_load_cookTetrahedronMesh 0000000180001aaf f   PhysXCommon_64:PhysXCommon_64.dll
 0001:00000abb       createTetrahedronMesh      0000000180001abb f   PhysXCommon_64:PhysXCommon_64.dll
 0001:00000ac1       __imp_load_createTetrahedronMesh 0000000180001ac1 f   PhysXCommon_64:PhysXCommon_64.dll
 0001:00000acd       cookSoftBodyMesh           0000000180001acd f   PhysXCommon_64:PhysXCommon_64.dll
 0001:00000ad3       __imp_load_cookSoftBodyMesh 0000000180001ad3 f   PhysXCommon_64:PhysXCommon_64.dll
 0001:00000adf       createSoftBodyMesh         0000000180001adf f   PhysXCommon_64:PhysXCommon_64.dll
 0001:00000ae5       __imp_load_createSoftBodyMesh 0000000180001ae5 f   PhysXCommon_64:PhysXCommon_64.dll
 0001:00000af1       computeModelsMapping       0000000180001af1 f   PhysXCommon_64:PhysXCommon_64.dll
 0001:00000af7       __imp_load_computeModelsMapping 0000000180001af7 f   PhysXCommon_64:PhysXCommon_64.dll
 0001:00000b03       computeCollisionData       0000000180001b03 f   PhysXCommon_64:PhysXCommon_64.dll
 0001:00000b09       __imp_load_computeCollisionData 0000000180001b09 f   PhysXCommon_64:PhysXCommon_64.dll
 0001:00000b15       computeSimulationData      0000000180001b15 f   PhysXCommon_64:PhysXCommon_64.dll
 0001:00000b1b       __imp_load_computeSimulationData 0000000180001b1b f   PhysXCommon_64:PhysXCommon_64.dll
 0001:00000b27       assembleSoftBodyMesh       0000000180001b27 f   PhysXCommon_64:PhysXCommon_64.dll
 0001:00000b2d       __imp_load_assembleSoftBodyMesh 0000000180001b2d f   PhysXCommon_64:PhysXCommon_64.dll
 0001:00000b39       assembleSoftBodyMesh_Sim   0000000180001b39 f   PhysXCommon_64:PhysXCommon_64.dll
 0001:00000b3f       __imp_load_assembleSoftBodyMesh_Sim 0000000180001b3f f   PhysXCommon_64:PhysXCommon_64.dll
 0001:00000b4b       ?release@AABBTreeBounds@Gu@physx@@QEAAXXZ 0000000180001b4b f   PhysXCommon_64:PhysXCommon_64.dll
 0001:00000b51       __imp_load_?release@AABBTreeBounds@Gu@physx@@QEAAXXZ 0000000180001b51 f   PhysXCommon_64:PhysXCommon_64.dll
 0001:00000b5d       ??0BVH@Gu@physx@@QEAA@AEBUPxBVHInternalData@2@@Z 0000000180001b5d f   PhysXCommon_64:PhysXCommon_64.dll
 0001:00000b63       __imp_load_??0BVH@Gu@physx@@QEAA@AEBUPxBVHInternalData@2@@Z 0000000180001b63 f   PhysXCommon_64:PhysXCommon_64.dll
 0001:00000b6f       ??0BV4TriangleMesh@Gu@physx@@QEAA@AEBUPxTriangleMeshInternalData@2@@Z 0000000180001b6f f   PhysXCommon_64:PhysXCommon_64.dll
 0001:00000b75       __imp_load_??0BV4TriangleMesh@Gu@physx@@QEAA@AEBUPxTriangleMeshInternalData@2@@Z 0000000180001b75 f   PhysXCommon_64:PhysXCommon_64.dll
 0001:00000b81       PxGetBroadcastAllocator    0000000180001b81 f   PhysXFoundation_64:PhysXFoundation_64.dll
 0001:00000b87       __tailMerge_physxfoundation_64_dll 0000000180001b87     PhysXFoundation_64:PhysXFoundation_64.dll
 0001:00000c00       __imp_load_PxGetBroadcastAllocator 0000000180001c00 f   PhysXFoundation_64:PhysXFoundation_64.dll
 0001:00000c0c       ?DloadAcquireSectionWriteAccess@@YAXXZ 0000000180001c0c f i Delayimp:delayhlp.obj
 0001:00000cb8       ?DloadGetSRWLockFunctionPointers@@YAEXZ 0000000180001cb8 f i Delayimp:delayhlp.obj
 0001:00000d58       ?DloadMakePermanentImageCommit@@YAXPEAX_K@Z 0000000180001d58 f i Delayimp:delayhlp.obj
 0001:00000df0       ?DloadObtainSection@@YAPEAXPEAK0@Z 0000000180001df0 f i Delayimp:delayhlp.obj
 0001:00000e8c       ?DloadProtectSection@@YAXKPEAK@Z 0000000180001e8c f i Delayimp:delayhlp.obj
 0001:00000f1c       ?DloadReleaseSectionWriteAccess@@YAXXZ 0000000180001f1c f i Delayimp:delayhlp.obj
 0001:00000fb0       __delayLoadHelper2         0000000180001fb0 f   Delayimp:delayhlp.obj
 0001:00001288       ??3@YAXPEAX@Z              0000000180002288 f   MSVCRT:delete_scalar.obj
 0001:00001290       ??3@YAXPEAX_K@Z            0000000180002290 f   MSVCRT:delete_scalar_size.obj
 0001:00001290       ??_V@YAXPEAX@Z             0000000180002290 f   MSVCRT:delete_array.obj
 0001:00001298       ??_V@YAXPEAX_K@Z           0000000180002298 f   MSVCRT:delete_array_size.obj
 0001:000012a0       ??_Etype_info@@UEAAPEAXI@Z 00000001800022a0 f i MSVCRT:std_type_info_static.obj
 0001:000012a0       ??_Gtype_info@@UEAAPEAXI@Z 00000001800022a0 f i MSVCRT:std_type_info_static.obj
 0001:000012cc       ?__scrt_initialize_type_info@@YAXXZ 00000001800022cc f   MSVCRT:tncleanup.obj
 0001:000012dc       ?__scrt_uninitialize_type_info@@YAXXZ 00000001800022dc f   MSVCRT:tncleanup.obj
 0001:00001604       _DllMainCRTStartup         0000000180002604 f   MSVCRT:dll_dllmain.obj
 0001:00001644       __security_init_cookie     0000000180002644 f   MSVCRT:gs_support.obj
 0001:000016f0       DllMain                    00000001800026f0 f   MSVCRT:dll_dllmain_stub.obj
 0001:00001714       __local_stdio_printf_options 0000000180002714 f i MSVCRT:default_local_stdio_options.obj
 0001:0000171c       __local_stdio_scanf_options 000000018000271c f i MSVCRT:default_local_stdio_options.obj
 0001:00001724       __scrt_initialize_default_local_stdio_options 0000000180002724 f   MSVCRT:default_local_stdio_options.obj
 0001:00001740       __scrt_acquire_startup_lock 0000000180002740 f   MSVCRT:utility.obj
 0001:0000177c       __scrt_dllmain_after_initialize_c 000000018000277c f   MSVCRT:utility.obj
 0001:000017b0       __scrt_dllmain_before_initialize_c 00000001800027b0 f   MSVCRT:utility.obj
 0001:000017c8       __scrt_dllmain_crt_thread_attach 00000001800027c8 f   MSVCRT:utility.obj
 0001:000017f0       __scrt_dllmain_crt_thread_detach 00000001800027f0 f   MSVCRT:utility.obj
 0001:00001808       __scrt_dllmain_exception_filter 0000000180002808 f   MSVCRT:utility.obj
 0001:00001868       __scrt_dllmain_uninitialize_c 0000000180002868 f   MSVCRT:utility.obj
 0001:00001898       __scrt_dllmain_uninitialize_critical 0000000180002898 f   MSVCRT:utility.obj
 0001:000018ac       __scrt_initialize_crt      00000001800028ac f   MSVCRT:utility.obj
 0001:000018e8       __scrt_initialize_onexit_tables 00000001800028e8 f   MSVCRT:utility.obj
 0001:00001974       __scrt_is_nonwritable_in_current_image 0000000180002974 f   MSVCRT:utility.obj
 0001:00001a0c       __scrt_release_startup_lock 0000000180002a0c f   MSVCRT:utility.obj
 0001:00001a30       __scrt_uninitialize_crt    0000000180002a30 f   MSVCRT:utility.obj
 0001:00001a5c       __scrt_get_dyn_tls_init_callback 0000000180002a5c f   MSVCRT:dyn_tls_init.obj
 0001:00001a64       __crt_debugger_hook        0000000180002a64 f   MSVCRT:utility_desktop.obj
 0001:00001a6c       __scrt_fastfail            0000000180002a6c f   MSVCRT:utility_desktop.obj
 0001:00001bb4       _RTC_Initialize            0000000180002bb4 f   MSVCRT:initsect.obj
 0001:00001bf0       _RTC_Terminate             0000000180002bf0 f   MSVCRT:initsect.obj
 0001:00001c30       __isa_available_init       0000000180002c30 f   MSVCRT:cpu_disp.obj
 0001:00001ddc       _get_startup_argv_mode     0000000180002ddc f   MSVCRT:argv_mode.obj
 0001:00001de4       __scrt_is_ucrt_dll_in_use  0000000180002de4 f   MSVCRT:ucrt_detection.obj
 0001:00001df0       _purecall                  0000000180002df0 f   vcruntime:VCRUNTIME140.dll
 0001:00001df6       __std_type_info_name       0000000180002df6 f   vcruntime:VCRUNTIME140.dll
 0001:00001dfc       strstr                     0000000180002dfc f   vcruntime:VCRUNTIME140.dll
 0001:00001e02       __std_type_info_destroy_list 0000000180002e02 f   vcruntime:VCRUNTIME140.dll
 0001:00001e08       __C_specific_handler       0000000180002e08 f   vcruntime:VCRUNTIME140.dll
 0001:00001e0e       memset                     0000000180002e0e f   vcruntime:VCRUNTIME140.dll
 0001:00001e14       memcpy                     0000000180002e14 f   vcruntime:VCRUNTIME140.dll
 0001:00001e1a       free                       0000000180002e1a f   ucrt:api-ms-win-crt-heap-l1-1-0.dll
 0001:00001e20       _initterm                  0000000180002e20 f   ucrt:api-ms-win-crt-runtime-l1-1-0.dll
 0001:00001e26       _initterm_e                0000000180002e26 f   ucrt:api-ms-win-crt-runtime-l1-1-0.dll
 0001:00001e2c       _seh_filter_dll            0000000180002e2c f   ucrt:api-ms-win-crt-runtime-l1-1-0.dll
 0001:00001e32       _configure_narrow_argv     0000000180002e32 f   ucrt:api-ms-win-crt-runtime-l1-1-0.dll
 0001:00001e38       _initialize_narrow_environment 0000000180002e38 f   ucrt:api-ms-win-crt-runtime-l1-1-0.dll
 0001:00001e3e       _initialize_onexit_table   0000000180002e3e f   ucrt:api-ms-win-crt-runtime-l1-1-0.dll
 0001:00001e44       _execute_onexit_table      0000000180002e44 f   ucrt:api-ms-win-crt-runtime-l1-1-0.dll
 0001:00001e4a       _cexit                     0000000180002e4a f   ucrt:api-ms-win-crt-runtime-l1-1-0.dll
 0001:00001e50       __acrt_initialize          0000000180002e50 f   MSVCRT:ucrt_stubs.obj
 0001:00001e50       __acrt_thread_attach       0000000180002e50 f   MSVCRT:ucrt_stubs.obj
 0001:00001e50       __acrt_thread_detach       0000000180002e50 f   MSVCRT:ucrt_stubs.obj
 0001:00001e50       __acrt_uninitialize        0000000180002e50 f   MSVCRT:ucrt_stubs.obj
 0001:00001e50       __acrt_uninitialize_critical 0000000180002e50 f   MSVCRT:ucrt_stubs.obj
 0001:00001e50       __scrt_stub_for_acrt_initialize 0000000180002e50 f   MSVCRT:ucrt_stubs.obj
 0001:00001e50       __scrt_stub_for_acrt_thread_attach 0000000180002e50 f   MSVCRT:ucrt_stubs.obj
 0001:00001e50       __scrt_stub_for_acrt_thread_detach 0000000180002e50 f   MSVCRT:ucrt_stubs.obj
 0001:00001e50       __scrt_stub_for_acrt_uninitialize 0000000180002e50 f   MSVCRT:ucrt_stubs.obj
 0001:00001e50       __scrt_stub_for_acrt_uninitialize_critical 0000000180002e50 f   MSVCRT:ucrt_stubs.obj
 0001:00001e50       __vcrt_initialize          0000000180002e50 f   MSVCRT:ucrt_stubs.obj
 0001:00001e50       __vcrt_thread_attach       0000000180002e50 f   MSVCRT:ucrt_stubs.obj
 0001:00001e50       __vcrt_thread_detach       0000000180002e50 f   MSVCRT:ucrt_stubs.obj
 0001:00001e50       __vcrt_uninitialize        0000000180002e50 f   MSVCRT:ucrt_stubs.obj
 0001:00001e50       __vcrt_uninitialize_critical 0000000180002e50 f   MSVCRT:ucrt_stubs.obj
 0001:00001e54       __scrt_stub_for_is_c_termination_complete 0000000180002e54 f   MSVCRT:ucrt_stubs.obj
 0001:00001e54       _is_c_termination_complete 0000000180002e54 f   MSVCRT:ucrt_stubs.obj
 0001:00001e70       _guard_dispatch_icall_nop  0000000180002e70 f   MSVCRT:guard_dispatch.obj
 0001:00001e90       _guard_xfg_dispatch_icall_nop 0000000180002e90 f   MSVCRT:guard_xfg_dispatch.obj
 0002:00000000       __imp_LoadLibraryA         0000000180003000     kernel32:KERNEL32.dll
 0002:00000008       __imp_SetUnhandledExceptionFilter 0000000180003008     kernel32:KERNEL32.dll
 0002:00000010       __imp_UnhandledExceptionFilter 0000000180003010     kernel32:KERNEL32.dll
 0002:00000018       __imp_IsDebuggerPresent    0000000180003018     kernel32:KERNEL32.dll
 0002:00000020       __imp_RtlVirtualUnwind     0000000180003020     kernel32:KERNEL32.dll
 0002:00000028       __imp_RtlLookupFunctionEntry 0000000180003028     kernel32:KERNEL32.dll
 0002:00000030       __imp_RtlCaptureContext    0000000180003030     kernel32:KERNEL32.dll
 0002:00000038       __imp_DisableThreadLibraryCalls 0000000180003038     kernel32:KERNEL32.dll
 0002:00000040       __imp_GetSystemTimeAsFileTime 0000000180003040     kernel32:KERNEL32.dll
 0002:00000048       __imp_GetCurrentThreadId   0000000180003048     kernel32:KERNEL32.dll
 0002:00000050       __imp_GetCurrentProcessId  0000000180003050     kernel32:KERNEL32.dll
 0002:00000058       __imp_QueryPerformanceCounter 0000000180003058     kernel32:KERNEL32.dll
 0002:00000060       __imp_InitializeSListHead  0000000180003060     kernel32:KERNEL32.dll
 0002:00000068       __imp_LoadLibraryExA       0000000180003068     kernel32:KERNEL32.dll
 0002:00000070       __imp_GetProcAddress       0000000180003070     kernel32:KERNEL32.dll
 0002:00000078       __imp_GetModuleHandleW     0000000180003078     kernel32:KERNEL32.dll
 0002:00000080       __imp_FreeLibrary          0000000180003080     kernel32:KERNEL32.dll
 0002:00000088       __imp_VirtualQuery         0000000180003088     kernel32:KERNEL32.dll
 0002:00000090       __imp_VirtualProtect       0000000180003090     kernel32:KERNEL32.dll
 0002:00000098       __imp_GetSystemInfo        0000000180003098     kernel32:KERNEL32.dll
 0002:000000a0       __imp_GetLastError         00000001800030a0     kernel32:KERNEL32.dll
 0002:000000a8       __imp_RaiseException       00000001800030a8     kernel32:KERNEL32.dll
 0002:000000b0       __imp_IsProcessorFeaturePresent 00000001800030b0     kernel32:KERNEL32.dll
 0002:000000b8       \177KERNEL32_NULL_THUNK_DATA 00000001800030b8     kernel32:KERNEL32.dll
 0002:000000c0       __imp___C_specific_handler 00000001800030c0     vcruntime:VCRUNTIME140.dll
 0002:000000c8       __imp__purecall            00000001800030c8     vcruntime:VCRUNTIME140.dll
 0002:000000d0       __imp___std_type_info_name 00000001800030d0     vcruntime:VCRUNTIME140.dll
 0002:000000d8       __imp_strstr               00000001800030d8     vcruntime:VCRUNTIME140.dll
 0002:000000e0       __imp___std_type_info_destroy_list 00000001800030e0     vcruntime:VCRUNTIME140.dll
 0002:000000e8       __imp_memset               00000001800030e8     vcruntime:VCRUNTIME140.dll
 0002:000000f0       __imp_memcpy               00000001800030f0     vcruntime:VCRUNTIME140.dll
 0002:000000f8       \177VCRUNTIME140_NULL_THUNK_DATA 00000001800030f8     vcruntime:VCRUNTIME140.dll
 0002:00000100       __imp_free                 0000000180003100     ucrt:api-ms-win-crt-heap-l1-1-0.dll
 0002:00000108       \177api-ms-win-crt-heap-l1-1-0_NULL_THUNK_DATA 0000000180003108     ucrt:api-ms-win-crt-heap-l1-1-0.dll
 0002:00000110       __imp__initterm            0000000180003110     ucrt:api-ms-win-crt-runtime-l1-1-0.dll
 0002:00000118       __imp__initterm_e          0000000180003118     ucrt:api-ms-win-crt-runtime-l1-1-0.dll
 0002:00000120       __imp__seh_filter_dll      0000000180003120     ucrt:api-ms-win-crt-runtime-l1-1-0.dll
 0002:00000128       __imp__configure_narrow_argv 0000000180003128     ucrt:api-ms-win-crt-runtime-l1-1-0.dll
 0002:00000130       __imp__initialize_narrow_environment 0000000180003130     ucrt:api-ms-win-crt-runtime-l1-1-0.dll
 0002:00000138       __imp__initialize_onexit_table 0000000180003138     ucrt:api-ms-win-crt-runtime-l1-1-0.dll
 0002:00000140       __imp__execute_onexit_table 0000000180003140     ucrt:api-ms-win-crt-runtime-l1-1-0.dll
 0002:00000148       __imp__cexit               0000000180003148     ucrt:api-ms-win-crt-runtime-l1-1-0.dll
 0002:00000150       \177api-ms-win-crt-runtime-l1-1-0_NULL_THUNK_DATA 0000000180003150     ucrt:api-ms-win-crt-runtime-l1-1-0.dll
 0002:00000158       __guard_check_icall_fptr   0000000180003158     MSVCRT:guard_support.obj
 0002:00000160       __guard_xfg_check_icall_fptr 0000000180003160     MSVCRT:guard_support.obj
 0002:00000168       __guard_dispatch_icall_fptr 0000000180003168     MSVCRT:guard_support.obj
 0002:00000170       __guard_xfg_dispatch_icall_fptr 0000000180003170     MSVCRT:guard_support.obj
 0002:00000178       __guard_xfg_table_dispatch_icall_fptr 0000000180003178     MSVCRT:guard_support.obj
 0002:00000180       __castguard_check_failure_os_handled_fptr 0000000180003180     MSVCRT:guard_support.obj
 0002:00000188       __guard_memcpy_fptr        0000000180003188     vcruntime:softmemtag.obj
 0002:00000190       __xc_a                     0000000180003190     MSVCRT:initializers.obj
 0002:000001c8       __xc_z                     00000001800031c8     MSVCRT:initializers.obj
 0002:000001d0       __xi_a                     00000001800031d0     MSVCRT:initializers.obj
 0002:000001d8       __xi_z                     00000001800031d8     MSVCRT:initializers.obj
 0002:000001e0       __xp_a                     00000001800031e0     MSVCRT:initializers.obj
 0002:000001e8       __xp_z                     00000001800031e8     MSVCRT:initializers.obj
 0002:000001f0       __xt_a                     00000001800031f0     MSVCRT:initializers.obj
 0002:000001f8       __xt_z                     00000001800031f8     MSVCRT:initializers.obj
 0002:00000220       ??_7PxFoundation@physx@@6B@ 0000000180003220     Cooking.obj
 0002:00000290       ??_C@_0DI@OEEMNBFM@C?3?2Code?2PhysX?2physx?2source?2phys@ 0000000180003290     Cooking.obj
 0002:000002c8       ??_C@_0DB@GOLGAOEH@C?3?2Code?2PhysX?2physx?2include?2fou@ 00000001800032c8     Cooking.obj
 0002:00000300       ??_C@_0BM@OIFKLHDN@?$DMallocation?5names?5disabled?$DO@ 0000000180003300     Cooking.obj
 0002:00000320       __xmm@000000003a83126f3a83126f3a83126f 0000000180003320     Cooking.obj
 0002:00000330       __xmm@00000000ba83126fba83126fba83126f 0000000180003330     Cooking.obj
 0002:00000340       __xmm@3a83126f3a83126f3a83126f3a83126f 0000000180003340     Cooking.obj
 0002:00000350       __xmm@ba83126fba83126fba83126fba83126f 0000000180003350     Cooking.obj
 0002:00000360       ??_C@_0BA@EGLNOO@PhysXFoundation@ 0000000180003360     WindowsCookingDelayLoadHook.obj
 0002:00000370       ??_C@_0M@ILKNCJKN@PhysXCommon@ 0000000180003370     WindowsCookingDelayLoadHook.obj
 0002:00000380       __sz_PhysXCommon_64_dll    0000000180003380     PhysXCommon_64:PhysXCommon_64.dll
 0002:000003a0       __sz_PhysXFoundation_64_dll 00000001800033a0     PhysXFoundation_64:PhysXFoundation_64.dll
 0002:000003b8       ??_C@_1BK@DBDEIDLH@?$AAK?$AAE?$AAR?$AAN?$AAE?$AAL?$AA3?$AA2?$AA?4?$AAD?$AAL?$AAL@ 00000001800033b8     Delayimp:delayhlp.obj
 0002:000003d8       ??_C@_0BI@OMNLIJDB@AcquireSRWLockExclusive@ 00000001800033d8     Delayimp:delayhlp.obj
 0002:000003f0       ??_C@_0BI@HMIEPCNJ@ReleaseSRWLockExclusive@ 00000001800033f0     Delayimp:delayhlp.obj
 0002:00000408       __pfnDliFailureHook2       0000000180003408     Delayimp:delayhk1.obj
 0002:00000418       ??_7type_info@@6B@         0000000180003418     MSVCRT:std_type_info_static.obj
 0002:00000420       _pDefaultRawDllMain        0000000180003420     MSVCRT:dll_dllmain.obj
 0002:00000420       _pRawDllMain               0000000180003420     MSVCRT:dll_dllmain.obj
 0002:00000430       _load_config_used          0000000180003430     MSVCRT:loadcfg.obj
 0002:00000570       __xmm@ffffffffffffffffffffffffffffffff 0000000180003570     MSVCRT:utility.obj
 0002:00000600       ??_R4type_info@@6B@        0000000180003600     MSVCRT:std_type_info_static.obj
 0002:00000628       ??_R3type_info@@8          0000000180003628     MSVCRT:std_type_info_static.obj
 0002:00000640       ??_R2type_info@@8          0000000180003640     MSVCRT:std_type_info_static.obj
 0002:00000650       ??_R1A@?0A@EA@type_info@@8 0000000180003650     MSVCRT:std_type_info_static.obj
 0002:00000674       __volatile_metadata        0000000180003674     <linker-defined>
 0002:00000a98       __rtc_iaa                  0000000180003a98     MSVCRT:initsect.obj
 0002:00000aa0       __rtc_izz                  0000000180003aa0     MSVCRT:initsect.obj
 0002:00000aa8       __rtc_taa                  0000000180003aa8     MSVCRT:initsect.obj
 0002:00000ab0       __rtc_tzz                  0000000180003ab0     MSVCRT:initsect.obj
 0002:00000d94       __DELAY_IMPORT_DESCRIPTOR_physxcommon_64_dll 0000000180003d94     PhysXCommon_64:PhysXCommon_64.dll
 0002:00000db4       __DELAY_IMPORT_DESCRIPTOR_physxfoundation_64_dll 0000000180003db4     PhysXFoundation_64:PhysXFoundation_64.dll
 0002:00000dd4       __NULL_DELAY_IMPORT_DESCRIPTOR 0000000180003dd4     PhysXCommon_64:PhysXCommon_64.dll
 0002:00000eb8       \177PhysXCommon_64_NULL_THUNK_DATA_DLN 0000000180003eb8     PhysXCommon_64:PhysXCommon_64.dll
 0002:00000ec8       \177PhysXFoundation_64_NULL_THUNK_DATA_DLN 0000000180003ec8     PhysXFoundation_64:PhysXFoundation_64.dll
 0002:00001158       \177PhysXCommon_64_NULL_THUNK_DATA_DLB 0000000180004158     PhysXCommon_64:PhysXCommon_64.dll
 0002:00001220       \177PhysXFoundation_64_NULL_THUNK_DATA_DLB 0000000180004220     PhysXFoundation_64:PhysXFoundation_64.dll
 0002:00001e44       __IMPORT_DESCRIPTOR_KERNEL32 0000000180004e44     kernel32:KERNEL32.dll
 0002:00001e58       __IMPORT_DESCRIPTOR_VCRUNTIME140 0000000180004e58     vcruntime:VCRUNTIME140.dll
 0002:00001e6c       __IMPORT_DESCRIPTOR_api-ms-win-crt-heap-l1-1-0 0000000180004e6c     ucrt:api-ms-win-crt-heap-l1-1-0.dll
 0002:00001e80       __IMPORT_DESCRIPTOR_api-ms-win-crt-runtime-l1-1-0 0000000180004e80     ucrt:api-ms-win-crt-runtime-l1-1-0.dll
 0002:00001e94       __NULL_IMPORT_DESCRIPTOR   0000000180004e94     kernel32:KERNEL32.dll
 0003:00000000       __pfnDliNotifyHook2        0000000180006000     WindowsCookingDelayLoadHook.obj
 0003:00000008       _fltused                   0000000180006008     MSVCRT:fltused.obj
 0003:0000000c       __scrt_native_dllmain_reason 000000018000600c     MSVCRT:utility.obj
 0003:00000040       __security_cookie          0000000180006040     MSVCRT:gs_cookie.obj
 0003:00000080       __security_cookie_complement 0000000180006080     MSVCRT:gs_cookie.obj
 0003:00000090       __isa_available            0000000180006090     MSVCRT:cpu_disp.obj
 0003:00000094       __isa_enabled              0000000180006094     MSVCRT:cpu_disp.obj
 0003:00000098       __memset_fast_string_threshold 0000000180006098     MSVCRT:cpu_disp.obj
 0003:000000a0       __memset_nt_threshold      00000001800060a0     MSVCRT:cpu_disp.obj
 0003:000000a8       __scrt_ucrt_dll_is_in_use  00000001800060a8     MSVCRT:ucrt_stubs.obj
 0003:000000b0       ??_R0?AVBVH@Gu@physx@@@8   00000001800060b0     Cooking.obj
 0003:000000d8       ??_R0?AVBV4TriangleMesh@Gu@physx@@@8 00000001800060d8     Cooking.obj
 0003:00000108       ??_R0?AUSlab@NodeAllocator@Gu@physx@@@8 0000000180006108     Cooking.obj
 0003:00000140       ??_R0?AVtype_info@@@8      0000000180006140     MSVCRT:std_type_info_static.obj
 0003:00000160       __imp_getInsertionCallback 0000000180006160     PhysXCommon_64:PhysXCommon_64.dll
 0003:00000168       __imp_??0BV4TriangleMesh@Gu@physx@@QEAA@AEBUPxTriangleMeshInternalData@2@@Z 0000000180006168     PhysXCommon_64:PhysXCommon_64.dll
 0003:00000170       __imp_cookBVH              0000000180006170     PhysXCommon_64:PhysXCommon_64.dll
 0003:00000178       __imp_createBVH            0000000180006178     PhysXCommon_64:PhysXCommon_64.dll
 0003:00000180       __imp_cookHeightField      0000000180006180     PhysXCommon_64:PhysXCommon_64.dll
 0003:00000188       __imp_createHeightField    0000000180006188     PhysXCommon_64:PhysXCommon_64.dll
 0003:00000190       __imp_cookConvexMesh       0000000180006190     PhysXCommon_64:PhysXCommon_64.dll
 0003:00000198       __imp_createConvexMesh     0000000180006198     PhysXCommon_64:PhysXCommon_64.dll
 0003:000001a0       __imp_validateConvexMesh   00000001800061a0     PhysXCommon_64:PhysXCommon_64.dll
 0003:000001a8       __imp_computeHullPolygons  00000001800061a8     PhysXCommon_64:PhysXCommon_64.dll
 0003:000001b0       __imp_validateTriangleMesh 00000001800061b0     PhysXCommon_64:PhysXCommon_64.dll
 0003:000001b8       __imp_createTriangleMesh   00000001800061b8     PhysXCommon_64:PhysXCommon_64.dll
 0003:000001c0       __imp_cookTriangleMesh     00000001800061c0     PhysXCommon_64:PhysXCommon_64.dll
 0003:000001c8       __imp_cookTetrahedronMesh  00000001800061c8     PhysXCommon_64:PhysXCommon_64.dll
 0003:000001d0       __imp_createTetrahedronMesh 00000001800061d0     PhysXCommon_64:PhysXCommon_64.dll
 0003:000001d8       __imp_cookSoftBodyMesh     00000001800061d8     PhysXCommon_64:PhysXCommon_64.dll
 0003:000001e0       __imp_createSoftBodyMesh   00000001800061e0     PhysXCommon_64:PhysXCommon_64.dll
 0003:000001e8       __imp_computeModelsMapping 00000001800061e8     PhysXCommon_64:PhysXCommon_64.dll
 0003:000001f0       __imp_computeCollisionData 00000001800061f0     PhysXCommon_64:PhysXCommon_64.dll
 0003:000001f8       __imp_computeSimulationData 00000001800061f8     PhysXCommon_64:PhysXCommon_64.dll
 0003:00000200       __imp_assembleSoftBodyMesh 0000000180006200     PhysXCommon_64:PhysXCommon_64.dll
 0003:00000208       __imp_assembleSoftBodyMesh_Sim 0000000180006208     PhysXCommon_64:PhysXCommon_64.dll
 0003:00000210       __imp_?release@AABBTreeBounds@Gu@physx@@QEAAXXZ 0000000180006210     PhysXCommon_64:PhysXCommon_64.dll
 0003:00000218       __imp_??0BVH@Gu@physx@@QEAA@AEBUPxBVHInternalData@2@@Z 0000000180006218     PhysXCommon_64:PhysXCommon_64.dll
 0003:00000220       \177PhysXCommon_64_NULL_THUNK_DATA_DLA 0000000180006220     PhysXCommon_64:PhysXCommon_64.dll
 0003:00000228       __imp_PxGetBroadcastAllocator 0000000180006228     PhysXFoundation_64:PhysXFoundation_64.dll
 0003:00000230       \177PhysXFoundation_64_NULL_THUNK_DATA_DLA 0000000180006230     PhysXFoundation_64:PhysXFoundation_64.dll
 0003:000002a8       __hmod__PhysXCommon_64_dll 00000001800062a8     PhysXCommon_64:PhysXCommon_64.dll
 0003:000002b0       __hmod__PhysXFoundation_64_dll 00000001800062b0     PhysXFoundation_64:PhysXFoundation_64.dll
 0003:000002b8       ?DloadKernel32@@3PEAUHINSTANCE__@@EA 00000001800062b8     Delayimp:delayhlp.obj
 0003:000002c0       ?DloadAcquireSRWLockExclusive@@3P6AXPEA_K@ZEA 00000001800062c0     Delayimp:delayhlp.obj
 0003:000002c8       ?DloadReleaseSRWLockExclusive@@3P6AXPEA_K@ZEA 00000001800062c8     Delayimp:delayhlp.obj
 0003:000002d0       ?DloadSrwLock@@3_KA        00000001800062d0     Delayimp:delayhlp.obj
 0003:000002d8       ?DloadSectionLockCount@@3KA 00000001800062d8     Delayimp:delayhlp.obj
 0003:000002dc       ?DloadSectionOldProtection@@3KA 00000001800062dc     Delayimp:delayhlp.obj
 0003:000002e0       ?DloadSectionCommitPermanent@@3KA 00000001800062e0     Delayimp:delayhlp.obj
 0003:000002f0       ?__type_info_root_node@@3U__type_info_node@@A 00000001800062f0     MSVCRT:tncleanup.obj
 0003:00000308       ?_OptionsStorage@?1??__local_stdio_printf_options@@9@4_KA 0000000180006308     MSVCRT:default_local_stdio_options.obj
 0003:00000310       ?_OptionsStorage@?1??__local_stdio_scanf_options@@9@4_KA 0000000180006310     MSVCRT:default_local_stdio_options.obj
 0003:00000318       __scrt_current_native_startup_state 0000000180006318     MSVCRT:utility.obj
 0003:00000320       __scrt_native_startup_lock 0000000180006320     MSVCRT:utility.obj
 0003:00000360       __scrt_debugger_hook_flag  0000000180006360     MSVCRT:utility_desktop.obj
 0003:00000364       __favor                    0000000180006364     MSVCRT:cpu_disp.obj
 0003:00000368       __dyn_tls_init_callback    0000000180006368     <common>

 entry point at        0001:00001604

 Static symbols

 0000:ffff6000       .debug$S                   0000000180000000     PhysXCooking_64.exp
 0000:ffff6000       .debug$S                   0000000180000000     PhysXCommon_64:PhysXCommon_64.dll
 0000:ffff6000       .debug$S                   0000000180000000     PhysXCommon_64:PhysXCommon_64.dll
 0000:ffff6000       .debug$S                   0000000180000000     PhysXCommon_64:PhysXCommon_64.dll
 0000:ffff6000       .debug$S                   0000000180000000     PhysXCommon_64:PhysXCommon_64.dll
 0000:ffff6000       .debug$S                   0000000180000000     PhysXCommon_64:PhysXCommon_64.dll
 0000:ffff6000       .debug$S                   0000000180000000     PhysXCommon_64:PhysXCommon_64.dll
 0000:ffff6000       .debug$S                   0000000180000000     PhysXCommon_64:PhysXCommon_64.dll
 0000:ffff6000       .debug$S                   0000000180000000     PhysXCommon_64:PhysXCommon_64.dll
 0000:ffff6000       .debug$S                   0000000180000000     PhysXCommon_64:PhysXCommon_64.dll
 0000:ffff6000       .debug$S                   0000000180000000     PhysXCommon_64:PhysXCommon_64.dll
 0000:ffff6000       .debug$S                   0000000180000000     PhysXCommon_64:PhysXCommon_64.dll
 0000:ffff6000       .debug$S                   0000000180000000     PhysXCommon_64:PhysXCommon_64.dll
 0000:ffff6000       .debug$S                   0000000180000000     PhysXCommon_64:PhysXCommon_64.dll
 0000:ffff6000       .debug$S                   0000000180000000     PhysXCommon_64:PhysXCommon_64.dll
 0000:ffff6000       .debug$S                   0000000180000000     PhysXCommon_64:PhysXCommon_64.dll
 0000:ffff6000       .debug$S                   0000000180000000     PhysXCommon_64:PhysXCommon_64.dll
 0000:ffff6000       .debug$S                   0000000180000000     PhysXCommon_64:PhysXCommon_64.dll
 0000:ffff6000       .debug$S                   0000000180000000     PhysXCommon_64:PhysXCommon_64.dll
 0000:ffff6000       .debug$S                   0000000180000000     PhysXCommon_64:PhysXCommon_64.dll
 0000:ffff6000       .debug$S                   0000000180000000     PhysXCommon_64:PhysXCommon_64.dll
 0000:ffff6000       .debug$S                   0000000180000000     PhysXCommon_64:PhysXCommon_64.dll
 0000:ffff6000       .debug$S                   0000000180000000     PhysXCommon_64:PhysXCommon_64.dll
 0000:ffff6000       .debug$S                   0000000180000000     PhysXCommon_64:PhysXCommon_64.dll
 0000:ffff6000       .debug$S                   0000000180000000     PhysXCommon_64:PhysXCommon_64.dll
 0000:ffff6000       .debug$S                   0000000180000000     PhysXFoundation_64:PhysXFoundation_64.dll
 0000:ffff6000       .debug$S                   0000000180000000     ucrt:api-ms-win-crt-heap-l1-1-0.dll
 0000:ffff6000       .debug$S                   0000000180000000     ucrt:api-ms-win-crt-runtime-l1-1-0.dll
 0000:ffff6000       .debug$S                   0000000180000000     ucrt:api-ms-win-crt-runtime-l1-1-0.dll
 0000:ffff6000       .debug$S                   0000000180000000     ucrt:api-ms-win-crt-runtime-l1-1-0.dll
 0000:ffff6000       .debug$S                   0000000180000000     ucrt:api-ms-win-crt-runtime-l1-1-0.dll
 0000:ffff6000       .debug$S                   0000000180000000     ucrt:api-ms-win-crt-runtime-l1-1-0.dll
 0000:ffff6000       .debug$S                   0000000180000000     ucrt:api-ms-win-crt-runtime-l1-1-0.dll
 0000:ffff6000       .debug$S                   0000000180000000     ucrt:api-ms-win-crt-runtime-l1-1-0.dll
 0000:ffff6000       .debug$S                   0000000180000000     ucrt:api-ms-win-crt-runtime-l1-1-0.dll
 0000:ffff6000       .debug$S                   0000000180000000     ucrt:api-ms-win-crt-runtime-l1-1-0.dll
 0000:ffff6000       .debug$S                   0000000180000000     ucrt:api-ms-win-crt-runtime-l1-1-0.dll
 0000:ffff6000       .debug$S                   0000000180000000     ucrt:api-ms-win-crt-runtime-l1-1-0.dll
 0000:ffff6000       .debug$S                   0000000180000000     ucrt:api-ms-win-crt-runtime-l1-1-0.dll
 0000:ffff6000       .debug$S                   0000000180000000     kernel32:KERNEL32.dll
 0000:ffff6000       .debug$S                   0000000180000000     kernel32:KERNEL32.dll
 0000:ffff6000       .debug$S                   0000000180000000     kernel32:KERNEL32.dll
 0000:ffff6000       .debug$S                   0000000180000000     kernel32:KERNEL32.dll
 0000:ffff6000       .debug$S                   0000000180000000     kernel32:KERNEL32.dll
 0000:ffff6000       .debug$S                   0000000180000000     kernel32:KERNEL32.dll
 0000:ffff6000       .debug$S                   0000000180000000     kernel32:KERNEL32.dll
 0000:ffff6000       .debug$S                   0000000180000000     kernel32:KERNEL32.dll
 0000:ffff6000       .debug$S                   0000000180000000     kernel32:KERNEL32.dll
 0000:ffff6000       .debug$S                   0000000180000000     kernel32:KERNEL32.dll
 0000:ffff6000       .debug$S                   0000000180000000     kernel32:KERNEL32.dll
 0000:ffff6000       .debug$S                   0000000180000000     kernel32:KERNEL32.dll
 0000:ffff6000       .debug$S                   0000000180000000     kernel32:KERNEL32.dll
 0000:ffff6000       .debug$S                   0000000180000000     kernel32:KERNEL32.dll
 0000:ffff6000       .debug$S                   0000000180000000     kernel32:KERNEL32.dll
 0000:ffff6000       .debug$S                   0000000180000000     kernel32:KERNEL32.dll
 0000:ffff6000       .debug$S                   0000000180000000     kernel32:KERNEL32.dll
 0000:ffff6000       .debug$S                   0000000180000000     kernel32:KERNEL32.dll
 0000:ffff6000       .debug$S                   0000000180000000     kernel32:KERNEL32.dll
 0000:ffff6000       .debug$S                   0000000180000000     kernel32:KERNEL32.dll
 0000:ffff6000       .debug$S                   0000000180000000     kernel32:KERNEL32.dll
 0000:ffff6000       .debug$S                   0000000180000000     kernel32:KERNEL32.dll
 0000:ffff6000       .debug$S                   0000000180000000     kernel32:KERNEL32.dll
 0000:ffff6000       .debug$S                   0000000180000000     kernel32:KERNEL32.dll
 0000:ffff6000       .debug$S                   0000000180000000     vcruntime:VCRUNTIME140.dll
 0000:ffff6000       .debug$S                   0000000180000000     vcruntime:VCRUNTIME140.dll
 0000:ffff6000       .debug$S                   0000000180000000     vcruntime:VCRUNTIME140.dll
 0000:ffff6000       .debug$S                   0000000180000000     vcruntime:VCRUNTIME140.dll
 0000:ffff6000       .debug$S                   0000000180000000     vcruntime:VCRUNTIME140.dll
 0000:ffff6000       .debug$S                   0000000180000000     vcruntime:VCRUNTIME140.dll
 0000:ffff6000       .debug$S                   0000000180000000     vcruntime:VCRUNTIME140.dll
 0000:ffff6000       .debug$S                   0000000180000000     vcruntime:VCRUNTIME140.dll
 0000:ffff6000       .debug$S                   0000000180000000     vcruntime:VCRUNTIME140.dll
 0001:00000000       ??__EmaxFError@vecMathTests@aos@physx@@YAXXZ 0000000180001000 f   Cooking.obj
 0001:00000010       ??__EmaxV3Error@vecMathTests@aos@physx@@YAXXZ 0000000180001010 f   Cooking.obj
 0001:00000020       ??__EmaxV4Error@vecMathTests@aos@physx@@YAXXZ 0000000180001020 f   Cooking.obj
 0001:00000030       ??__EminFError@vecMathTests@aos@physx@@YAXXZ 0000000180001030 f   Cooking.obj
 0001:00000040       ??__EminV3Error@vecMathTests@aos@physx@@YAXXZ 0000000180001040 f   Cooking.obj
 0001:00000050       ??__EminV4Error@vecMathTests@aos@physx@@YAXXZ 0000000180001050 f   Cooking.obj
 0001:00000930       $LN24                      0000000180001930     WindowsCookingDelayLoadHook.obj
 0001:000012e8       ?dllmain_crt_dispatch@@YAHQEAUHINSTANCE__@@KQEAX@Z 00000001800022e8 f   MSVCRT:dll_dllmain.obj
 0001:00001338       ?dllmain_crt_process_attach@@YAHQEAUHINSTANCE__@@QEAX@Z 0000000180002338 f   MSVCRT:dll_dllmain.obj
 0001:00001450       ?dllmain_crt_process_detach@@YAH_N@Z 0000000180002450 f   MSVCRT:dll_dllmain.obj
 0001:000014d0       ?dllmain_dispatch@@YAHQEAUHINSTANCE__@@KQEAX@Z 00000001800024d0 f   MSVCRT:dll_dllmain.obj
 0001:00001e60       $$000000                   0000000180002e60     MSVCRT:guard_dispatch.obj
 0001:00001e80       $$000000                   0000000180002e80     MSVCRT:guard_xfg_dispatch.obj
 0001:00001e96       ?fin$0@?0??dllmain_crt_process_attach@@YAHQEAUHINSTANCE__@@QEAX@Z@4HA 0000000180002e96 f   MSVCRT:dll_dllmain.obj
 0001:00001ead       ?fin$0@?0??dllmain_crt_process_detach@@YAH_N@Z@4HA 0000000180002ead f   MSVCRT:dll_dllmain.obj
 0001:00001ec6       ?fin$1@?0??dllmain_crt_process_detach@@YAH_N@Z@4HA 0000000180002ec6 f   MSVCRT:dll_dllmain.obj
 0001:00001eda       ?filt$0@?0??dllmain_dispatch@@YAHQEAUHINSTANCE__@@KQEAX@Z@4HA 0000000180002eda f   MSVCRT:dll_dllmain.obj
 0001:00001f10       __scrt_is_nonwritable_in_current_image$filt$0 0000000180002f10 f   MSVCRT:utility.obj
 0002:00000198       ?minFError$initializer$@vecMathTests@aos@physx@@3P6AXXZEA 0000000180003198     Cooking.obj
 0002:000001a0       ?maxFError$initializer$@vecMathTests@aos@physx@@3P6AXXZEA 00000001800031a0     Cooking.obj
 0002:000001a8       ?minV3Error$initializer$@vecMathTests@aos@physx@@3P6AXXZEA 00000001800031a8     Cooking.obj
 0002:000001b0       ?maxV3Error$initializer$@vecMathTests@aos@physx@@3P6AXXZEA 00000001800031b0     Cooking.obj
 0002:000001b8       ?minV4Error$initializer$@vecMathTests@aos@physx@@3P6AXXZEA 00000001800031b8     Cooking.obj
 0002:000001c0       ?maxV4Error$initializer$@vecMathTests@aos@physx@@3P6AXXZEA 00000001800031c0     Cooking.obj
 0002:00000200       ?minus1w@?A0x7cb96c2f@aos@physx@@3QBMB 0000000180003200     Cooking.obj
 0002:00000210       ?gMaskXYZ@internalWindowsSimd@aos@physx@@3QBIB 0000000180003210     Cooking.obj
 0002:00000ab8       $unwind$??_EPxFoundation@physx@@MEAAPEAXI@Z 0000000180003ab8     Cooking.obj
 0002:00000ab8       $unwind$?DloadAcquireSectionWriteAccess@@YAXXZ 0000000180003ab8     Delayimp:delayhlp.obj
 0002:00000ab8       $unwind$??_Gtype_info@@UEAAPEAXI@Z 0000000180003ab8     MSVCRT:std_type_info_static.obj
 0002:00000ab8       $unwind$__scrt_initialize_onexit_tables 0000000180003ab8     MSVCRT:utility.obj
 0002:00000ab8       $unwind$__scrt_release_startup_lock 0000000180003ab8     MSVCRT:utility.obj
 0002:00000ab8       $unwind$__scrt_uninitialize_crt 0000000180003ab8     MSVCRT:utility.obj
 0002:00000ac0       $chain$0$??_EPxFoundation@physx@@MEAAPEAXI@Z 0000000180003ac0     Cooking.obj
 0002:00000ad4       $chain$1$??_EPxFoundation@physx@@MEAAPEAXI@Z 0000000180003ad4     Cooking.obj
 0002:00000ae4       $unwind$??1AABBTreeBuildParams@Gu@physx@@QEAA@XZ 0000000180003ae4     Cooking.obj
 0002:00000ae4       $unwind$?reset@AABBTreeBuildParams@Gu@physx@@QEAAXXZ 0000000180003ae4     Cooking.obj
 0002:00000ae4       $unwind$_DllMainCRTStartup 0000000180003ae4     MSVCRT:dll_dllmain.obj
 0002:00000af4       $unwind$?allocate@?$PxArray@USlab@NodeAllocator@Gu@physx@@V?$PxReflectionAllocator@USlab@NodeAllocator@Gu@physx@@@4@@physx@@IEAAPEAUSlab@NodeAllocator@Gu@2@IPEAI@Z 0000000180003af4     Cooking.obj
 0002:00000afc       $chain$0$?allocate@?$PxArray@USlab@NodeAllocator@Gu@physx@@V?$PxReflectionAllocator@USlab@NodeAllocator@Gu@physx@@@4@@physx@@IEAAPEAUSlab@NodeAllocator@Gu@2@IPEAI@Z 0000000180003afc     Cooking.obj
 0002:00000b10       $chain$3$?allocate@?$PxArray@USlab@NodeAllocator@Gu@physx@@V?$PxReflectionAllocator@USlab@NodeAllocator@Gu@physx@@@4@@physx@@IEAAPEAUSlab@NodeAllocator@Gu@2@IPEAI@Z 0000000180003b10     Cooking.obj
 0002:00000b28       $chain$4$?allocate@?$PxArray@USlab@NodeAllocator@Gu@physx@@V?$PxReflectionAllocator@USlab@NodeAllocator@Gu@physx@@@4@@physx@@IEAAPEAUSlab@NodeAllocator@Gu@2@IPEAI@Z 0000000180003b28     Cooking.obj
 0002:00000b38       $unwind$?recreate@?$PxArray@USlab@NodeAllocator@Gu@physx@@V?$PxReflectionAllocator@USlab@NodeAllocator@Gu@physx@@@4@@physx@@IEAAXI@Z 0000000180003b38     Cooking.obj
 0002:00000b44       $chain$0$?recreate@?$PxArray@USlab@NodeAllocator@Gu@physx@@V?$PxReflectionAllocator@USlab@NodeAllocator@Gu@physx@@@4@@physx@@IEAAXI@Z 0000000180003b44     Cooking.obj
 0002:00000b58       $chain$1$?recreate@?$PxArray@USlab@NodeAllocator@Gu@physx@@V?$PxReflectionAllocator@USlab@NodeAllocator@Gu@physx@@@4@@physx@@IEAAXI@Z 0000000180003b58     Cooking.obj
 0002:00000b68       $chain$2$?recreate@?$PxArray@USlab@NodeAllocator@Gu@physx@@V?$PxReflectionAllocator@USlab@NodeAllocator@Gu@physx@@@4@@physx@@IEAAXI@Z 0000000180003b68     Cooking.obj
 0002:00000b7c       $chain$3$?recreate@?$PxArray@USlab@NodeAllocator@Gu@physx@@V?$PxReflectionAllocator@USlab@NodeAllocator@Gu@physx@@@4@@physx@@IEAAXI@Z 0000000180003b7c     Cooking.obj
 0002:00000b8c       $unwind$??$copy@V?$PxReflectionAllocator@USlab@NodeAllocator@Gu@physx@@@physx@@@?$PxArray@USlab@NodeAllocator@Gu@physx@@V?$PxReflectionAllocator@USlab@NodeAllocator@Gu@physx@@@4@@physx@@IEAAXAEBV01@@Z 0000000180003b8c     Cooking.obj
 0002:00000b8c       $unwind$??0NodeAllocator@Gu@physx@@QEAA@AEBV012@@Z 0000000180003b8c     Cooking.obj
 0002:00000b8c       $unwind$?DloadGetSRWLockFunctionPointers@@YAEXZ 0000000180003b8c     Delayimp:delayhlp.obj
 0002:00000b8c       $unwind$_RTC_Initialize    0000000180003b8c     MSVCRT:initsect.obj
 0002:00000b8c       $unwind$_RTC_Terminate     0000000180003b8c     MSVCRT:initsect.obj
 0002:00000b98       $unwind$??4NodeAllocator@Gu@physx@@QEAAAEAV012@AEBV012@@Z 0000000180003b98     Cooking.obj
 0002:00000bac       $unwind$PxCreateBVHInternal 0000000180003bac     Cooking.obj
 0002:00000bac       $unwind$PxCreateTriangleMeshInternal 0000000180003bac     Cooking.obj
 0002:00000bb8       $unwind$?cookingDelayHook@@YAP6A_JXZIPEAUDelayLoadInfo@@@Z 0000000180003bb8     WindowsCookingDelayLoadHook.obj
 0002:00000bb8       $unwind$?DloadReleaseSectionWriteAccess@@YAXXZ 0000000180003bb8     Delayimp:delayhlp.obj
 0002:00000bb8       $unwind$__scrt_initialize_default_local_stdio_options 0000000180003bb8     MSVCRT:default_local_stdio_options.obj
 0002:00000bb8       $unwind$?dllmain_crt_dispatch@@YAHQEAUHINSTANCE__@@KQEAX@Z 0000000180003bb8     MSVCRT:dll_dllmain.obj
 0002:00000bb8       $unwind$DllMain            0000000180003bb8     MSVCRT:dll_dllmain_stub.obj
 0002:00000bb8       $unwind$__scrt_acquire_startup_lock 0000000180003bb8     MSVCRT:utility.obj
 0002:00000bb8       $unwind$__scrt_dllmain_after_initialize_c 0000000180003bb8     MSVCRT:utility.obj
 0002:00000bb8       $unwind$__scrt_dllmain_before_initialize_c 0000000180003bb8     MSVCRT:utility.obj
 0002:00000bb8       $unwind$__scrt_dllmain_crt_thread_attach 0000000180003bb8     MSVCRT:utility.obj
 0002:00000bb8       $unwind$__scrt_dllmain_crt_thread_detach 0000000180003bb8     MSVCRT:utility.obj
 0002:00000bb8       $unwind$__scrt_dllmain_uninitialize_c 0000000180003bb8     MSVCRT:utility.obj
 0002:00000bb8       $unwind$__scrt_dllmain_uninitialize_critical 0000000180003bb8     MSVCRT:utility.obj
 0002:00000bb8       $unwind$__scrt_initialize_crt 0000000180003bb8     MSVCRT:utility.obj
 0002:00000bc0       $chain$1$?cookingDelayHook@@YAP6A_JXZIPEAUDelayLoadInfo@@@Z 0000000180003bc0     WindowsCookingDelayLoadHook.obj
 0002:00000bd8       $chain$3$?cookingDelayHook@@YAP6A_JXZIPEAUDelayLoadInfo@@@Z 0000000180003bd8     WindowsCookingDelayLoadHook.obj
 0002:00000bd8       $chain$5$?cookingDelayHook@@YAP6A_JXZIPEAUDelayLoadInfo@@@Z 0000000180003bd8     WindowsCookingDelayLoadHook.obj
 0002:00000bf0       $chain$6$?cookingDelayHook@@YAP6A_JXZIPEAUDelayLoadInfo@@@Z 0000000180003bf0     WindowsCookingDelayLoadHook.obj
 0002:00000c00       xdata                      0000000180003c00     PhysXCommon_64:PhysXCommon_64.dll
 0002:00000c08       xdata                      0000000180003c08     PhysXFoundation_64:PhysXFoundation_64.dll
 0002:00000c10       $unwind$?DloadObtainSection@@YAPEAXPEAK0@Z 0000000180003c10     Delayimp:delayhlp.obj
 0002:00000c20       $unwind$?DloadMakePermanentImageCommit@@YAXPEAX_K@Z 0000000180003c20     Delayimp:delayhlp.obj
 0002:00000c2c       $unwind$?DloadProtectSection@@YAXKPEAK@Z 0000000180003c2c     Delayimp:delayhlp.obj
 0002:00000c3c       $unwind$__delayLoadHelper2 0000000180003c3c     Delayimp:delayhlp.obj
 0002:00000c58       $unwind$?dllmain_crt_process_attach@@YAHQEAUHINSTANCE__@@QEAX@Z 0000000180003c58     MSVCRT:dll_dllmain.obj
 0002:00000c94       $unwind$?fin$0@?0??dllmain_crt_process_attach@@YAHQEAUHINSTANCE__@@QEAX@Z@4HA 0000000180003c94     MSVCRT:dll_dllmain.obj
 0002:00000c94       $unwind$?fin$0@?0??dllmain_crt_process_detach@@YAH_N@Z@4HA 0000000180003c94     MSVCRT:dll_dllmain.obj
 0002:00000c94       $unwind$?fin$1@?0??dllmain_crt_process_detach@@YAH_N@Z@4HA 0000000180003c94     MSVCRT:dll_dllmain.obj
 0002:00000c9c       $unwind$?dllmain_crt_process_detach@@YAH_N@Z 0000000180003c9c     MSVCRT:dll_dllmain.obj
 0002:00000cf0       $unwind$?dllmain_dispatch@@YAHQEAUHINSTANCE__@@KQEAX@Z 0000000180003cf0     MSVCRT:dll_dllmain.obj
 0002:00000d18       $unwind$?filt$0@?0??dllmain_dispatch@@YAHQEAUHINSTANCE__@@KQEAX@Z@4HA 0000000180003d18     MSVCRT:dll_dllmain.obj
 0002:00000d20       $unwind$__security_init_cookie 0000000180003d20     MSVCRT:gs_support.obj
 0002:00000d2c       $unwind$__scrt_is_nonwritable_in_current_image 0000000180003d2c     MSVCRT:utility.obj
 0002:00000d4c       $unwind$__scrt_is_nonwritable_in_current_image$filt$0 0000000180003d4c     MSVCRT:utility.obj
 0002:00000d54       $unwind$__scrt_dllmain_exception_filter 0000000180003d54     MSVCRT:utility.obj
 0002:00000d68       $unwind$__scrt_fastfail    0000000180003d68     MSVCRT:utility_desktop.obj
 0002:00000d78       $xdatasym                  0000000180003d78     MSVCRT:guard_dispatch.obj
 0002:00000d80       $xdatasym                  0000000180003d80     MSVCRT:guard_xfg_dispatch.obj
 0002:00000d84       $unwind$__isa_available_init 0000000180003d84     MSVCRT:cpu_disp.obj
 0002:00001340       .edata                     0000000180004340     PhysXCooking_64.exp
 0002:00001368       rgpv                       0000000180004368     PhysXCooking_64.exp
 0002:00001450       rgszName                   0000000180004450     PhysXCooking_64.exp
 0002:00001538       rgwOrd                     0000000180004538     PhysXCooking_64.exp
 0002:000015ac       szName                     00000001800045ac     PhysXCooking_64.exp
 0002:000015c0       $N00001                    00000001800045c0     PhysXCooking_64.exp
 0002:000015e4       $N00002                    00000001800045e4     PhysXCooking_64.exp
 0002:00001613       $N00003                    0000000180004613     PhysXCooking_64.exp
 0002:0000163a       $N00004                    000000018000463a     PhysXCooking_64.exp
 0002:00001691       $N00005                    0000000180004691     PhysXCooking_64.exp
 0002:000016bc       $N00006                    00000001800046bc     PhysXCooking_64.exp
 0002:000016e2       $N00007                    00000001800046e2     PhysXCooking_64.exp
 0002:00001701       $N00008                    0000000180004701     PhysXCooking_64.exp
 0002:00001725       $N00009                    0000000180004725     PhysXCooking_64.exp
 0002:0000174c       $N00010                    000000018000474c     PhysXCooking_64.exp
 0002:00001775       $N00011                    0000000180004775     PhysXCooking_64.exp
 0002:00001794       $N00012                    0000000180004794     PhysXCooking_64.exp
 0002:000017c7       $N00013                    00000001800047c7     PhysXCooking_64.exp
 0002:000017fd       $N00014                    00000001800047fd     PhysXCooking_64.exp
 0002:00001835       $N00015                    0000000180004835     PhysXCooking_64.exp
 0002:00001867       $N00016                    0000000180004867     PhysXCooking_64.exp
 0002:00001893       $N00017                    0000000180004893     PhysXCooking_64.exp
 0002:000018af       $N00018                    00000001800048af     PhysXCooking_64.exp
 0002:000018d9       $N00019                    00000001800048d9     PhysXCooking_64.exp
 0002:00001915       $N00020                    0000000180004915     PhysXCooking_64.exp
 0002:00001950       $N00021                    0000000180004950     PhysXCooking_64.exp
 0002:0000198b       $N00022                    000000018000498b     PhysXCooking_64.exp
 0002:000019c0       $N00023                    00000001800049c0     PhysXCooking_64.exp
 0002:000019fc       $N00024                    00000001800049fc     PhysXCooking_64.exp
 0002:00001a2f       $N00025                    0000000180004a2f     PhysXCooking_64.exp
 0002:00001a62       $N00026                    0000000180004a62     PhysXCooking_64.exp
 0002:00001a9c       $N00027                    0000000180004a9c     PhysXCooking_64.exp
 0002:00001ad6       $N00028                    0000000180004ad6     PhysXCooking_64.exp
 0002:00001b03       $N00029                    0000000180004b03     PhysXCooking_64.exp
 0002:00001b36       $N00030                    0000000180004b36     PhysXCooking_64.exp
 0002:00001b64       $N00031                    0000000180004b64     PhysXCooking_64.exp
 0002:00001b91       $N00032                    0000000180004b91     PhysXCooking_64.exp
 0002:00001bcd       $N00033                    0000000180004bcd     PhysXCooking_64.exp
 0002:00001c0a       $N00034                    0000000180004c0a     PhysXCooking_64.exp
 0002:00001c3a       $N00035                    0000000180004c3a     PhysXCooking_64.exp
 0002:00001c51       $N00036                    0000000180004c51     PhysXCooking_64.exp
 0002:00001c6c       $N00037                    0000000180004c6c     PhysXCooking_64.exp
 0002:00001c83       $N00038                    0000000180004c83     PhysXCooking_64.exp
 0002:00001c99       $N00039                    0000000180004c99     PhysXCooking_64.exp
 0002:00001cb0       $N00040                    0000000180004cb0     PhysXCooking_64.exp
 0002:00001cc8       $N00041                    0000000180004cc8     PhysXCooking_64.exp
 0002:00001cd2       $N00042                    0000000180004cd2     PhysXCooking_64.exp
 0002:00001ce3       $N00043                    0000000180004ce3     PhysXCooking_64.exp
 0002:00001cf5       $N00044                    0000000180004cf5     PhysXCooking_64.exp
 0002:00001d08       $N00045                    0000000180004d08     PhysXCooking_64.exp
 0002:00001d1e       $N00046                    0000000180004d1e     PhysXCooking_64.exp
 0002:00001d31       $N00047                    0000000180004d31     PhysXCooking_64.exp
 0002:00001d3d       $N00048                    0000000180004d3d     PhysXCooking_64.exp
 0002:00001d51       $N00049                    0000000180004d51     PhysXCooking_64.exp
 0002:00001d64       $N00050                    0000000180004d64     PhysXCooking_64.exp
 0002:00001d78       $N00051                    0000000180004d78     PhysXCooking_64.exp
 0002:00001d8d       $N00052                    0000000180004d8d     PhysXCooking_64.exp
 0002:00001da5       $N00053                    0000000180004da5     PhysXCooking_64.exp
 0002:00001dba       $N00054                    0000000180004dba     PhysXCooking_64.exp
 0002:00001dd7       $N00055                    0000000180004dd7     PhysXCooking_64.exp
 0002:00001df8       $N00056                    0000000180004df8     PhysXCooking_64.exp
 0002:00001e17       $N00057                    0000000180004e17     PhysXCooking_64.exp
 0002:00001e2c       $N00058                    0000000180004e2c     PhysXCooking_64.exp
 0002:00002010       .idata$6                   0000000180005010     kernel32:KERNEL32.dll
 0002:0000208e       .idata$6                   000000018000508e     vcruntime:VCRUNTIME140.dll
 0002:00002158       .idata$6                   0000000180005158     ucrt:api-ms-win-crt-heap-l1-1-0.dll
 0002:00002178       .idata$6                   0000000180005178     ucrt:api-ms-win-crt-runtime-l1-1-0.dll
 0003:00000240       ?maxV3Error@vecMathTests@aos@physx@@3T__m128@@B 0000000180006240     Cooking.obj
 0003:00000250       ?minFError@vecMathTests@aos@physx@@3T__m128@@B 0000000180006250     Cooking.obj
 0003:00000260       ?maxV4Error@vecMathTests@aos@physx@@3T__m128@@B 0000000180006260     Cooking.obj
 0003:00000270       ?minV4Error@vecMathTests@aos@physx@@3T__m128@@B 0000000180006270     Cooking.obj
 0003:00000280       ?minV3Error@vecMathTests@aos@physx@@3T__m128@@B 0000000180006280     Cooking.obj
 0003:00000290       ?maxFError@vecMathTests@aos@physx@@3T__m128@@B 0000000180006290     Cooking.obj
 0003:000002a0       ?gCookingDelayLoadHook@@3PEBVPxDelayLoadHook@physx@@EB 00000001800062a0     WindowsCookingDelayLoadHook.obj
 0003:00000300       ?__proc_attached@@3HA      0000000180006300     MSVCRT:dll_dllmain.obj
 0003:00000328       ?is_initialized_as_dll@@3_NA 0000000180006328     MSVCRT:utility.obj
 0003:00000329       ?module_local_atexit_table_initialized@@3_NA 0000000180006329     MSVCRT:utility.obj
 0003:00000330       ?module_local_atexit_table@@3U_onexit_table_t@@A 0000000180006330     MSVCRT:utility.obj
 0003:00000348       ?module_local_at_quick_exit_table@@3U_onexit_table_t@@A 0000000180006348     MSVCRT:utility.obj
 0005:000000a0       $R000000                   00000001800080a0     PhysXCooking.res
 0005:000003d0       $R000330                   00000001800083d0     PhysXCooking.res
